<html>
<body>
<pre>
<h1>礦ision Build Log</h1>
<h2>Tool Versions:</h2>
IDE-Version: μVision V5.12.0.0
Copyright (C) 2014 ARM Ltd and ARM Germany GmbH. All rights reserved.
License Information: 123 AutoBVT, Microsoft, LIC=QF82Z-J8IH6-SBUEJ-U4SMR-5AINQ-0ID0P
 
Tool Versions:
Toolchain:       MDK-ARM Standard  Version: 5.12.0.0
Toolchain Path:  D:\Keil_v5\ARM\ARMCC\Bin
C Compiler:      Armcc.exe V5.05 (build 41)
Assembler:       Armasm.exe V5.05 (build 41)
Linker/Locator:  ArmLink.exe V5.05 (build 41)
Library Manager: ArmAr.exe V5.05 (build 41)
Hex Converter:   FromElf.exe V5.05 (build 41)
CPU DLL:         SARM.DLL V5.12.0.0
Dialog DLL:      DARMP3.DLL
    Target DLL: Segger\JLTAgdi.dll
Dialog DLL:      TARMP3.DLL V1.02
 
<h2>Project:</h2>
C:\Users\Administrator\Desktop\新建文件夹\BK3435_designkit_V3.9.0C0C_Deepsleep_IOext\projects\ble_app_gatt\bk3435.uvproj
Project File Date:  12/03/2019

<h2>Output:</h2>
Rebuild target 'BK3435_app'
compiling arch_main.c...
assembling boot_handlers.s...
assembling boot_vectors.s...
compiling rwble_hl.c...
compiling rwble.c...
compiling rwip.c...
compiling icu.c...
compiling gpio.c...
compiling flash.c...
compiling emi.c...
compiling adc.c...
compiling intc.c...
compiling wdt.c...
compiling pwm.c...
compiling timer.c...
compiling uart.c...
compiling rf_xvr.c...
compiling bass.c...
compiling bass_task.c...
compiling diss.c...
compiling diss_task.c...
compiling fff0s.c...
compiling fff0s_task.c...
compiling oads.c...
compiling oads_task.c...
compiling prf.c...
compiling prf_utils.c...
compiling app.c...
compiling app_batt.c...
compiling app_dis.c...
compiling app_fff0.c...
compiling app_oads.c...
compiling app_task.c...
linking...
Program Size: Code=23774 RO-data=1550 RW-data=104 ZI-data=7752  
After Build - User command #1: fromelf --bin --output .\output\app\bk3435_ble_app.bin .\obj\bk3435_ble_app.axf
After Build - User command #2: .\output\encrypt_app.bat
C:\Users\Administrator\Desktop\新建文件夹\BK3435_designkit_V3.9.0C0C_Deepsleep_IOext\projects\ble_app_gatt>.\output\BinConvert_3435_OAD  -oad .\output\bim\bk3435_ble_bim.bin  .\output\stack\bk3435_ble_stack.bin  .\output\app\bk3435_ble_app.bin -m 0x1F00 -l 0x1E200 -v 0x1111 -rom_v 0x000C -e 00000000 00000000 00000000 00000000 
cmd_bin_oad.stack_file_addr :0x1f00
binary version hex:0x1111; dec:4369
Arm Image Binary will be converted to OAD format binary file.....
cmd_bin_oad.stack_file_addr=1f00
boot_bin_len=1c40
add stack bin start
        Encrypt Seccessfully!
        File Size: 0x26a3e
oad_stack_app_bin_len=24a00
oad_app_bin_len=6ad0
f4 de f6 62 11 11 b4 1a 42 42 42 42 ff ff 0c 00 /**< @CREATE_FILE_SUCCESS */
/**< @Download flash file:.\output\app\bk3435_ble_app_merge_crc.bin
/**< @OAD file :.\output\app\bk3435_ble_app_stack_oad.bin,CRC = 0xe3d55e6f
/**< @OAD file :.\output\app\bk3435_ble_app_oad.bin,CRC = 0x62f6def4
/**< @author <gang.cheng@bekencorp.com> */
/**< @version v0.3 */
".\obj\bk3435_ble_app.axf" - 0 Error(s), 0 Warning(s).
</pre>
</body>
</html>
