<html>
<body>
<pre>
<h1>礦ision Build Log</h1>
<h2>Tool Versions:</h2>
IDE-Version: μVision V5.27.0.0
Copyright (C) 2018 ARM Ltd and ARM Germany GmbH. All rights reserved.
License Information: fa da, ttttt, LIC=585FJ-UHT4D-45WT5-G7R4P-DCAL1-6AJPJ
 
Tool Versions:
Toolchain:       MDK-ARM Plus  Version: 5.27.0.0
Toolchain Path:  C:\Keil_v5\ARM\ARMCC\Bin
C Compiler:      Armcc.exe V5.06 update 6 (build 750)
Assembler:       Armasm.exe V5.06 update 6 (build 750)
Linker/Locator:  ArmLink.exe V5.06 update 6 (build 750)
Library Manager: ArmAr.exe V5.06 update 6 (build 750)
Hex Converter:   FromElf.exe V5.06 update 6 (build 750)
CPU DLL:         SARM.DLL V5.27.0.0
Dialog DLL:      DARMP3.DLL
Target DLL:      Segger\JLTAgdi.dll V1.61.0.0
Dialog DLL:      TARMP3.DLL V1.4.0.0
 
<h2>Project:</h2>
E:\jim\project\A2021\CDWorkingroom1\RF331E\技术文档\bk3432\sdk\SDK\projects\ble_app_gatt_scan_advertising\bk3432.uvproj
Project File Date:  05/10/2021

<h2>Output:</h2>
*** Using Compiler 'V5.06 update 6 (build 750)', folder: 'C:\Keil_v5\ARM\ARMCC\Bin'
Build target 'BK3432_app'
assembling boot_handlers.s...
assembling boot_vectors.s...
compiling arch_main.c...
compiling rwble_hl.c...
compiling rwble.c...
compiling emi.c...
compiling rwip.c...
compiling flash.c...
compiling gpio.c...
compiling icu.c...
compiling intc.c...
compiling pwm.c...
compiling timer.c...
compiling wdt.c...
compiling uart.c...
compiling rf_xvr.c...
compiling adc.c...
..\..\sdk\plactform\driver\adc\adc.c(74): warning:  #223-D: function "Delay" declared implicitly
          Delay(10);
..\..\sdk\plactform\driver\adc\adc.c: 1 warning, 0 errors
compiling bass_task.c...
compiling bass.c...
compiling diss.c...
compiling diss_task.c...
compiling fff0s.c...
compiling fff0s_task.c...
compiling oads_task.c...
compiling prf.c...
compiling oads.c...
compiling prf_utils.c...
compiling app_batt.c...
compiling app.c...
compiling app_dis.c...
compiling app_fff0.c...
compiling app_oads.c...
compiling app_task.c...
app\app_task.c(222): warning:  #223-D: function "appm_start_scanning" declared implicitly
                      appm_start_scanning();    
app\app_task.c(582): warning:  #223-D: function "appm_stop_scanning" declared implicitly
  	appm_stop_scanning();
app\app_task.c(791): warning:  #223-D: function "rf_rssi_convert" declared implicitly
      int8_t adv_rssi = rf_rssi_convert(rssi_get) ;
app\app_task.c: 3 warnings, 0 errors
linking...
Program Size: Code=21354 RO-data=1418 RW-data=84 ZI-data=9012  
After Build - User command #1: fromelf --bin --output .\output\app\bk3432_ble_app.bin .\obj\bk3432_ble_app.axf
After Build - User command #2: .\output\encrypt_app.bat
E:\jim\project\A2021\CDWorkingroom1\RF331E\技术文档\bk3432\sdk\SDK\projects\ble_app_gatt_scan_advertising>.\output\BinConvert_3432.exe  -oad .\output\bim\bk3432_ble_bim.bin  .\output\stack\bk3432_ble_stack.bin  .\output\app\bk3432_ble_app.bin -m 0x2020 -l 0x1b020 -v 0x1111 -rom_v 0x0004 -e 00000000 00000000 00000000 00000000 
cmd_bin_oad.stack_file_addr :0x2020
binary version hex:0x1111; dec:4369
Arm Image Binary will be converted to OAD format binary file.....
cmd_bin_oad.stack_file_addr=2020
boot_bin_len=175c
add stack bin start
oad_stack_app_bin_len=1ea00
oad_app_bin_len=5a00
df a0 44 2a 11 11 80 16 42 42 42 42 ff ff 04 00 /**< @CREATE_FILE_SUCCESS */
/**< @Download flash file:.\output\app\bk3432_ble_app_merge.bin
/**< @OAD file :.\output\app\bk3432_ble_app_stack.bin,CRC = 0x9718a782
/**< @OAD file :.\output\app\bk3432_ble_app_app.bin,CRC = 0x2a44a0df
/**< @author <gang.cheng@bekencorp.com> */
/**< @version v0.3 */
".\obj\bk3432_ble_app.axf" - 0 Error(s), 4 Warning(s).
Build Time Elapsed:  00:00:07
</pre>
</body>
</html>
