<!doctype html public "-//w3c//dtd html 4.0 transitional//en">
<html><head>
<title>Static Call Graph - [.\obj\bk3432_ble_app.axf]</title></head>
<body><HR>
<H1>Static Call Graph for image .\obj\bk3432_ble_app.axf</H1><HR>
<BR><P>#&#060CALLGRAPH&#062# ARM Linker, 5060750: Last Updated: Tue May 11 09:49:05 2021
<BR><P>
<H3>Maximum Stack Usage =          0 bytes + Unknown(Untraceable Function Pointers)</H3><H3>
Call chain for Maximum Stack Depth:</H3>

<P>
<H3>
Function Pointers
</H3><UL>
 <LI><a href="#[4]">DataAbort</a> from boot_vectors.o(SYS_BOOT) referenced from boot_vectors.o(SYS_BOOT)
 <LI><a href="#[7]">FIQ_Handler</a> from boot_vectors.o(SYS_BOOT) referenced from boot_vectors.o(SYS_BOOT)
 <LI><a href="#[6]">IRQ_Handler</a> from boot_vectors.o(SYS_BOOT) referenced from boot_vectors.o(SYS_BOOT)
 <LI><a href="#[3]">PrefetchAbort</a> from boot_vectors.o(SYS_BOOT) referenced from boot_vectors.o(SYS_BOOT)
 <LI><a href="#[13]">Read_Uart_Buf</a> from uart.o(.text) referenced from arch_main.o(.text)
 <LI><a href="#[2]">SoftwareInterrupt</a> from boot_vectors.o(SYS_BOOT) referenced from boot_vectors.o(SYS_BOOT)
 <LI><a href="#[1]">Undefined</a> from boot_vectors.o(SYS_BOOT) referenced from boot_vectors.o(SYS_BOOT)
 <LI><a href="#[22]">_sputc</a> from printfa.o(i._sputc) referenced from printfa.o(i.__0vsprintf)
 <LI><a href="#[57]">app_adv_enable_handler</a> from app_task.o(.text) referenced from app_task.o(.constdata)
 <LI><a href="#[49]">app_adv_timeout_handler</a> from app_task.o(.text) referenced from app_task.o(.constdata)
 <LI><a href="#[42]">app_batt_add_bas</a> from app_batt.o(.text) referenced from app.o(.constdata)
 <LI><a href="#[43]">app_batt_msg_dflt_handler</a> from app_batt.o(.text) referenced from app_batt.o(.constdata)
 <LI><a href="#[41]">app_dis_add_dis</a> from app_dis.o(.text) referenced from app.o(.constdata)
 <LI><a href="#[5a]">app_disconnect_timer_handler</a> from app_task.o(.text) referenced from app_task.o(.constdata)
 <LI><a href="#[5f]">app_gapm_gen_rand_addr_ind_handler</a> from app_wlist.o(.text) referenced from app_task.o(.constdata)
 <LI><a href="#[60]">app_gapm_gen_rand_number_ind_handler</a> from app_wlist.o(.text) referenced from app_task.o(.constdata)
 <LI><a href="#[5d]">app_gapm_ral_addr_ind_handler</a> from app_wlist.o(.text) referenced from app_task.o(.constdata)
 <LI><a href="#[5c]">app_gapm_ral_list_size_ind_handler</a> from app_wlist.o(.text) referenced from app_task.o(.constdata)
 <LI><a href="#[5e]">app_gapm_resolv_dev_addr_ind_handler</a> from app_wlist.o(.text) referenced from app_task.o(.constdata)
 <LI><a href="#[5b]">app_gapm_white_list_ind_handler</a> from app_wlist.o(.text) referenced from app_task.o(.constdata)
 <LI><a href="#[21]">app_gpio_int_cb</a> from app_key.o(.text) referenced from app_key.o(.text)
 <LI><a href="#[40]">app_hid_add_hids</a> from app_hid.o(.text) referenced from app.o(.constdata)
 <LI><a href="#[66]">app_hid_msg_dflt_handler</a> from app_hid.o(.text) referenced from app_hid.o(.constdata)
 <LI><a href="#[58]">app_period_timer_handler</a> from app_task.o(.text) referenced from app_task.o(.constdata)
 <LI><a href="#[61]">app_sec_msg_dflt_handler</a> from app_sec.o(.text) referenced from app_sec.o(.constdata)
 <LI><a href="#[48]">appm_msg_handler</a> from app_task.o(.text) referenced from app_task.o(.constdata)
 <LI><a href="#[11]">assert_err</a> from arch_main.o(.text) referenced from arch_main.o(.text)
 <LI><a href="#[12]">assert_param</a> from arch_main.o(.text) referenced from arch_main.o(.text)
 <LI><a href="#[44]">bass_batt_level_ntf_cfg_ind_handler</a> from app_batt.o(.text) referenced from app_batt.o(.constdata)
 <LI><a href="#[28]">bass_batt_level_upd_req_handler</a> from bass_task.o(.text) referenced from bass_task.o(.constdata)
 <LI><a href="#[26]">bass_cleanup</a> from bass.o(.text) referenced from bass.o(.constdata)
 <LI><a href="#[25]">bass_create</a> from bass.o(.text) referenced from bass.o(.constdata)
 <LI><a href="#[24]">bass_destroy</a> from bass.o(.text) referenced from bass.o(.constdata)
 <LI><a href="#[27]">bass_enable_req_handler</a> from bass_task.o(.text) referenced from bass_task.o(.constdata)
 <LI><a href="#[46]">bass_enable_rsp_handler</a> from app_batt.o(.text) referenced from app_batt.o(.constdata)
 <LI><a href="#[23]">bass_init</a> from bass.o(.text) referenced from bass.o(.constdata)
 <LI><a href="#[45]">batt_level_upd_handler</a> from app_batt.o(.text) referenced from app_batt.o(.constdata)
 <LI><a href="#[30]">diss_cleanup</a> from diss.o(.text) referenced from diss.o(.constdata)
 <LI><a href="#[2f]">diss_create</a> from diss.o(.text) referenced from diss.o(.constdata)
 <LI><a href="#[2e]">diss_destroy</a> from diss.o(.text) referenced from diss.o(.constdata)
 <LI><a href="#[2d]">diss_init</a> from diss.o(.text) referenced from diss.o(.constdata)
 <LI><a href="#[31]">diss_set_value_req_handler</a> from diss_task.o(.text) referenced from diss_task.o(.constdata)
 <LI><a href="#[33]">diss_value_cfm_handler</a> from diss_task.o(.text) referenced from diss_task.o(.constdata)
 <LI><a href="#[47]">diss_value_req_ind_handler</a> from app_dis.o(.text) referenced from app_dis.o(.constdata)
 <LI><a href="#[63]">gapc_bond_ind_handler</a> from app_sec.o(.text) referenced from app_sec.o(.constdata)
 <LI><a href="#[62]">gapc_bond_req_ind_handler</a> from app_sec.o(.text) referenced from app_sec.o(.constdata)
 <LI><a href="#[4f]">gapc_cmp_evt_handler</a> from app_task.o(.text) referenced from app_task.o(.constdata)
 <LI><a href="#[4e]">gapc_connection_req_ind_handler</a> from app_task.o(.text) referenced from app_task.o(.constdata)
 <LI><a href="#[50]">gapc_disconnect_ind_handler</a> from app_task.o(.text) referenced from app_task.o(.constdata)
 <LI><a href="#[65]">gapc_encrypt_ind_handler</a> from app_sec.o(.text) referenced from app_sec.o(.constdata)
 <LI><a href="#[64]">gapc_encrypt_req_ind_handler</a> from app_sec.o(.text) referenced from app_sec.o(.constdata)
 <LI><a href="#[4c]">gapc_get_dev_info_req_ind_handler</a> from app_task.o(.text) referenced from app_task.o(.constdata)
 <LI><a href="#[52]">gapc_le_pkt_size_ind_handler</a> from app_task.o(.text) referenced from app_task.o(.constdata)
 <LI><a href="#[55]">gapc_param_update_req_ind_handler</a> from app_task.o(.text) referenced from app_task.o(.constdata)
 <LI><a href="#[53]">gapc_param_updated_ind_handler</a> from app_task.o(.text) referenced from app_task.o(.constdata)
 <LI><a href="#[59]">gapc_send_security_req_handler</a> from app_task.o(.text) referenced from app_task.o(.constdata)
 <LI><a href="#[4d]">gapc_set_dev_info_req_ind_handler</a> from app_task.o(.text) referenced from app_task.o(.constdata)
 <LI><a href="#[56]">gapc_update_conn_param_req_ind_handler</a> from app_task.o(.text) referenced from app_task.o(.constdata)
 <LI><a href="#[4b]">gapm_cmp_evt_handler</a> from app_task.o(.text) referenced from app_task.o(.constdata)
 <LI><a href="#[4a]">gapm_device_ready_ind_handler</a> from app_task.o(.text) referenced from app_task.o(.constdata)
 <LI><a href="#[51]">gapm_profile_added_ind_handler</a> from app_task.o(.text) referenced from app_task.o(.constdata)
 <LI><a href="#[29]">gattc_att_info_req_ind_handler</a> from bass_task.o(.text) referenced 2 times from bass_task.o(.constdata)
 <LI><a href="#[2c]">gattc_cmp_evt_handler</a> from bass_task.o(.text) referenced 2 times from bass_task.o(.constdata)
 <LI><a href="#[54]">gattc_mtu_changed_ind_handler</a> from app_task.o(.text) referenced from app_task.o(.constdata)
 <LI><a href="#[2b]">gattc_read_req_ind_handler</a> from bass_task.o(.text) referenced 3 times from bass_task.o(.constdata)
 <LI><a href="#[2a]">gattc_write_req_ind_handler</a> from bass_task.o(.text) referenced 2 times from bass_task.o(.constdata)
 <LI><a href="#[37]">hogpd_cleanup</a> from hogpd.o(.text) referenced from hogpd.o(.constdata)
 <LI><a href="#[36]">hogpd_create</a> from hogpd.o(.text) referenced from hogpd.o(.constdata)
 <LI><a href="#[6b]">hogpd_ctnl_pt_ind_handler</a> from app_hid.o(.text) referenced from app_hid.o(.constdata)
 <LI><a href="#[35]">hogpd_destroy</a> from hogpd.o(.text) referenced from hogpd.o(.constdata)
 <LI><a href="#[38]">hogpd_enable_req_handler</a> from hogpd_task.o(.text) referenced from hogpd_task.o(.constdata)
 <LI><a href="#[67]">hogpd_enable_rsp_handler</a> from app_hid.o(.text) referenced from app_hid.o(.constdata)
 <LI><a href="#[34]">hogpd_init</a> from hogpd.o(.text) referenced from hogpd.o(.constdata)
 <LI><a href="#[68]">hogpd_ntf_cfg_ind_handler</a> from app_hid.o(.text) referenced from app_hid.o(.constdata)
 <LI><a href="#[3b]">hogpd_proto_mode_cfm_handler</a> from hogpd_task.o(.text) referenced from hogpd_task.o(.constdata)
 <LI><a href="#[6a]">hogpd_proto_mode_req_ind_handler</a> from app_hid.o(.text) referenced from app_hid.o(.constdata)
 <LI><a href="#[3a]">hogpd_report_cfm_handler</a> from hogpd_task.o(.text) referenced from hogpd_task.o(.constdata)
 <LI><a href="#[69]">hogpd_report_req_ind_handler</a> from app_hid.o(.text) referenced from app_hid.o(.constdata)
 <LI><a href="#[6c]">hogpd_report_upd_handler</a> from app_hid.o(.text) referenced from app_hid.o(.constdata)
 <LI><a href="#[39]">hogpd_report_upd_req_handler</a> from hogpd_task.o(.text) referenced from hogpd_task.o(.constdata)
 <LI><a href="#[10]">platform_reset</a> from arch_main.o(.text) referenced from arch_main.o(.text)
 <LI><a href="#[d]">prf_add_profile</a> from prf.o(.text) referenced from arch_main.o(.text)
 <LI><a href="#[c]">prf_cleanup</a> from prf.o(.text) referenced from arch_main.o(.text)
 <LI><a href="#[b]">prf_create</a> from prf.o(.text) referenced from arch_main.o(.text)
 <LI><a href="#[8]">prf_get_id_from_task</a> from prf.o(.text) referenced from arch_main.o(.text)
 <LI><a href="#[9]">prf_get_task_from_id</a> from prf.o(.text) referenced from arch_main.o(.text)
 <LI><a href="#[a]">prf_init</a> from prf.o(.text) referenced from arch_main.o(.text)
 <LI><a href="#[1f]">rf_force_agc_enable</a> from rf_xvr.o(.text) referenced from rf_xvr.o(.text)
 <LI><a href="#[1e]">rf_reset</a> from rf_xvr.o(.text) referenced from rf_xvr.o(.text)
 <LI><a href="#[1a]">rf_rpl_reg_rd</a> from rf_xvr.o(.text) referenced from rf_xvr.o(.text)
 <LI><a href="#[1b]">rf_rpl_reg_wr</a> from rf_xvr.o(.text) referenced from rf_xvr.o(.text)
 <LI><a href="#[20]">rf_rssi_convert</a> from rf_xvr.o(.text) referenced from rf_xvr.o(.text)
 <LI><a href="#[1d]">rf_sleep</a> from rf_xvr.o(.text) referenced from rf_xvr.o(.text)
 <LI><a href="#[1c]">rf_txpwr_dbm_get</a> from rf_xvr.o(.text) referenced from rf_xvr.o(.text)
 <LI><a href="#[e]">rwble_hl_reset</a> from rwble_hl.o(.text) referenced from arch_main.o(.text)
 <LI><a href="#[f]">rwip_reset</a> from rwip.o(.text) referenced from arch_main.o(.text)
 <LI><a href="#[6d]">sys_Reset</a> from boot_handlers.o(SYS_BOOT) referenced from boot_vectors.o(SYS_BOOT)
 <LI><a href="#[5]">sys_reserved</a> from boot_vectors.o(SYS_BOOT) referenced from boot_vectors.o(SYS_BOOT)
 <LI><a href="#[14]">uart_clear_rxfifo</a> from uart.o(.text) referenced from arch_main.o(.text)
 <LI><a href="#[18]">uart_flow_off</a> from uart.o(.text) referenced from arch_main.o(.text)
 <LI><a href="#[17]">uart_flow_on</a> from uart.o(.text) referenced from arch_main.o(.text)
 <LI><a href="#[19]">uart_printf</a> from uart.o(.text) referenced from uart.o(.text)
 <LI><a href="#[15]">uart_read</a> from uart.o(.text) referenced from arch_main.o(.text)
 <LI><a href="#[16]">uart_write</a> from uart.o(.text) referenced from arch_main.o(.text)
</UL>
<P>
<H3>
Global Symbols
</H3>
<P><STRONG><a name="[cc]"></a>uart_stack_register</STRONG> (Thumb, 0 bytes, Stack size 0 bytes, stack_rom_symbol.txt(ABSOLUTE))
<BR><BR>[Called By]<UL><LI><a href="#[84]">&gt;&gt;</a>&nbsp;&nbsp;&nbsp;uart_init
</UL>

<P><STRONG><a name="[155]"></a>Undefined_Exception</STRONG> (Thumb, 0 bytes, Stack size 0 bytes, stack_rom_symbol.txt(ABSOLUTE))
<BR><BR>[Called By]<UL><LI><a href="#[1]">&gt;&gt;</a>&nbsp;&nbsp;&nbsp;Undefined (via Veneer)
</UL>

<P><STRONG><a name="[156]"></a>SoftwareInterrupt_Exception</STRONG> (Thumb, 0 bytes, Stack size 0 bytes, stack_rom_symbol.txt(ABSOLUTE))
<BR><BR>[Called By]<UL><LI><a href="#[2]">&gt;&gt;</a>&nbsp;&nbsp;&nbsp;SoftwareInterrupt (via Veneer)
</UL>

<P><STRONG><a name="[157]"></a>PrefetchAbort_Exception</STRONG> (Thumb, 0 bytes, Stack size 0 bytes, stack_rom_symbol.txt(ABSOLUTE))
<BR><BR>[Called By]<UL><LI><a href="#[3]">&gt;&gt;</a>&nbsp;&nbsp;&nbsp;PrefetchAbort (via Veneer)
</UL>

<P><STRONG><a name="[158]"></a>DataAbort_Exception</STRONG> (Thumb, 0 bytes, Stack size 0 bytes, stack_rom_symbol.txt(ABSOLUTE))
<BR><BR>[Called By]<UL><LI><a href="#[4]">&gt;&gt;</a>&nbsp;&nbsp;&nbsp;DataAbort (via Veneer)
</UL>

<P><STRONG><a name="[159]"></a>Reserved_Exception</STRONG> (Thumb, 0 bytes, Stack size 0 bytes, stack_rom_symbol.txt(ABSOLUTE))
<BR><BR>[Called By]<UL><LI><a href="#[5]">&gt;&gt;</a>&nbsp;&nbsp;&nbsp;sys_reserved (via Veneer)
</UL>

<P><STRONG><a name="[105]"></a>nvds_get</STRONG> (Thumb, 0 bytes, Stack size 0 bytes, stack_rom_symbol.txt(ABSOLUTE), UNUSED)
<BR><BR>[Called By]<UL><LI><a href="#[104]">&gt;&gt;</a>&nbsp;&nbsp;&nbsp;appm_start_white_list_dvertising
</UL>

<P><STRONG><a name="[a7]"></a>ke_init</STRONG> (Thumb, 0 bytes, Stack size 0 bytes, stack_rom_symbol.txt(ABSOLUTE))
<BR><BR>[Called By]<UL><LI><a href="#[88]">&gt;&gt;</a>&nbsp;&nbsp;&nbsp;rwip_init
</UL>

<P><STRONG><a name="[ad]"></a>ke_flush</STRONG> (Thumb, 0 bytes, Stack size 0 bytes, stack_rom_symbol.txt(ABSOLUTE))
<BR><BR>[Called By]<UL><LI><a href="#[f]">&gt;&gt;</a>&nbsp;&nbsp;&nbsp;rwip_reset
</UL>

<P><STRONG><a name="[b3]"></a>ke_sleep_check</STRONG> (Thumb, 0 bytes, Stack size 0 bytes, stack_rom_symbol.txt(ABSOLUTE), UNUSED)
<BR><BR>[Called By]<UL><LI><a href="#[b2]">&gt;&gt;</a>&nbsp;&nbsp;&nbsp;rwip_sleep
</UL>

<P><STRONG><a name="[c7]"></a>ke_event_set</STRONG> (Thumb, 0 bytes, Stack size 0 bytes, stack_rom_symbol.txt(ABSOLUTE), UNUSED)
<BR><BR>[Called By]<UL><LI><a href="#[c6]">&gt;&gt;</a>&nbsp;&nbsp;&nbsp;timer_isr
</UL>

<P><STRONG><a name="[b1]"></a>ke_event_schedule</STRONG> (Thumb, 0 bytes, Stack size 0 bytes, stack_rom_symbol.txt(ABSOLUTE))
<BR><BR>[Called By]<UL><LI><a href="#[8d]">&gt;&gt;</a>&nbsp;&nbsp;&nbsp;rwip_schedule
</UL>

<P><STRONG><a name="[a8]"></a>ke_mem_init</STRONG> (Thumb, 0 bytes, Stack size 0 bytes, stack_rom_symbol.txt(ABSOLUTE))
<BR><BR>[Called By]<UL><LI><a href="#[88]">&gt;&gt;</a>&nbsp;&nbsp;&nbsp;rwip_init
</UL>

<P><STRONG><a name="[d2]"></a>ke_malloc</STRONG> (Thumb, 0 bytes, Stack size 0 bytes, stack_rom_symbol.txt(ABSOLUTE))
<BR><BR>[Called By]<UL><LI><a href="#[34]">&gt;&gt;</a>&nbsp;&nbsp;&nbsp;hogpd_init
<LI><a href="#[31]">&gt;&gt;</a>&nbsp;&nbsp;&nbsp;diss_set_value_req_handler
<LI><a href="#[2d]">&gt;&gt;</a>&nbsp;&nbsp;&nbsp;diss_init
<LI><a href="#[23]">&gt;&gt;</a>&nbsp;&nbsp;&nbsp;bass_init
</UL>

<P><STRONG><a name="[d5]"></a>ke_free</STRONG> (Thumb, 0 bytes, Stack size 0 bytes, stack_rom_symbol.txt(ABSOLUTE))
<BR><BR>[Called By]<UL><LI><a href="#[35]">&gt;&gt;</a>&nbsp;&nbsp;&nbsp;hogpd_destroy
<LI><a href="#[34]">&gt;&gt;</a>&nbsp;&nbsp;&nbsp;hogpd_init
<LI><a href="#[31]">&gt;&gt;</a>&nbsp;&nbsp;&nbsp;diss_set_value_req_handler
<LI><a href="#[2e]">&gt;&gt;</a>&nbsp;&nbsp;&nbsp;diss_destroy
<LI><a href="#[de]">&gt;&gt;</a>&nbsp;&nbsp;&nbsp;bass_exe_operation
<LI><a href="#[24]">&gt;&gt;</a>&nbsp;&nbsp;&nbsp;bass_destroy
<LI><a href="#[23]">&gt;&gt;</a>&nbsp;&nbsp;&nbsp;bass_init
</UL>

<P><STRONG><a name="[db]"></a>ke_msg_alloc</STRONG> (Thumb, 0 bytes, Stack size 0 bytes, stack_rom_symbol.txt(ABSOLUTE))
<BR><BR>[Called By]<UL><LI><a href="#[64]">&gt;&gt;</a>&nbsp;&nbsp;&nbsp;gapc_encrypt_req_ind_handler
<LI><a href="#[62]">&gt;&gt;</a>&nbsp;&nbsp;&nbsp;gapc_bond_req_ind_handler
<LI><a href="#[115]">&gt;&gt;</a>&nbsp;&nbsp;&nbsp;app_hid_enable_prf
<LI><a href="#[55]">&gt;&gt;</a>&nbsp;&nbsp;&nbsp;gapc_param_update_req_ind_handler
<LI><a href="#[4e]">&gt;&gt;</a>&nbsp;&nbsp;&nbsp;gapc_connection_req_ind_handler
<LI><a href="#[4d]">&gt;&gt;</a>&nbsp;&nbsp;&nbsp;gapc_set_dev_info_req_ind_handler
<LI><a href="#[4c]">&gt;&gt;</a>&nbsp;&nbsp;&nbsp;gapc_get_dev_info_req_ind_handler
<LI><a href="#[4b]">&gt;&gt;</a>&nbsp;&nbsp;&nbsp;gapm_cmp_evt_handler
<LI><a href="#[4a]">&gt;&gt;</a>&nbsp;&nbsp;&nbsp;gapm_device_ready_ind_handler
<LI><a href="#[47]">&gt;&gt;</a>&nbsp;&nbsp;&nbsp;diss_value_req_ind_handler
<LI><a href="#[112]">&gt;&gt;</a>&nbsp;&nbsp;&nbsp;app_batt_send_lvl
<LI><a href="#[111]">&gt;&gt;</a>&nbsp;&nbsp;&nbsp;app_batt_enable_prf
<LI><a href="#[106]">&gt;&gt;</a>&nbsp;&nbsp;&nbsp;appm_add_dev_to_wlist
<LI><a href="#[110]">&gt;&gt;</a>&nbsp;&nbsp;&nbsp;app_sec_send_security_req
<LI><a href="#[40]">&gt;&gt;</a>&nbsp;&nbsp;&nbsp;app_hid_add_hids
<LI><a href="#[41]">&gt;&gt;</a>&nbsp;&nbsp;&nbsp;app_dis_add_dis
<LI><a href="#[42]">&gt;&gt;</a>&nbsp;&nbsp;&nbsp;app_batt_add_bas
<LI><a href="#[10b]">&gt;&gt;</a>&nbsp;&nbsp;&nbsp;appm_update_adv_data
<LI><a href="#[10a]">&gt;&gt;</a>&nbsp;&nbsp;&nbsp;appm_update_param
<LI><a href="#[107]">&gt;&gt;</a>&nbsp;&nbsp;&nbsp;appm_stop_advertising
<LI><a href="#[101]">&gt;&gt;</a>&nbsp;&nbsp;&nbsp;appm_start_dirc_adver
<LI><a href="#[ff]">&gt;&gt;</a>&nbsp;&nbsp;&nbsp;appm_start_advertising
<LI><a href="#[fe]">&gt;&gt;</a>&nbsp;&nbsp;&nbsp;appm_disconnect
<LI><a href="#[3f]">&gt;&gt;</a>&nbsp;&nbsp;&nbsp;gattc_cmp_evt_handler
<LI><a href="#[3e]">&gt;&gt;</a>&nbsp;&nbsp;&nbsp;gattc_read_req_ind_handler
<LI><a href="#[3d]">&gt;&gt;</a>&nbsp;&nbsp;&nbsp;gattc_write_req_ind_handler
<LI><a href="#[3c]">&gt;&gt;</a>&nbsp;&nbsp;&nbsp;gattc_att_info_req_ind_handler
<LI><a href="#[3b]">&gt;&gt;</a>&nbsp;&nbsp;&nbsp;hogpd_proto_mode_cfm_handler
<LI><a href="#[3a]">&gt;&gt;</a>&nbsp;&nbsp;&nbsp;hogpd_report_cfm_handler
<LI><a href="#[39]">&gt;&gt;</a>&nbsp;&nbsp;&nbsp;hogpd_report_upd_req_handler
<LI><a href="#[38]">&gt;&gt;</a>&nbsp;&nbsp;&nbsp;hogpd_enable_req_handler
<LI><a href="#[f0]">&gt;&gt;</a>&nbsp;&nbsp;&nbsp;hogpd_ntf_cfg_ind_send
<LI><a href="#[ef]">&gt;&gt;</a>&nbsp;&nbsp;&nbsp;hogpd_ntf_send
<LI><a href="#[33]">&gt;&gt;</a>&nbsp;&nbsp;&nbsp;diss_value_cfm_handler
<LI><a href="#[32]">&gt;&gt;</a>&nbsp;&nbsp;&nbsp;gattc_read_req_ind_handler
<LI><a href="#[31]">&gt;&gt;</a>&nbsp;&nbsp;&nbsp;diss_set_value_req_handler
<LI><a href="#[2b]">&gt;&gt;</a>&nbsp;&nbsp;&nbsp;gattc_read_req_ind_handler
<LI><a href="#[2a]">&gt;&gt;</a>&nbsp;&nbsp;&nbsp;gattc_write_req_ind_handler
<LI><a href="#[29]">&gt;&gt;</a>&nbsp;&nbsp;&nbsp;gattc_att_info_req_ind_handler
<LI><a href="#[28]">&gt;&gt;</a>&nbsp;&nbsp;&nbsp;bass_batt_level_upd_req_handler
<LI><a href="#[27]">&gt;&gt;</a>&nbsp;&nbsp;&nbsp;bass_enable_req_handler
<LI><a href="#[de]">&gt;&gt;</a>&nbsp;&nbsp;&nbsp;bass_exe_operation
<LI><a href="#[d9]">&gt;&gt;</a>&nbsp;&nbsp;&nbsp;bass_notify_batt_lvl
<LI><a href="#[12f]">&gt;&gt;</a>&nbsp;&nbsp;&nbsp;appm_gapm_set_irk
<LI><a href="#[12e]">&gt;&gt;</a>&nbsp;&nbsp;&nbsp;appm_gapm_gen_rand_number
<LI><a href="#[12d]">&gt;&gt;</a>&nbsp;&nbsp;&nbsp;appm_gapm_gen_rand_addr
<LI><a href="#[12c]">&gt;&gt;</a>&nbsp;&nbsp;&nbsp;appm_gapm_resolv_dev_addr
<LI><a href="#[12b]">&gt;&gt;</a>&nbsp;&nbsp;&nbsp;appm_clear_ral_list
<LI><a href="#[12a]">&gt;&gt;</a>&nbsp;&nbsp;&nbsp;appm_get_ral_peer_addr
<LI><a href="#[129]">&gt;&gt;</a>&nbsp;&nbsp;&nbsp;appm_get_ral_loc_addr
<LI><a href="#[128]">&gt;&gt;</a>&nbsp;&nbsp;&nbsp;appm_rmv_ral_dev_from_list
<LI><a href="#[127]">&gt;&gt;</a>&nbsp;&nbsp;&nbsp;appm_add_ral_dev_to_list
<LI><a href="#[126]">&gt;&gt;</a>&nbsp;&nbsp;&nbsp;appm_get_ral_list_size
<LI><a href="#[125]">&gt;&gt;</a>&nbsp;&nbsp;&nbsp;appm_clear_wlist
<LI><a href="#[124]">&gt;&gt;</a>&nbsp;&nbsp;&nbsp;appm_rmv_dev_from_wlist
<LI><a href="#[123]">&gt;&gt;</a>&nbsp;&nbsp;&nbsp;appm_get_wlist_size
<LI><a href="#[122]">&gt;&gt;</a>&nbsp;&nbsp;&nbsp;app_hid_send_sensor_report
<LI><a href="#[121]">&gt;&gt;</a>&nbsp;&nbsp;&nbsp;app_hid_send_mouse_report
<LI><a href="#[120]">&gt;&gt;</a>&nbsp;&nbsp;&nbsp;app_hid_send_report
<LI><a href="#[6a]">&gt;&gt;</a>&nbsp;&nbsp;&nbsp;hogpd_proto_mode_req_ind_handler
<LI><a href="#[69]">&gt;&gt;</a>&nbsp;&nbsp;&nbsp;hogpd_report_req_ind_handler
<LI><a href="#[6b]">&gt;&gt;</a>&nbsp;&nbsp;&nbsp;hogpd_ctnl_pt_ind_handler
</UL>

<P><STRONG><a name="[dc]"></a>ke_msg_send</STRONG> (Thumb, 0 bytes, Stack size 0 bytes, stack_rom_symbol.txt(ABSOLUTE))
<BR><BR>[Called By]<UL><LI><a href="#[64]">&gt;&gt;</a>&nbsp;&nbsp;&nbsp;gapc_encrypt_req_ind_handler
<LI><a href="#[62]">&gt;&gt;</a>&nbsp;&nbsp;&nbsp;gapc_bond_req_ind_handler
<LI><a href="#[115]">&gt;&gt;</a>&nbsp;&nbsp;&nbsp;app_hid_enable_prf
<LI><a href="#[55]">&gt;&gt;</a>&nbsp;&nbsp;&nbsp;gapc_param_update_req_ind_handler
<LI><a href="#[4e]">&gt;&gt;</a>&nbsp;&nbsp;&nbsp;gapc_connection_req_ind_handler
<LI><a href="#[4d]">&gt;&gt;</a>&nbsp;&nbsp;&nbsp;gapc_set_dev_info_req_ind_handler
<LI><a href="#[4c]">&gt;&gt;</a>&nbsp;&nbsp;&nbsp;gapc_get_dev_info_req_ind_handler
<LI><a href="#[4b]">&gt;&gt;</a>&nbsp;&nbsp;&nbsp;gapm_cmp_evt_handler
<LI><a href="#[4a]">&gt;&gt;</a>&nbsp;&nbsp;&nbsp;gapm_device_ready_ind_handler
<LI><a href="#[47]">&gt;&gt;</a>&nbsp;&nbsp;&nbsp;diss_value_req_ind_handler
<LI><a href="#[112]">&gt;&gt;</a>&nbsp;&nbsp;&nbsp;app_batt_send_lvl
<LI><a href="#[111]">&gt;&gt;</a>&nbsp;&nbsp;&nbsp;app_batt_enable_prf
<LI><a href="#[106]">&gt;&gt;</a>&nbsp;&nbsp;&nbsp;appm_add_dev_to_wlist
<LI><a href="#[110]">&gt;&gt;</a>&nbsp;&nbsp;&nbsp;app_sec_send_security_req
<LI><a href="#[40]">&gt;&gt;</a>&nbsp;&nbsp;&nbsp;app_hid_add_hids
<LI><a href="#[41]">&gt;&gt;</a>&nbsp;&nbsp;&nbsp;app_dis_add_dis
<LI><a href="#[42]">&gt;&gt;</a>&nbsp;&nbsp;&nbsp;app_batt_add_bas
<LI><a href="#[10b]">&gt;&gt;</a>&nbsp;&nbsp;&nbsp;appm_update_adv_data
<LI><a href="#[10a]">&gt;&gt;</a>&nbsp;&nbsp;&nbsp;appm_update_param
<LI><a href="#[107]">&gt;&gt;</a>&nbsp;&nbsp;&nbsp;appm_stop_advertising
<LI><a href="#[101]">&gt;&gt;</a>&nbsp;&nbsp;&nbsp;appm_start_dirc_adver
<LI><a href="#[ff]">&gt;&gt;</a>&nbsp;&nbsp;&nbsp;appm_start_advertising
<LI><a href="#[fe]">&gt;&gt;</a>&nbsp;&nbsp;&nbsp;appm_disconnect
<LI><a href="#[3f]">&gt;&gt;</a>&nbsp;&nbsp;&nbsp;gattc_cmp_evt_handler
<LI><a href="#[3e]">&gt;&gt;</a>&nbsp;&nbsp;&nbsp;gattc_read_req_ind_handler
<LI><a href="#[3d]">&gt;&gt;</a>&nbsp;&nbsp;&nbsp;gattc_write_req_ind_handler
<LI><a href="#[3c]">&gt;&gt;</a>&nbsp;&nbsp;&nbsp;gattc_att_info_req_ind_handler
<LI><a href="#[3b]">&gt;&gt;</a>&nbsp;&nbsp;&nbsp;hogpd_proto_mode_cfm_handler
<LI><a href="#[3a]">&gt;&gt;</a>&nbsp;&nbsp;&nbsp;hogpd_report_cfm_handler
<LI><a href="#[39]">&gt;&gt;</a>&nbsp;&nbsp;&nbsp;hogpd_report_upd_req_handler
<LI><a href="#[38]">&gt;&gt;</a>&nbsp;&nbsp;&nbsp;hogpd_enable_req_handler
<LI><a href="#[f0]">&gt;&gt;</a>&nbsp;&nbsp;&nbsp;hogpd_ntf_cfg_ind_send
<LI><a href="#[ef]">&gt;&gt;</a>&nbsp;&nbsp;&nbsp;hogpd_ntf_send
<LI><a href="#[33]">&gt;&gt;</a>&nbsp;&nbsp;&nbsp;diss_value_cfm_handler
<LI><a href="#[32]">&gt;&gt;</a>&nbsp;&nbsp;&nbsp;gattc_read_req_ind_handler
<LI><a href="#[31]">&gt;&gt;</a>&nbsp;&nbsp;&nbsp;diss_set_value_req_handler
<LI><a href="#[2b]">&gt;&gt;</a>&nbsp;&nbsp;&nbsp;gattc_read_req_ind_handler
<LI><a href="#[2a]">&gt;&gt;</a>&nbsp;&nbsp;&nbsp;gattc_write_req_ind_handler
<LI><a href="#[29]">&gt;&gt;</a>&nbsp;&nbsp;&nbsp;gattc_att_info_req_ind_handler
<LI><a href="#[28]">&gt;&gt;</a>&nbsp;&nbsp;&nbsp;bass_batt_level_upd_req_handler
<LI><a href="#[27]">&gt;&gt;</a>&nbsp;&nbsp;&nbsp;bass_enable_req_handler
<LI><a href="#[de]">&gt;&gt;</a>&nbsp;&nbsp;&nbsp;bass_exe_operation
<LI><a href="#[d9]">&gt;&gt;</a>&nbsp;&nbsp;&nbsp;bass_notify_batt_lvl
<LI><a href="#[12f]">&gt;&gt;</a>&nbsp;&nbsp;&nbsp;appm_gapm_set_irk
<LI><a href="#[12e]">&gt;&gt;</a>&nbsp;&nbsp;&nbsp;appm_gapm_gen_rand_number
<LI><a href="#[12d]">&gt;&gt;</a>&nbsp;&nbsp;&nbsp;appm_gapm_gen_rand_addr
<LI><a href="#[12c]">&gt;&gt;</a>&nbsp;&nbsp;&nbsp;appm_gapm_resolv_dev_addr
<LI><a href="#[12b]">&gt;&gt;</a>&nbsp;&nbsp;&nbsp;appm_clear_ral_list
<LI><a href="#[12a]">&gt;&gt;</a>&nbsp;&nbsp;&nbsp;appm_get_ral_peer_addr
<LI><a href="#[129]">&gt;&gt;</a>&nbsp;&nbsp;&nbsp;appm_get_ral_loc_addr
<LI><a href="#[128]">&gt;&gt;</a>&nbsp;&nbsp;&nbsp;appm_rmv_ral_dev_from_list
<LI><a href="#[127]">&gt;&gt;</a>&nbsp;&nbsp;&nbsp;appm_add_ral_dev_to_list
<LI><a href="#[126]">&gt;&gt;</a>&nbsp;&nbsp;&nbsp;appm_get_ral_list_size
<LI><a href="#[125]">&gt;&gt;</a>&nbsp;&nbsp;&nbsp;appm_clear_wlist
<LI><a href="#[124]">&gt;&gt;</a>&nbsp;&nbsp;&nbsp;appm_rmv_dev_from_wlist
<LI><a href="#[123]">&gt;&gt;</a>&nbsp;&nbsp;&nbsp;appm_get_wlist_size
<LI><a href="#[122]">&gt;&gt;</a>&nbsp;&nbsp;&nbsp;app_hid_send_sensor_report
<LI><a href="#[121]">&gt;&gt;</a>&nbsp;&nbsp;&nbsp;app_hid_send_mouse_report
<LI><a href="#[120]">&gt;&gt;</a>&nbsp;&nbsp;&nbsp;app_hid_send_report
<LI><a href="#[6a]">&gt;&gt;</a>&nbsp;&nbsp;&nbsp;hogpd_proto_mode_req_ind_handler
<LI><a href="#[69]">&gt;&gt;</a>&nbsp;&nbsp;&nbsp;hogpd_report_req_ind_handler
<LI><a href="#[6b]">&gt;&gt;</a>&nbsp;&nbsp;&nbsp;hogpd_ctnl_pt_ind_handler
</UL>

<P><STRONG><a name="[100]"></a>ke_msg_send_basic</STRONG> (Thumb, 0 bytes, Stack size 0 bytes, stack_rom_symbol.txt(ABSOLUTE))
<BR><BR>[Called By]<UL><LI><a href="#[101]">&gt;&gt;</a>&nbsp;&nbsp;&nbsp;appm_start_dirc_adver
<LI><a href="#[ff]">&gt;&gt;</a>&nbsp;&nbsp;&nbsp;appm_start_advertising
<LI><a href="#[21]">&gt;&gt;</a>&nbsp;&nbsp;&nbsp;app_gpio_int_cb
</UL>

<P><STRONG><a name="[103]"></a>ke_msg_free</STRONG> (Thumb, 0 bytes, Stack size 0 bytes, stack_rom_symbol.txt(ABSOLUTE))
<BR><BR>[Called By]<UL><LI><a href="#[101]">&gt;&gt;</a>&nbsp;&nbsp;&nbsp;appm_start_dirc_adver
<LI><a href="#[120]">&gt;&gt;</a>&nbsp;&nbsp;&nbsp;app_hid_send_report
</UL>

<P><STRONG><a name="[f5]"></a>ke_task_create</STRONG> (Thumb, 0 bytes, Stack size 0 bytes, stack_rom_symbol.txt(ABSOLUTE))
<BR><BR>[Called By]<UL><LI><a href="#[ac]">&gt;&gt;</a>&nbsp;&nbsp;&nbsp;appm_init
<LI><a href="#[a]">&gt;&gt;</a>&nbsp;&nbsp;&nbsp;prf_init
</UL>

<P><STRONG><a name="[d6]"></a>ke_state_set</STRONG> (Thumb, 0 bytes, Stack size 0 bytes, stack_rom_symbol.txt(ABSOLUTE))
<BR><BR>[Called By]<UL><LI><a href="#[50]">&gt;&gt;</a>&nbsp;&nbsp;&nbsp;gapc_disconnect_ind_handler
<LI><a href="#[4f]">&gt;&gt;</a>&nbsp;&nbsp;&nbsp;gapc_cmp_evt_handler
<LI><a href="#[4e]">&gt;&gt;</a>&nbsp;&nbsp;&nbsp;gapc_connection_req_ind_handler
<LI><a href="#[4b]">&gt;&gt;</a>&nbsp;&nbsp;&nbsp;gapm_cmp_evt_handler
<LI><a href="#[107]">&gt;&gt;</a>&nbsp;&nbsp;&nbsp;appm_stop_advertising
<LI><a href="#[101]">&gt;&gt;</a>&nbsp;&nbsp;&nbsp;appm_start_dirc_adver
<LI><a href="#[ff]">&gt;&gt;</a>&nbsp;&nbsp;&nbsp;appm_start_advertising
<LI><a href="#[3f]">&gt;&gt;</a>&nbsp;&nbsp;&nbsp;gattc_cmp_evt_handler
<LI><a href="#[3e]">&gt;&gt;</a>&nbsp;&nbsp;&nbsp;gattc_read_req_ind_handler
<LI><a href="#[3d]">&gt;&gt;</a>&nbsp;&nbsp;&nbsp;gattc_write_req_ind_handler
<LI><a href="#[3b]">&gt;&gt;</a>&nbsp;&nbsp;&nbsp;hogpd_proto_mode_cfm_handler
<LI><a href="#[3a]">&gt;&gt;</a>&nbsp;&nbsp;&nbsp;hogpd_report_cfm_handler
<LI><a href="#[39]">&gt;&gt;</a>&nbsp;&nbsp;&nbsp;hogpd_report_upd_req_handler
<LI><a href="#[34]">&gt;&gt;</a>&nbsp;&nbsp;&nbsp;hogpd_init
<LI><a href="#[33]">&gt;&gt;</a>&nbsp;&nbsp;&nbsp;diss_value_cfm_handler
<LI><a href="#[32]">&gt;&gt;</a>&nbsp;&nbsp;&nbsp;gattc_read_req_ind_handler
<LI><a href="#[2d]">&gt;&gt;</a>&nbsp;&nbsp;&nbsp;diss_init
<LI><a href="#[28]">&gt;&gt;</a>&nbsp;&nbsp;&nbsp;bass_batt_level_upd_req_handler
<LI><a href="#[27]">&gt;&gt;</a>&nbsp;&nbsp;&nbsp;bass_enable_req_handler
<LI><a href="#[de]">&gt;&gt;</a>&nbsp;&nbsp;&nbsp;bass_exe_operation
<LI><a href="#[23]">&gt;&gt;</a>&nbsp;&nbsp;&nbsp;bass_init
<LI><a href="#[ac]">&gt;&gt;</a>&nbsp;&nbsp;&nbsp;appm_init
</UL>

<P><STRONG><a name="[df]"></a>ke_state_get</STRONG> (Thumb, 0 bytes, Stack size 0 bytes, stack_rom_symbol.txt(ABSOLUTE))
<BR><BR>[Called By]<UL><LI><a href="#[5a]">&gt;&gt;</a>&nbsp;&nbsp;&nbsp;app_disconnect_timer_handler
<LI><a href="#[57]">&gt;&gt;</a>&nbsp;&nbsp;&nbsp;app_adv_enable_handler
<LI><a href="#[51]">&gt;&gt;</a>&nbsp;&nbsp;&nbsp;gapm_profile_added_ind_handler
<LI><a href="#[58]">&gt;&gt;</a>&nbsp;&nbsp;&nbsp;app_period_timer_handler
<LI><a href="#[10b]">&gt;&gt;</a>&nbsp;&nbsp;&nbsp;appm_update_adv_data
<LI><a href="#[107]">&gt;&gt;</a>&nbsp;&nbsp;&nbsp;appm_stop_advertising
<LI><a href="#[104]">&gt;&gt;</a>&nbsp;&nbsp;&nbsp;appm_start_white_list_dvertising
<LI><a href="#[101]">&gt;&gt;</a>&nbsp;&nbsp;&nbsp;appm_start_dirc_adver
<LI><a href="#[ff]">&gt;&gt;</a>&nbsp;&nbsp;&nbsp;appm_start_advertising
<LI><a href="#[3f]">&gt;&gt;</a>&nbsp;&nbsp;&nbsp;gattc_cmp_evt_handler
<LI><a href="#[3e]">&gt;&gt;</a>&nbsp;&nbsp;&nbsp;gattc_read_req_ind_handler
<LI><a href="#[3d]">&gt;&gt;</a>&nbsp;&nbsp;&nbsp;gattc_write_req_ind_handler
<LI><a href="#[3b]">&gt;&gt;</a>&nbsp;&nbsp;&nbsp;hogpd_proto_mode_cfm_handler
<LI><a href="#[3a]">&gt;&gt;</a>&nbsp;&nbsp;&nbsp;hogpd_report_cfm_handler
<LI><a href="#[39]">&gt;&gt;</a>&nbsp;&nbsp;&nbsp;hogpd_report_upd_req_handler
<LI><a href="#[33]">&gt;&gt;</a>&nbsp;&nbsp;&nbsp;diss_value_cfm_handler
<LI><a href="#[32]">&gt;&gt;</a>&nbsp;&nbsp;&nbsp;gattc_read_req_ind_handler
<LI><a href="#[28]">&gt;&gt;</a>&nbsp;&nbsp;&nbsp;bass_batt_level_upd_req_handler
<LI><a href="#[27]">&gt;&gt;</a>&nbsp;&nbsp;&nbsp;bass_enable_req_handler
<LI><a href="#[13d]">&gt;&gt;</a>&nbsp;&nbsp;&nbsp;key_status_check
</UL>

<P><STRONG><a name="[f4]"></a>ke_task_msg_flush</STRONG> (Thumb, 0 bytes, Stack size 0 bytes, stack_rom_symbol.txt(ABSOLUTE))
<BR><BR>[Called By]<UL><LI><a href="#[a]">&gt;&gt;</a>&nbsp;&nbsp;&nbsp;prf_init
</UL>

<P><STRONG><a name="[117]"></a>ke_timer_set</STRONG> (Thumb, 0 bytes, Stack size 0 bytes, stack_rom_symbol.txt(ABSOLUTE))
<BR><BR>[Called By]<UL><LI><a href="#[58]">&gt;&gt;</a>&nbsp;&nbsp;&nbsp;app_period_timer_handler
<LI><a href="#[4e]">&gt;&gt;</a>&nbsp;&nbsp;&nbsp;gapc_connection_req_ind_handler
<LI><a href="#[13d]">&gt;&gt;</a>&nbsp;&nbsp;&nbsp;key_status_check
</UL>

<P><STRONG><a name="[109]"></a>ke_timer_clear</STRONG> (Thumb, 0 bytes, Stack size 0 bytes, stack_rom_symbol.txt(ABSOLUTE))
<BR><BR>[Called By]<UL><LI><a href="#[64]">&gt;&gt;</a>&nbsp;&nbsp;&nbsp;gapc_encrypt_req_ind_handler
<LI><a href="#[113]">&gt;&gt;</a>&nbsp;&nbsp;&nbsp;key_wakeup_config
<LI><a href="#[50]">&gt;&gt;</a>&nbsp;&nbsp;&nbsp;gapc_disconnect_ind_handler
<LI><a href="#[4e]">&gt;&gt;</a>&nbsp;&nbsp;&nbsp;gapc_connection_req_ind_handler
<LI><a href="#[110]">&gt;&gt;</a>&nbsp;&nbsp;&nbsp;app_sec_send_security_req
<LI><a href="#[107]">&gt;&gt;</a>&nbsp;&nbsp;&nbsp;appm_stop_advertising
<LI><a href="#[13d]">&gt;&gt;</a>&nbsp;&nbsp;&nbsp;key_status_check
</UL>

<P><STRONG><a name="[108]"></a>ke_timer_active</STRONG> (Thumb, 0 bytes, Stack size 0 bytes, stack_rom_symbol.txt(ABSOLUTE))
<BR><BR>[Called By]<UL><LI><a href="#[64]">&gt;&gt;</a>&nbsp;&nbsp;&nbsp;gapc_encrypt_req_ind_handler
<LI><a href="#[4e]">&gt;&gt;</a>&nbsp;&nbsp;&nbsp;gapc_connection_req_ind_handler
<LI><a href="#[107]">&gt;&gt;</a>&nbsp;&nbsp;&nbsp;appm_stop_advertising
<LI><a href="#[13d]">&gt;&gt;</a>&nbsp;&nbsp;&nbsp;key_status_check
<LI><a href="#[21]">&gt;&gt;</a>&nbsp;&nbsp;&nbsp;app_gpio_int_cb
</UL>

<P><STRONG><a name="[e4]"></a>co_list_init</STRONG> (Thumb, 0 bytes, Stack size 0 bytes, stack_rom_symbol.txt(ABSOLUTE))
<BR><BR>[Called By]<UL><LI><a href="#[2d]">&gt;&gt;</a>&nbsp;&nbsp;&nbsp;diss_init
</UL>

<P><STRONG><a name="[e9]"></a>co_list_push_back</STRONG> (Thumb, 0 bytes, Stack size 0 bytes, stack_rom_symbol.txt(ABSOLUTE))
<BR><BR>[Called By]<UL><LI><a href="#[31]">&gt;&gt;</a>&nbsp;&nbsp;&nbsp;diss_set_value_req_handler
</UL>

<P><STRONG><a name="[e5]"></a>co_list_pop_front</STRONG> (Thumb, 0 bytes, Stack size 0 bytes, stack_rom_symbol.txt(ABSOLUTE))
<BR><BR>[Called By]<UL><LI><a href="#[2e]">&gt;&gt;</a>&nbsp;&nbsp;&nbsp;diss_destroy
</UL>

<P><STRONG><a name="[e8]"></a>co_list_extract</STRONG> (Thumb, 0 bytes, Stack size 0 bytes, stack_rom_symbol.txt(ABSOLUTE))
<BR><BR>[Called By]<UL><LI><a href="#[31]">&gt;&gt;</a>&nbsp;&nbsp;&nbsp;diss_set_value_req_handler
</UL>

<P><STRONG><a name="[92]"></a>em_buf_init</STRONG> (Thumb, 0 bytes, Stack size 0 bytes, stack_rom_symbol.txt(ABSOLUTE))
<BR><BR>[Called By]<UL><LI><a href="#[97]">&gt;&gt;</a>&nbsp;&nbsp;&nbsp;rwble_reset
<LI><a href="#[91]">&gt;&gt;</a>&nbsp;&nbsp;&nbsp;rwble_init
</UL>

<P><STRONG><a name="[94]"></a>llc_init</STRONG> (Thumb, 0 bytes, Stack size 0 bytes, stack_rom_symbol.txt(ABSOLUTE))
<BR><BR>[Called By]<UL><LI><a href="#[91]">&gt;&gt;</a>&nbsp;&nbsp;&nbsp;rwble_init
</UL>

<P><STRONG><a name="[99]"></a>llc_reset</STRONG> (Thumb, 0 bytes, Stack size 0 bytes, stack_rom_symbol.txt(ABSOLUTE))
<BR><BR>[Called By]<UL><LI><a href="#[97]">&gt;&gt;</a>&nbsp;&nbsp;&nbsp;rwble_reset
</UL>

<P><STRONG><a name="[93]"></a>lld_init</STRONG> (Thumb, 0 bytes, Stack size 0 bytes, stack_rom_symbol.txt(ABSOLUTE))
<BR><BR>[Called By]<UL><LI><a href="#[97]">&gt;&gt;</a>&nbsp;&nbsp;&nbsp;rwble_reset
<LI><a href="#[91]">&gt;&gt;</a>&nbsp;&nbsp;&nbsp;rwble_init
</UL>

<P><STRONG><a name="[98]"></a>lld_core_reset</STRONG> (Thumb, 0 bytes, Stack size 0 bytes, stack_rom_symbol.txt(ABSOLUTE))
<BR><BR>[Called By]<UL><LI><a href="#[97]">&gt;&gt;</a>&nbsp;&nbsp;&nbsp;rwble_reset
</UL>

<P><STRONG><a name="[a1]"></a>lld_crypt_isr</STRONG> (Thumb, 0 bytes, Stack size 0 bytes, stack_rom_symbol.txt(ABSOLUTE))
<BR><BR>[Called By]<UL><LI><a href="#[9a]">&gt;&gt;</a>&nbsp;&nbsp;&nbsp;rwble_isr
</UL>

<P><STRONG><a name="[a0]"></a>lld_evt_timer_isr</STRONG> (Thumb, 0 bytes, Stack size 0 bytes, stack_rom_symbol.txt(ABSOLUTE))
<BR><BR>[Called By]<UL><LI><a href="#[9a]">&gt;&gt;</a>&nbsp;&nbsp;&nbsp;rwble_isr
</UL>

<P><STRONG><a name="[9c]"></a>lld_evt_end_isr</STRONG> (Thumb, 0 bytes, Stack size 0 bytes, stack_rom_symbol.txt(ABSOLUTE))
<BR><BR>[Called By]<UL><LI><a href="#[9a]">&gt;&gt;</a>&nbsp;&nbsp;&nbsp;rwble_isr
</UL>

<P><STRONG><a name="[9e]"></a>lld_evt_rx_isr</STRONG> (Thumb, 0 bytes, Stack size 0 bytes, stack_rom_symbol.txt(ABSOLUTE))
<BR><BR>[Called By]<UL><LI><a href="#[9a]">&gt;&gt;</a>&nbsp;&nbsp;&nbsp;rwble_isr
</UL>

<P><STRONG><a name="[95]"></a>llm_init</STRONG> (Thumb, 0 bytes, Stack size 0 bytes, stack_rom_symbol.txt(ABSOLUTE))
<BR><BR>[Called By]<UL><LI><a href="#[97]">&gt;&gt;</a>&nbsp;&nbsp;&nbsp;rwble_reset
<LI><a href="#[91]">&gt;&gt;</a>&nbsp;&nbsp;&nbsp;rwble_init
</UL>

<P><STRONG><a name="[96]"></a>llm_ble_ready</STRONG> (Thumb, 0 bytes, Stack size 0 bytes, stack_rom_symbol.txt(ABSOLUTE))
<BR><BR>[Called By]<UL><LI><a href="#[91]">&gt;&gt;</a>&nbsp;&nbsp;&nbsp;rwble_init
</UL>

<P><STRONG><a name="[ab]"></a>ea_init</STRONG> (Thumb, 0 bytes, Stack size 0 bytes, stack_rom_symbol.txt(ABSOLUTE))
<BR><BR>[Called By]<UL><LI><a href="#[f]">&gt;&gt;</a>&nbsp;&nbsp;&nbsp;rwip_reset
<LI><a href="#[88]">&gt;&gt;</a>&nbsp;&nbsp;&nbsp;rwip_init
</UL>

<P><STRONG><a name="[9b]"></a>ea_finetimer_isr</STRONG> (Thumb, 0 bytes, Stack size 0 bytes, stack_rom_symbol.txt(ABSOLUTE))
<BR><BR>[Called By]<UL><LI><a href="#[9a]">&gt;&gt;</a>&nbsp;&nbsp;&nbsp;rwble_isr
</UL>

<P><STRONG><a name="[9f]"></a>ea_sw_isr</STRONG> (Thumb, 0 bytes, Stack size 0 bytes, stack_rom_symbol.txt(ABSOLUTE))
<BR><BR>[Called By]<UL><LI><a href="#[9a]">&gt;&gt;</a>&nbsp;&nbsp;&nbsp;rwble_isr
</UL>

<P><STRONG><a name="[e0]"></a>gapc_get_conhdl</STRONG> (Thumb, 0 bytes, Stack size 0 bytes, stack_rom_symbol.txt(ABSOLUTE))
<BR><BR>[Called By]<UL><LI><a href="#[39]">&gt;&gt;</a>&nbsp;&nbsp;&nbsp;hogpd_report_upd_req_handler
<LI><a href="#[38]">&gt;&gt;</a>&nbsp;&nbsp;&nbsp;hogpd_enable_req_handler
<LI><a href="#[27]">&gt;&gt;</a>&nbsp;&nbsp;&nbsp;bass_enable_req_handler
</UL>

<P><STRONG><a name="[11e]"></a>gapc_get_bdaddr</STRONG> (Thumb, 0 bytes, Stack size 0 bytes, stack_rom_symbol.txt(ABSOLUTE))
<BR><BR>[Called By]<UL><LI><a href="#[63]">&gt;&gt;</a>&nbsp;&nbsp;&nbsp;gapc_bond_ind_handler
</UL>

<P><STRONG><a name="[a4]"></a>gapm_init</STRONG> (Thumb, 0 bytes, Stack size 0 bytes, stack_rom_symbol.txt(ABSOLUTE))
<BR><BR>[Called By]<UL><LI><a href="#[a2]">&gt;&gt;</a>&nbsp;&nbsp;&nbsp;rwble_hl_init
<LI><a href="#[e]">&gt;&gt;</a>&nbsp;&nbsp;&nbsp;rwble_hl_reset
</UL>

<P><STRONG><a name="[d3]"></a>attm_svc_create_db</STRONG> (Thumb, 0 bytes, Stack size 0 bytes, stack_rom_symbol.txt(ABSOLUTE))
<BR><BR>[Called By]<UL><LI><a href="#[34]">&gt;&gt;</a>&nbsp;&nbsp;&nbsp;hogpd_init
<LI><a href="#[2d]">&gt;&gt;</a>&nbsp;&nbsp;&nbsp;diss_init
<LI><a href="#[23]">&gt;&gt;</a>&nbsp;&nbsp;&nbsp;bass_init
</UL>

<P><STRONG><a name="[ec]"></a>attm_reserve_handle_range</STRONG> (Thumb, 0 bytes, Stack size 0 bytes, stack_rom_symbol.txt(ABSOLUTE))
<BR><BR>[Called By]<UL><LI><a href="#[34]">&gt;&gt;</a>&nbsp;&nbsp;&nbsp;hogpd_init
</UL>

<P><STRONG><a name="[ee]"></a>attm_att_set_value</STRONG> (Thumb, 0 bytes, Stack size 0 bytes, stack_rom_symbol.txt(ABSOLUTE))
<BR><BR>[Called By]<UL><LI><a href="#[34]">&gt;&gt;</a>&nbsp;&nbsp;&nbsp;hogpd_init
</UL>

<P><STRONG><a name="[d4]"></a>attm_att_set_permission</STRONG> (Thumb, 0 bytes, Stack size 0 bytes, stack_rom_symbol.txt(ABSOLUTE))
<BR><BR>[Called By]<UL><LI><a href="#[23]">&gt;&gt;</a>&nbsp;&nbsp;&nbsp;bass_init
</UL>

<P><STRONG><a name="[a3]"></a>attm_init</STRONG> (Thumb, 0 bytes, Stack size 0 bytes, stack_rom_symbol.txt(ABSOLUTE))
<BR><BR>[Called By]<UL><LI><a href="#[a2]">&gt;&gt;</a>&nbsp;&nbsp;&nbsp;rwble_hl_init
<LI><a href="#[e]">&gt;&gt;</a>&nbsp;&nbsp;&nbsp;rwble_hl_reset
</UL>

<P><STRONG><a name="[a5]"></a>gattm_init</STRONG> (Thumb, 0 bytes, Stack size 0 bytes, stack_rom_symbol.txt(ABSOLUTE))
<BR><BR>[Called By]<UL><LI><a href="#[a2]">&gt;&gt;</a>&nbsp;&nbsp;&nbsp;rwble_hl_init
<LI><a href="#[e]">&gt;&gt;</a>&nbsp;&nbsp;&nbsp;rwble_hl_reset
</UL>

<P><STRONG><a name="[a6]"></a>l2cm_init</STRONG> (Thumb, 0 bytes, Stack size 0 bytes, stack_rom_symbol.txt(ABSOLUTE))
<BR><BR>[Called By]<UL><LI><a href="#[a2]">&gt;&gt;</a>&nbsp;&nbsp;&nbsp;rwble_hl_init
<LI><a href="#[e]">&gt;&gt;</a>&nbsp;&nbsp;&nbsp;rwble_hl_reset
</UL>

<P><STRONG><a name="[aa]"></a>hci_init</STRONG> (Thumb, 0 bytes, Stack size 0 bytes, stack_rom_symbol.txt(ABSOLUTE))
<BR><BR>[Called By]<UL><LI><a href="#[88]">&gt;&gt;</a>&nbsp;&nbsp;&nbsp;rwip_init
</UL>

<P><STRONG><a name="[ae]"></a>hci_reset</STRONG> (Thumb, 0 bytes, Stack size 0 bytes, stack_rom_symbol.txt(ABSOLUTE))
<BR><BR>[Called By]<UL><LI><a href="#[f]">&gt;&gt;</a>&nbsp;&nbsp;&nbsp;rwip_reset
</UL>

<P><STRONG><a name="[cf]"></a>__aeabi_uidivmod</STRONG> (Thumb, 0 bytes, Stack size 0 bytes, stack_rom_symbol.txt(ABSOLUTE))
<BR><BR>[Called By]<UL><LI><a href="#[119]">&gt;&gt;</a>&nbsp;&nbsp;&nbsp;key_process
<LI><a href="#[11a]">&gt;&gt;</a>&nbsp;&nbsp;&nbsp;hid_send_keycode
<LI><a href="#[cd]">&gt;&gt;</a>&nbsp;&nbsp;&nbsp;kmod_calibration
<LI><a href="#[150]">&gt;&gt;</a>&nbsp;&nbsp;&nbsp;_printf_core
</UL>

<P><STRONG><a name="[f9]"></a>rand</STRONG> (Thumb, 0 bytes, Stack size 0 bytes, stack_rom_symbol.txt(ABSOLUTE))
<BR><BR>[Called By]<UL><LI><a href="#[62]">&gt;&gt;</a>&nbsp;&nbsp;&nbsp;gapc_bond_req_ind_handler
<LI><a href="#[ac]">&gt;&gt;</a>&nbsp;&nbsp;&nbsp;appm_init
<LI><a href="#[12d]">&gt;&gt;</a>&nbsp;&nbsp;&nbsp;appm_gapm_gen_rand_addr
</UL>

<P><STRONG><a name="[86]"></a>srand</STRONG> (Thumb, 0 bytes, Stack size 0 bytes, stack_rom_symbol.txt(ABSOLUTE))
<BR><BR>[Called By]<UL><LI><a href="#[97]">&gt;&gt;</a>&nbsp;&nbsp;&nbsp;rwble_reset
<LI><a href="#[7d]">&gt;&gt;</a>&nbsp;&nbsp;&nbsp;rw_main
</UL>

<P><STRONG><a name="[7a]"></a>__aeabi_memcpy</STRONG> (Thumb, 0 bytes, Stack size 0 bytes, stack_rom_symbol.txt(ABSOLUTE))
<BR><BR>[Called By]<UL><LI><a href="#[64]">&gt;&gt;</a>&nbsp;&nbsp;&nbsp;gapc_encrypt_req_ind_handler
<LI><a href="#[63]">&gt;&gt;</a>&nbsp;&nbsp;&nbsp;gapc_bond_ind_handler
<LI><a href="#[62]">&gt;&gt;</a>&nbsp;&nbsp;&nbsp;gapc_bond_req_ind_handler
<LI><a href="#[119]">&gt;&gt;</a>&nbsp;&nbsp;&nbsp;key_process
<LI><a href="#[4b]">&gt;&gt;</a>&nbsp;&nbsp;&nbsp;gapm_cmp_evt_handler
<LI><a href="#[47]">&gt;&gt;</a>&nbsp;&nbsp;&nbsp;diss_value_req_ind_handler
<LI><a href="#[106]">&gt;&gt;</a>&nbsp;&nbsp;&nbsp;appm_add_dev_to_wlist
<LI><a href="#[10c]">&gt;&gt;</a>&nbsp;&nbsp;&nbsp;appm_get_dev_name
<LI><a href="#[10b]">&gt;&gt;</a>&nbsp;&nbsp;&nbsp;appm_update_adv_data
<LI><a href="#[101]">&gt;&gt;</a>&nbsp;&nbsp;&nbsp;appm_start_dirc_adver
<LI><a href="#[ff]">&gt;&gt;</a>&nbsp;&nbsp;&nbsp;appm_start_advertising
<LI><a href="#[3e]">&gt;&gt;</a>&nbsp;&nbsp;&nbsp;gattc_read_req_ind_handler
<LI><a href="#[3d]">&gt;&gt;</a>&nbsp;&nbsp;&nbsp;gattc_write_req_ind_handler
<LI><a href="#[3a]">&gt;&gt;</a>&nbsp;&nbsp;&nbsp;hogpd_report_cfm_handler
<LI><a href="#[ef]">&gt;&gt;</a>&nbsp;&nbsp;&nbsp;hogpd_ntf_send
<LI><a href="#[34]">&gt;&gt;</a>&nbsp;&nbsp;&nbsp;hogpd_init
<LI><a href="#[33]">&gt;&gt;</a>&nbsp;&nbsp;&nbsp;diss_value_cfm_handler
<LI><a href="#[32]">&gt;&gt;</a>&nbsp;&nbsp;&nbsp;gattc_read_req_ind_handler
<LI><a href="#[31]">&gt;&gt;</a>&nbsp;&nbsp;&nbsp;diss_set_value_req_handler
<LI><a href="#[23]">&gt;&gt;</a>&nbsp;&nbsp;&nbsp;bass_init
<LI><a href="#[ac]">&gt;&gt;</a>&nbsp;&nbsp;&nbsp;appm_init
<LI><a href="#[79]">&gt;&gt;</a>&nbsp;&nbsp;&nbsp;flash_read
<LI><a href="#[78]">&gt;&gt;</a>&nbsp;&nbsp;&nbsp;bdaddr_env_init
<LI><a href="#[12f]">&gt;&gt;</a>&nbsp;&nbsp;&nbsp;appm_gapm_set_irk
<LI><a href="#[12c]">&gt;&gt;</a>&nbsp;&nbsp;&nbsp;appm_gapm_resolv_dev_addr
<LI><a href="#[12a]">&gt;&gt;</a>&nbsp;&nbsp;&nbsp;appm_get_ral_peer_addr
<LI><a href="#[129]">&gt;&gt;</a>&nbsp;&nbsp;&nbsp;appm_get_ral_loc_addr
<LI><a href="#[128]">&gt;&gt;</a>&nbsp;&nbsp;&nbsp;appm_rmv_ral_dev_from_list
<LI><a href="#[127]">&gt;&gt;</a>&nbsp;&nbsp;&nbsp;appm_add_ral_dev_to_list
<LI><a href="#[124]">&gt;&gt;</a>&nbsp;&nbsp;&nbsp;appm_rmv_dev_from_wlist
<LI><a href="#[122]">&gt;&gt;</a>&nbsp;&nbsp;&nbsp;app_hid_send_sensor_report
<LI><a href="#[121]">&gt;&gt;</a>&nbsp;&nbsp;&nbsp;app_hid_send_mouse_report
<LI><a href="#[120]">&gt;&gt;</a>&nbsp;&nbsp;&nbsp;app_hid_send_report
<LI><a href="#[69]">&gt;&gt;</a>&nbsp;&nbsp;&nbsp;hogpd_report_req_ind_handler
</UL>

<P><STRONG><a name="[ca]"></a>__aeabi_memcpy4</STRONG> (Thumb, 0 bytes, Stack size 0 bytes, stack_rom_symbol.txt(ABSOLUTE))
<BR><BR>[Called By]<UL><LI><a href="#[ff]">&gt;&gt;</a>&nbsp;&nbsp;&nbsp;appm_start_advertising
<LI><a href="#[c9]">&gt;&gt;</a>&nbsp;&nbsp;&nbsp;hex2Str
</UL>

<P><STRONG><a name="[eb]"></a>__aeabi_memclr</STRONG> (Thumb, 0 bytes, Stack size 0 bytes, stack_rom_symbol.txt(ABSOLUTE))
<BR><BR>[Called By]<UL><LI><a href="#[63]">&gt;&gt;</a>&nbsp;&nbsp;&nbsp;gapc_bond_ind_handler
<LI><a href="#[62]">&gt;&gt;</a>&nbsp;&nbsp;&nbsp;gapc_bond_req_ind_handler
<LI><a href="#[10e]">&gt;&gt;</a>&nbsp;&nbsp;&nbsp;app_sec_remove_bond
<LI><a href="#[34]">&gt;&gt;</a>&nbsp;&nbsp;&nbsp;hogpd_init
<LI><a href="#[ac]">&gt;&gt;</a>&nbsp;&nbsp;&nbsp;appm_init
<LI><a href="#[69]">&gt;&gt;</a>&nbsp;&nbsp;&nbsp;hogpd_report_req_ind_handler
</UL>

<P><STRONG><a name="[7c]"></a>__aeabi_memclr4</STRONG> (Thumb, 0 bytes, Stack size 0 bytes, stack_rom_symbol.txt(ABSOLUTE))
<BR><BR>[Called By]<UL><LI><a href="#[fa]">&gt;&gt;</a>&nbsp;&nbsp;&nbsp;app_hid_init
<LI><a href="#[23]">&gt;&gt;</a>&nbsp;&nbsp;&nbsp;bass_init
<LI><a href="#[14]">&gt;&gt;</a>&nbsp;&nbsp;&nbsp;uart_clear_rxfifo
<LI><a href="#[7b]">&gt;&gt;</a>&nbsp;&nbsp;&nbsp;rom_env_init
<LI><a href="#[122]">&gt;&gt;</a>&nbsp;&nbsp;&nbsp;app_hid_send_sensor_report
</UL>

<P><STRONG><a name="[11f]"></a>memcmp</STRONG> (Thumb, 0 bytes, Stack size 0 bytes, stack_rom_symbol.txt(ABSOLUTE))
<BR><BR>[Called By]<UL><LI><a href="#[64]">&gt;&gt;</a>&nbsp;&nbsp;&nbsp;gapc_encrypt_req_ind_handler
</UL>

<P><STRONG><a name="[145]"></a>__ARM_clz</STRONG> (ARM, 0 bytes, Stack size 0 bytes, stack_rom_symbol.txt(ABSOLUTE), UNUSED)
<BR><BR>[Called By]<UL><LI><a href="#[148]">&gt;&gt;</a>&nbsp;&nbsp;&nbsp;_double_epilogue (via BLX)
<LI><a href="#[13f]">&gt;&gt;</a>&nbsp;&nbsp;&nbsp;_float_epilogue (via BLX)
</UL>

<P><STRONG><a name="[74]"></a>__ARM_common_disable_fiq</STRONG> (ARM, 0 bytes, Stack size 0 bytes, stack_rom_symbol.txt(ABSOLUTE))
<BR><BR>[Called By]<UL><LI><a href="#[97]">&gt;&gt;</a>&nbsp;&nbsp;&nbsp;rwble_reset (via BLX)
<LI><a href="#[f]">&gt;&gt;</a>&nbsp;&nbsp;&nbsp;rwip_reset (via BLX)
<LI><a href="#[7d]">&gt;&gt;</a>&nbsp;&nbsp;&nbsp;rw_main (via BLX)
<LI><a href="#[10]">&gt;&gt;</a>&nbsp;&nbsp;&nbsp;platform_reset (via BLX)
</UL>

<P><STRONG><a name="[75]"></a>__ARM_common_disable_irq</STRONG> (ARM, 0 bytes, Stack size 0 bytes, stack_rom_symbol.txt(ABSOLUTE))
<BR><BR>[Called By]<UL><LI><a href="#[97]">&gt;&gt;</a>&nbsp;&nbsp;&nbsp;rwble_reset (via BLX)
<LI><a href="#[f]">&gt;&gt;</a>&nbsp;&nbsp;&nbsp;rwip_reset (via BLX)
<LI><a href="#[7d]">&gt;&gt;</a>&nbsp;&nbsp;&nbsp;rw_main (via BLX)
<LI><a href="#[10]">&gt;&gt;</a>&nbsp;&nbsp;&nbsp;platform_reset (via BLX)
</UL>

<P><STRONG><a name="[8b]"></a>__ARM_common_enable_fiq</STRONG> (ARM, 0 bytes, Stack size 0 bytes, stack_rom_symbol.txt(ABSOLUTE))
<BR><BR>[Called By]<UL><LI><a href="#[97]">&gt;&gt;</a>&nbsp;&nbsp;&nbsp;rwble_reset (via BLX)
<LI><a href="#[f]">&gt;&gt;</a>&nbsp;&nbsp;&nbsp;rwip_reset (via BLX)
<LI><a href="#[7d]">&gt;&gt;</a>&nbsp;&nbsp;&nbsp;rw_main (via BLX)
</UL>

<P><STRONG><a name="[8c]"></a>__ARM_common_enable_irq</STRONG> (ARM, 0 bytes, Stack size 0 bytes, stack_rom_symbol.txt(ABSOLUTE))
<BR><BR>[Called By]<UL><LI><a href="#[97]">&gt;&gt;</a>&nbsp;&nbsp;&nbsp;rwble_reset (via BLX)
<LI><a href="#[f]">&gt;&gt;</a>&nbsp;&nbsp;&nbsp;rwip_reset (via BLX)
<LI><a href="#[7d]">&gt;&gt;</a>&nbsp;&nbsp;&nbsp;rw_main (via BLX)
</UL>

<P><STRONG><a name="[f1]"></a>__ARM_common_switch8</STRONG> (ARM, 0 bytes, Stack size 0 bytes, stack_rom_symbol.txt(ABSOLUTE))
<BR><BR>[Called By]<UL><LI><a href="#[47]">&gt;&gt;</a>&nbsp;&nbsp;&nbsp;diss_value_req_ind_handler (via BLX)
<LI><a href="#[3e]">&gt;&gt;</a>&nbsp;&nbsp;&nbsp;gattc_read_req_ind_handler (via BLX)
<LI><a href="#[3c]">&gt;&gt;</a>&nbsp;&nbsp;&nbsp;gattc_att_info_req_ind_handler (via BLX)
<LI><a href="#[3a]">&gt;&gt;</a>&nbsp;&nbsp;&nbsp;hogpd_report_cfm_handler (via BLX)
<LI><a href="#[135]">&gt;&gt;</a>&nbsp;&nbsp;&nbsp;key_data_analysis (via BLX)
</UL>

<P><STRONG><a name="[6d]"></a>sys_Reset</STRONG> (ARM, 0 bytes, Stack size 0 bytes, boot_handlers.o(SYS_BOOT))
<BR><BR>[Calls]<UL><LI><a href="#[7d]">&gt;&gt;</a>&nbsp;&nbsp;&nbsp;rw_main (via Veneer)
</UL>

<P><STRONG><a name="[6e]"></a>SYSirq_FIQ_Handler</STRONG> (ARM, 16 bytes, Stack size 0 bytes, intc.o(sys_fiq_entry))
<BR><BR>[Calls]<UL><LI><a href="#[6f]">&gt;&gt;</a>&nbsp;&nbsp;&nbsp;FIQ_Exception (via BLX)
</UL>
<BR>[Called By]<UL><LI><a href="#[7]">&gt;&gt;</a>&nbsp;&nbsp;&nbsp;FIQ_Handler
</UL>

<P><STRONG><a name="[70]"></a>SYSirq_IRQ_Handler</STRONG> (ARM, 16 bytes, Stack size 0 bytes, intc.o(sys_irq_entry))
<BR><BR>[Calls]<UL><LI><a href="#[71]">&gt;&gt;</a>&nbsp;&nbsp;&nbsp;IRQ_Exception (via BLX)
</UL>
<BR>[Called By]<UL><LI><a href="#[6]">&gt;&gt;</a>&nbsp;&nbsp;&nbsp;IRQ_Handler
</UL>

<P><STRONG><a name="[11]"></a>assert_err</STRONG> (Thumb, 18 bytes, Stack size 0 bytes, arch_main.o(.text))
<BR><BR>[Calls]<UL><LI><a href="#[19]">&gt;&gt;</a>&nbsp;&nbsp;&nbsp;uart_printf
</UL>
<BR>[Called By]<UL><LI><a href="#[16]">&gt;&gt;</a>&nbsp;&nbsp;&nbsp;uart_write
<LI><a href="#[15]">&gt;&gt;</a>&nbsp;&nbsp;&nbsp;uart_read
</UL>
<BR>[Address Reference Count : 1]<UL><LI> arch_main.o(.text)
</UL>
<P><STRONG><a name="[12]"></a>assert_param</STRONG> (Thumb, 22 bytes, Stack size 0 bytes, arch_main.o(.text))
<BR><BR>[Calls]<UL><LI><a href="#[19]">&gt;&gt;</a>&nbsp;&nbsp;&nbsp;uart_printf
</UL>
<BR>[Address Reference Count : 1]<UL><LI> arch_main.o(.text)
</UL>
<P><STRONG><a name="[72]"></a>assert_warn</STRONG> (Thumb, 22 bytes, Stack size 0 bytes, arch_main.o(.text), UNUSED)
<BR><BR>[Calls]<UL><LI><a href="#[19]">&gt;&gt;</a>&nbsp;&nbsp;&nbsp;uart_printf
</UL>

<P><STRONG><a name="[73]"></a>dump_data</STRONG> (Thumb, 18 bytes, Stack size 0 bytes, arch_main.o(.text), UNUSED)
<BR><BR>[Calls]<UL><LI><a href="#[19]">&gt;&gt;</a>&nbsp;&nbsp;&nbsp;uart_printf
</UL>

<P><STRONG><a name="[10]"></a>platform_reset</STRONG> (Thumb, 46 bytes, Stack size 0 bytes, arch_main.o(.text))
<BR><BR>[Calls]<UL><LI><a href="#[75]">&gt;&gt;</a>&nbsp;&nbsp;&nbsp;__ARM_common_disable_irq (via BLX)
<LI><a href="#[74]">&gt;&gt;</a>&nbsp;&nbsp;&nbsp;__ARM_common_disable_fiq (via BLX)
<LI><a href="#[77]">&gt;&gt;</a>&nbsp;&nbsp;&nbsp;wdt_enable
<LI><a href="#[19]">&gt;&gt;</a>&nbsp;&nbsp;&nbsp;uart_printf
<LI><a href="#[76]">&gt;&gt;</a>&nbsp;&nbsp;&nbsp;uart_finish_transfers
</UL>
<BR>[Address Reference Count : 1]<UL><LI> arch_main.o(.text)
</UL>
<P><STRONG><a name="[78]"></a>bdaddr_env_init</STRONG> (Thumb, 74 bytes, Stack size 0 bytes, arch_main.o(.text))
<BR><BR>[Calls]<UL><LI><a href="#[79]">&gt;&gt;</a>&nbsp;&nbsp;&nbsp;flash_read
<LI><a href="#[7a]">&gt;&gt;</a>&nbsp;&nbsp;&nbsp;__aeabi_memcpy
</UL>
<BR>[Called By]<UL><LI><a href="#[7d]">&gt;&gt;</a>&nbsp;&nbsp;&nbsp;rw_main
</UL>

<P><STRONG><a name="[7b]"></a>rom_env_init</STRONG> (Thumb, 66 bytes, Stack size 0 bytes, arch_main.o(.text))
<BR><BR>[Calls]<UL><LI><a href="#[7c]">&gt;&gt;</a>&nbsp;&nbsp;&nbsp;__aeabi_memclr4
</UL>
<BR>[Called By]<UL><LI><a href="#[7d]">&gt;&gt;</a>&nbsp;&nbsp;&nbsp;rw_main
</UL>

<P><STRONG><a name="[82]"></a>rwip_eif_api_init</STRONG> (Thumb, 20 bytes, Stack size 0 bytes, arch_main.o(.text))
<BR><BR>[Called By]<UL><LI><a href="#[7d]">&gt;&gt;</a>&nbsp;&nbsp;&nbsp;rw_main
</UL>

<P><STRONG><a name="[7d]"></a>rw_main</STRONG> (Thumb, 174 bytes, Stack size 0 bytes, arch_main.o(.text))
<BR><BR>[Calls]<UL><LI><a href="#[8c]">&gt;&gt;</a>&nbsp;&nbsp;&nbsp;__ARM_common_enable_irq (via BLX)
<LI><a href="#[8b]">&gt;&gt;</a>&nbsp;&nbsp;&nbsp;__ARM_common_enable_fiq (via BLX)
<LI><a href="#[75]">&gt;&gt;</a>&nbsp;&nbsp;&nbsp;__ARM_common_disable_irq (via BLX)
<LI><a href="#[74]">&gt;&gt;</a>&nbsp;&nbsp;&nbsp;__ARM_common_disable_fiq (via BLX)
<LI><a href="#[8e]">&gt;&gt;</a>&nbsp;&nbsp;&nbsp;wdt_disable
<LI><a href="#[19]">&gt;&gt;</a>&nbsp;&nbsp;&nbsp;uart_printf
<LI><a href="#[84]">&gt;&gt;</a>&nbsp;&nbsp;&nbsp;uart_init
<LI><a href="#[81]">&gt;&gt;</a>&nbsp;&nbsp;&nbsp;timer_init
<LI><a href="#[7f]">&gt;&gt;</a>&nbsp;&nbsp;&nbsp;system_sleep_init
<LI><a href="#[87]">&gt;&gt;</a>&nbsp;&nbsp;&nbsp;system_reset_reson
<LI><a href="#[86]">&gt;&gt;</a>&nbsp;&nbsp;&nbsp;srand
<LI><a href="#[8d]">&gt;&gt;</a>&nbsp;&nbsp;&nbsp;rwip_schedule
<LI><a href="#[88]">&gt;&gt;</a>&nbsp;&nbsp;&nbsp;rwip_init
<LI><a href="#[8a]">&gt;&gt;</a>&nbsp;&nbsp;&nbsp;key_init
<LI><a href="#[83]">&gt;&gt;</a>&nbsp;&nbsp;&nbsp;intc_init
<LI><a href="#[7e]">&gt;&gt;</a>&nbsp;&nbsp;&nbsp;icu_init
<LI><a href="#[89]">&gt;&gt;</a>&nbsp;&nbsp;&nbsp;gpio_init
<LI><a href="#[85]">&gt;&gt;</a>&nbsp;&nbsp;&nbsp;flash_init
<LI><a href="#[80]">&gt;&gt;</a>&nbsp;&nbsp;&nbsp;emi_init
<LI><a href="#[82]">&gt;&gt;</a>&nbsp;&nbsp;&nbsp;rwip_eif_api_init
<LI><a href="#[7b]">&gt;&gt;</a>&nbsp;&nbsp;&nbsp;rom_env_init
<LI><a href="#[78]">&gt;&gt;</a>&nbsp;&nbsp;&nbsp;bdaddr_env_init
<LI><a href="#[8f]">&gt;&gt;</a>&nbsp;&nbsp;&nbsp;Stack_Integrity_Check
</UL>
<BR>[Called By]<UL><LI><a href="#[6d]">&gt;&gt;</a>&nbsp;&nbsp;&nbsp;sys_Reset (via Veneer)
</UL>

<P><STRONG><a name="[91]"></a>rwble_init</STRONG> (Thumb, 28 bytes, Stack size 0 bytes, rwble.o(.text))
<BR><BR>[Calls]<UL><LI><a href="#[96]">&gt;&gt;</a>&nbsp;&nbsp;&nbsp;llm_ble_ready
<LI><a href="#[95]">&gt;&gt;</a>&nbsp;&nbsp;&nbsp;llm_init
<LI><a href="#[93]">&gt;&gt;</a>&nbsp;&nbsp;&nbsp;lld_init
<LI><a href="#[94]">&gt;&gt;</a>&nbsp;&nbsp;&nbsp;llc_init
<LI><a href="#[92]">&gt;&gt;</a>&nbsp;&nbsp;&nbsp;em_buf_init
</UL>
<BR>[Called By]<UL><LI><a href="#[88]">&gt;&gt;</a>&nbsp;&nbsp;&nbsp;rwip_init
</UL>

<P><STRONG><a name="[97]"></a>rwble_reset</STRONG> (Thumb, 86 bytes, Stack size 0 bytes, rwble.o(.text))
<BR><BR>[Calls]<UL><LI><a href="#[8c]">&gt;&gt;</a>&nbsp;&nbsp;&nbsp;__ARM_common_enable_irq (via BLX)
<LI><a href="#[8b]">&gt;&gt;</a>&nbsp;&nbsp;&nbsp;__ARM_common_enable_fiq (via BLX)
<LI><a href="#[75]">&gt;&gt;</a>&nbsp;&nbsp;&nbsp;__ARM_common_disable_irq (via BLX)
<LI><a href="#[74]">&gt;&gt;</a>&nbsp;&nbsp;&nbsp;__ARM_common_disable_fiq (via BLX)
<LI><a href="#[95]">&gt;&gt;</a>&nbsp;&nbsp;&nbsp;llm_init
<LI><a href="#[98]">&gt;&gt;</a>&nbsp;&nbsp;&nbsp;lld_core_reset
<LI><a href="#[93]">&gt;&gt;</a>&nbsp;&nbsp;&nbsp;lld_init
<LI><a href="#[99]">&gt;&gt;</a>&nbsp;&nbsp;&nbsp;llc_reset
<LI><a href="#[92]">&gt;&gt;</a>&nbsp;&nbsp;&nbsp;em_buf_init
<LI><a href="#[86]">&gt;&gt;</a>&nbsp;&nbsp;&nbsp;srand
</UL>
<BR>[Called By]<UL><LI><a href="#[f]">&gt;&gt;</a>&nbsp;&nbsp;&nbsp;rwip_reset
</UL>

<P><STRONG><a name="[b0]"></a>rwble_version</STRONG> (Thumb, 44 bytes, Stack size 0 bytes, rwble.o(.text), UNUSED)
<BR><BR>[Called By]<UL><LI><a href="#[af]">&gt;&gt;</a>&nbsp;&nbsp;&nbsp;rwip_version
</UL>

<P><STRONG><a name="[9a]"></a>rwble_isr</STRONG> (Thumb, 144 bytes, Stack size 0 bytes, rwble.o(.text))
<BR><BR>[Calls]<UL><LI><a href="#[9d]">&gt;&gt;</a>&nbsp;&nbsp;&nbsp;wdt_feed
<LI><a href="#[9f]">&gt;&gt;</a>&nbsp;&nbsp;&nbsp;ea_sw_isr
<LI><a href="#[9b]">&gt;&gt;</a>&nbsp;&nbsp;&nbsp;ea_finetimer_isr
<LI><a href="#[9e]">&gt;&gt;</a>&nbsp;&nbsp;&nbsp;lld_evt_rx_isr
<LI><a href="#[9c]">&gt;&gt;</a>&nbsp;&nbsp;&nbsp;lld_evt_end_isr
<LI><a href="#[a0]">&gt;&gt;</a>&nbsp;&nbsp;&nbsp;lld_evt_timer_isr
<LI><a href="#[a1]">&gt;&gt;</a>&nbsp;&nbsp;&nbsp;lld_crypt_isr
</UL>
<BR>[Called By]<UL><LI><a href="#[6f]">&gt;&gt;</a>&nbsp;&nbsp;&nbsp;FIQ_Exception
</UL>

<P><STRONG><a name="[a2]"></a>rwble_hl_init</STRONG> (Thumb, 28 bytes, Stack size 0 bytes, rwble_hl.o(.text))
<BR><BR>[Calls]<UL><LI><a href="#[a6]">&gt;&gt;</a>&nbsp;&nbsp;&nbsp;l2cm_init
<LI><a href="#[a3]">&gt;&gt;</a>&nbsp;&nbsp;&nbsp;attm_init
<LI><a href="#[a5]">&gt;&gt;</a>&nbsp;&nbsp;&nbsp;gattm_init
<LI><a href="#[a4]">&gt;&gt;</a>&nbsp;&nbsp;&nbsp;gapm_init
</UL>
<BR>[Called By]<UL><LI><a href="#[88]">&gt;&gt;</a>&nbsp;&nbsp;&nbsp;rwip_init
</UL>

<P><STRONG><a name="[e]"></a>rwble_hl_reset</STRONG> (Thumb, 28 bytes, Stack size 0 bytes, rwble_hl.o(.text))
<BR><BR>[Calls]<UL><LI><a href="#[a6]">&gt;&gt;</a>&nbsp;&nbsp;&nbsp;l2cm_init
<LI><a href="#[a3]">&gt;&gt;</a>&nbsp;&nbsp;&nbsp;attm_init
<LI><a href="#[a5]">&gt;&gt;</a>&nbsp;&nbsp;&nbsp;gattm_init
<LI><a href="#[a4]">&gt;&gt;</a>&nbsp;&nbsp;&nbsp;gapm_init
</UL>
<BR>[Address Reference Count : 1]<UL><LI> arch_main.o(.text)
</UL>
<P><STRONG><a name="[88]"></a>rwip_init</STRONG> (Thumb, 84 bytes, Stack size 0 bytes, rwip.o(.text))
<BR><BR>[Calls]<UL><LI><a href="#[a9]">&gt;&gt;</a>&nbsp;&nbsp;&nbsp;rf_init
<LI><a href="#[ac]">&gt;&gt;</a>&nbsp;&nbsp;&nbsp;appm_init
<LI><a href="#[a2]">&gt;&gt;</a>&nbsp;&nbsp;&nbsp;rwble_hl_init
<LI><a href="#[91]">&gt;&gt;</a>&nbsp;&nbsp;&nbsp;rwble_init
<LI><a href="#[aa]">&gt;&gt;</a>&nbsp;&nbsp;&nbsp;hci_init
<LI><a href="#[ab]">&gt;&gt;</a>&nbsp;&nbsp;&nbsp;ea_init
<LI><a href="#[a8]">&gt;&gt;</a>&nbsp;&nbsp;&nbsp;ke_mem_init
<LI><a href="#[a7]">&gt;&gt;</a>&nbsp;&nbsp;&nbsp;ke_init
</UL>
<BR>[Called By]<UL><LI><a href="#[7d]">&gt;&gt;</a>&nbsp;&nbsp;&nbsp;rw_main
</UL>

<P><STRONG><a name="[f]"></a>rwip_reset</STRONG> (Thumb, 56 bytes, Stack size 0 bytes, rwip.o(.text))
<BR><BR>[Calls]<UL><LI><a href="#[97]">&gt;&gt;</a>&nbsp;&nbsp;&nbsp;rwble_reset
<LI><a href="#[8c]">&gt;&gt;</a>&nbsp;&nbsp;&nbsp;__ARM_common_enable_irq (via BLX)
<LI><a href="#[8b]">&gt;&gt;</a>&nbsp;&nbsp;&nbsp;__ARM_common_enable_fiq (via BLX)
<LI><a href="#[75]">&gt;&gt;</a>&nbsp;&nbsp;&nbsp;__ARM_common_disable_irq (via BLX)
<LI><a href="#[74]">&gt;&gt;</a>&nbsp;&nbsp;&nbsp;__ARM_common_disable_fiq (via BLX)
<LI><a href="#[ae]">&gt;&gt;</a>&nbsp;&nbsp;&nbsp;hci_reset
<LI><a href="#[ab]">&gt;&gt;</a>&nbsp;&nbsp;&nbsp;ea_init
<LI><a href="#[ad]">&gt;&gt;</a>&nbsp;&nbsp;&nbsp;ke_flush
</UL>
<BR>[Address Reference Count : 1]<UL><LI> arch_main.o(.text)
</UL>
<P><STRONG><a name="[af]"></a>rwip_version</STRONG> (Thumb, 8 bytes, Stack size 0 bytes, rwip.o(.text), UNUSED)
<BR><BR>[Calls]<UL><LI><a href="#[b0]">&gt;&gt;</a>&nbsp;&nbsp;&nbsp;rwble_version
</UL>

<P><STRONG><a name="[8d]"></a>rwip_schedule</STRONG> (Thumb, 8 bytes, Stack size 0 bytes, rwip.o(.text))
<BR><BR>[Calls]<UL><LI><a href="#[b1]">&gt;&gt;</a>&nbsp;&nbsp;&nbsp;ke_event_schedule
</UL>
<BR>[Called By]<UL><LI><a href="#[7d]">&gt;&gt;</a>&nbsp;&nbsp;&nbsp;rw_main
</UL>

<P><STRONG><a name="[b2]"></a>rwip_sleep</STRONG> (Thumb, 18 bytes, Stack size 0 bytes, rwip.o(.text), UNUSED)
<BR><BR>[Calls]<UL><LI><a href="#[b3]">&gt;&gt;</a>&nbsp;&nbsp;&nbsp;ke_sleep_check
</UL>

<P><STRONG><a name="[80]"></a>emi_init</STRONG> (Thumb, 20 bytes, Stack size 0 bytes, emi.o(.text))
<BR><BR>[Called By]<UL><LI><a href="#[7d]">&gt;&gt;</a>&nbsp;&nbsp;&nbsp;rw_main
</UL>

<P><STRONG><a name="[85]"></a>flash_init</STRONG> (Thumb, 24 bytes, Stack size 0 bytes, flash.o(.text))
<BR><BR>[Called By]<UL><LI><a href="#[7d]">&gt;&gt;</a>&nbsp;&nbsp;&nbsp;rw_main
</UL>

<P><STRONG><a name="[b4]"></a>flash_readword</STRONG> (Thumb, 50 bytes, Stack size 0 bytes, flash.o(.text))
<BR><BR>[Calls]<UL><LI><a href="#[b8]">&gt;&gt;</a>&nbsp;&nbsp;&nbsp;flash_status
<LI><a href="#[b7]">&gt;&gt;</a>&nbsp;&nbsp;&nbsp;flash_start
<LI><a href="#[b9]">&gt;&gt;</a>&nbsp;&nbsp;&nbsp;flash_clearKey
<LI><a href="#[b5]">&gt;&gt;</a>&nbsp;&nbsp;&nbsp;flash_writeKey
<LI><a href="#[b6]">&gt;&gt;</a>&nbsp;&nbsp;&nbsp;flash_unlock
</UL>
<BR>[Called By]<UL><LI><a href="#[79]">&gt;&gt;</a>&nbsp;&nbsp;&nbsp;flash_read
</UL>

<P><STRONG><a name="[ba]"></a>flash_writeword</STRONG> (Thumb, 50 bytes, Stack size 0 bytes, flash.o(.text))
<BR><BR>[Calls]<UL><LI><a href="#[b8]">&gt;&gt;</a>&nbsp;&nbsp;&nbsp;flash_status
<LI><a href="#[b7]">&gt;&gt;</a>&nbsp;&nbsp;&nbsp;flash_start
<LI><a href="#[b9]">&gt;&gt;</a>&nbsp;&nbsp;&nbsp;flash_clearKey
<LI><a href="#[b5]">&gt;&gt;</a>&nbsp;&nbsp;&nbsp;flash_writeKey
<LI><a href="#[b6]">&gt;&gt;</a>&nbsp;&nbsp;&nbsp;flash_unlock
</UL>
<BR>[Called By]<UL><LI><a href="#[bd]">&gt;&gt;</a>&nbsp;&nbsp;&nbsp;flash_write
</UL>

<P><STRONG><a name="[bb]"></a>flash_erase_sector</STRONG> (Thumb, 48 bytes, Stack size 0 bytes, flash.o(.text))
<BR><BR>[Calls]<UL><LI><a href="#[b8]">&gt;&gt;</a>&nbsp;&nbsp;&nbsp;flash_status
<LI><a href="#[b7]">&gt;&gt;</a>&nbsp;&nbsp;&nbsp;flash_start
<LI><a href="#[b9]">&gt;&gt;</a>&nbsp;&nbsp;&nbsp;flash_clearKey
<LI><a href="#[b5]">&gt;&gt;</a>&nbsp;&nbsp;&nbsp;flash_writeKey
<LI><a href="#[b6]">&gt;&gt;</a>&nbsp;&nbsp;&nbsp;flash_unlock
</UL>
<BR>[Called By]<UL><LI><a href="#[63]">&gt;&gt;</a>&nbsp;&nbsp;&nbsp;gapc_bond_ind_handler
<LI><a href="#[62]">&gt;&gt;</a>&nbsp;&nbsp;&nbsp;gapc_bond_req_ind_handler
<LI><a href="#[10e]">&gt;&gt;</a>&nbsp;&nbsp;&nbsp;app_sec_remove_bond
<LI><a href="#[bc]">&gt;&gt;</a>&nbsp;&nbsp;&nbsp;flash_erase
</UL>

<P><STRONG><a name="[bc]"></a>flash_erase</STRONG> (Thumb, 36 bytes, Stack size 0 bytes, flash.o(.text), UNUSED)
<BR><BR>[Calls]<UL><LI><a href="#[bb]">&gt;&gt;</a>&nbsp;&nbsp;&nbsp;flash_erase_sector
</UL>

<P><STRONG><a name="[bd]"></a>flash_write</STRONG> (Thumb, 110 bytes, Stack size 0 bytes, flash.o(.text))
<BR><BR>[Calls]<UL><LI><a href="#[ba]">&gt;&gt;</a>&nbsp;&nbsp;&nbsp;flash_writeword
</UL>
<BR>[Called By]<UL><LI><a href="#[63]">&gt;&gt;</a>&nbsp;&nbsp;&nbsp;gapc_bond_ind_handler
<LI><a href="#[62]">&gt;&gt;</a>&nbsp;&nbsp;&nbsp;gapc_bond_req_ind_handler
<LI><a href="#[10e]">&gt;&gt;</a>&nbsp;&nbsp;&nbsp;app_sec_remove_bond
</UL>

<P><STRONG><a name="[79]"></a>flash_read</STRONG> (Thumb, 102 bytes, Stack size 0 bytes, flash.o(.text))
<BR><BR>[Calls]<UL><LI><a href="#[b4]">&gt;&gt;</a>&nbsp;&nbsp;&nbsp;flash_readword
<LI><a href="#[7a]">&gt;&gt;</a>&nbsp;&nbsp;&nbsp;__aeabi_memcpy
</UL>
<BR>[Called By]<UL><LI><a href="#[64]">&gt;&gt;</a>&nbsp;&nbsp;&nbsp;gapc_encrypt_req_ind_handler
<LI><a href="#[63]">&gt;&gt;</a>&nbsp;&nbsp;&nbsp;gapc_bond_ind_handler
<LI><a href="#[62]">&gt;&gt;</a>&nbsp;&nbsp;&nbsp;gapc_bond_req_ind_handler
<LI><a href="#[10e]">&gt;&gt;</a>&nbsp;&nbsp;&nbsp;app_sec_remove_bond
<LI><a href="#[fd]">&gt;&gt;</a>&nbsp;&nbsp;&nbsp;app_sec_init
<LI><a href="#[101]">&gt;&gt;</a>&nbsp;&nbsp;&nbsp;appm_start_dirc_adver
<LI><a href="#[78]">&gt;&gt;</a>&nbsp;&nbsp;&nbsp;bdaddr_env_init
</UL>

<P><STRONG><a name="[c2]"></a>gpio_config</STRONG> (Thumb, 144 bytes, Stack size 0 bytes, gpio.o(.text))
<BR><BR>[Called By]<UL><LI><a href="#[113]">&gt;&gt;</a>&nbsp;&nbsp;&nbsp;key_wakeup_config
<LI><a href="#[c1]">&gt;&gt;</a>&nbsp;&nbsp;&nbsp;gpio_test_init
<LI><a href="#[8a]">&gt;&gt;</a>&nbsp;&nbsp;&nbsp;key_init
<LI><a href="#[132]">&gt;&gt;</a>&nbsp;&nbsp;&nbsp;key_scan
<LI><a href="#[130]">&gt;&gt;</a>&nbsp;&nbsp;&nbsp;key_wakeup_set
</UL>

<P><STRONG><a name="[134]"></a>gpio_get_input</STRONG> (Thumb, 28 bytes, Stack size 0 bytes, gpio.o(.text))
<BR><BR>[Called By]<UL><LI><a href="#[132]">&gt;&gt;</a>&nbsp;&nbsp;&nbsp;key_scan
</UL>

<P><STRONG><a name="[bf]"></a>gpio_set</STRONG> (Thumb, 36 bytes, Stack size 0 bytes, gpio.o(.text))
<BR><BR>[Called By]<UL><LI><a href="#[113]">&gt;&gt;</a>&nbsp;&nbsp;&nbsp;key_wakeup_config
<LI><a href="#[be]">&gt;&gt;</a>&nbsp;&nbsp;&nbsp;gpio_triger
<LI><a href="#[8a]">&gt;&gt;</a>&nbsp;&nbsp;&nbsp;key_init
<LI><a href="#[132]">&gt;&gt;</a>&nbsp;&nbsp;&nbsp;key_scan
<LI><a href="#[130]">&gt;&gt;</a>&nbsp;&nbsp;&nbsp;key_wakeup_set
</UL>

<P><STRONG><a name="[89]"></a>gpio_init</STRONG> (Thumb, 2 bytes, Stack size 0 bytes, gpio.o(.text))
<BR><BR>[Called By]<UL><LI><a href="#[7d]">&gt;&gt;</a>&nbsp;&nbsp;&nbsp;rw_main
</UL>

<P><STRONG><a name="[be]"></a>gpio_triger</STRONG> (Thumb, 20 bytes, Stack size 0 bytes, gpio.o(.text), UNUSED)
<BR><BR>[Calls]<UL><LI><a href="#[bf]">&gt;&gt;</a>&nbsp;&nbsp;&nbsp;gpio_set
</UL>

<P><STRONG><a name="[131]"></a>gpio_cb_register</STRONG> (Thumb, 12 bytes, Stack size 0 bytes, gpio.o(.text))
<BR><BR>[Called By]<UL><LI><a href="#[8a]">&gt;&gt;</a>&nbsp;&nbsp;&nbsp;key_init
</UL>

<P><STRONG><a name="[c0]"></a>gpio_isr</STRONG> (Thumb, 42 bytes, Stack size 0 bytes, gpio.o(.text))
<BR><BR>[Calls]<UL><LI><a href="#[19]">&gt;&gt;</a>&nbsp;&nbsp;&nbsp;uart_printf
</UL>
<BR>[Called By]<UL><LI><a href="#[71]">&gt;&gt;</a>&nbsp;&nbsp;&nbsp;IRQ_Exception
</UL>

<P><STRONG><a name="[c1]"></a>gpio_test_init</STRONG> (Thumb, 54 bytes, Stack size 0 bytes, gpio.o(.text), UNUSED)
<BR><BR>[Calls]<UL><LI><a href="#[c2]">&gt;&gt;</a>&nbsp;&nbsp;&nbsp;gpio_config
</UL>

<P><STRONG><a name="[7f]"></a>system_sleep_init</STRONG> (Thumb, 8 bytes, Stack size 0 bytes, icu.o(.text))
<BR><BR>[Called By]<UL><LI><a href="#[7d]">&gt;&gt;</a>&nbsp;&nbsp;&nbsp;rw_main
</UL>

<P><STRONG><a name="[7e]"></a>icu_init</STRONG> (Thumb, 68 bytes, Stack size 0 bytes, icu.o(.text))
<BR><BR>[Called By]<UL><LI><a href="#[7d]">&gt;&gt;</a>&nbsp;&nbsp;&nbsp;rw_main
</UL>

<P><STRONG><a name="[c3]"></a>enter_deep_sleep</STRONG> (Thumb, 48 bytes, Stack size 0 bytes, icu.o(.text))
<BR><BR>[Calls]<UL><LI><a href="#[c4]">&gt;&gt;</a>&nbsp;&nbsp;&nbsp;Delay_us
</UL>
<BR>[Called By]<UL><LI><a href="#[49]">&gt;&gt;</a>&nbsp;&nbsp;&nbsp;app_adv_timeout_handler
</UL>

<P><STRONG><a name="[87]"></a>system_reset_reson</STRONG> (Thumb, 18 bytes, Stack size 0 bytes, icu.o(.text))
<BR><BR>[Called By]<UL><LI><a href="#[7d]">&gt;&gt;</a>&nbsp;&nbsp;&nbsp;rw_main
</UL>

<P><STRONG><a name="[83]"></a>intc_init</STRONG> (Thumb, 28 bytes, Stack size 0 bytes, intc.o(.text))
<BR><BR>[Called By]<UL><LI><a href="#[7d]">&gt;&gt;</a>&nbsp;&nbsp;&nbsp;rw_main
</UL>

<P><STRONG><a name="[71]"></a>IRQ_Exception</STRONG> (Thumb, 86 bytes, Stack size 0 bytes, intc.o(.text))
<BR><BR>[Calls]<UL><LI><a href="#[c5]">&gt;&gt;</a>&nbsp;&nbsp;&nbsp;uart_isr
<LI><a href="#[c0]">&gt;&gt;</a>&nbsp;&nbsp;&nbsp;gpio_isr
</UL>
<BR>[Called By]<UL><LI><a href="#[70]">&gt;&gt;</a>&nbsp;&nbsp;&nbsp;SYSirq_IRQ_Handler (via BLX)
</UL>

<P><STRONG><a name="[6f]"></a>FIQ_Exception</STRONG> (Thumb, 18 bytes, Stack size 0 bytes, intc.o(.text))
<BR><BR>[Calls]<UL><LI><a href="#[9a]">&gt;&gt;</a>&nbsp;&nbsp;&nbsp;rwble_isr
</UL>
<BR>[Called By]<UL><LI><a href="#[6e]">&gt;&gt;</a>&nbsp;&nbsp;&nbsp;SYSirq_FIQ_Handler (via BLX)
</UL>

<P><STRONG><a name="[81]"></a>timer_init</STRONG> (Thumb, 2 bytes, Stack size 0 bytes, timer.o(.text))
<BR><BR>[Called By]<UL><LI><a href="#[7d]">&gt;&gt;</a>&nbsp;&nbsp;&nbsp;rw_main
</UL>

<P><STRONG><a name="[c6]"></a>timer_isr</STRONG> (Thumb, 20 bytes, Stack size 0 bytes, timer.o(.text), UNUSED)
<BR><BR>[Calls]<UL><LI><a href="#[c7]">&gt;&gt;</a>&nbsp;&nbsp;&nbsp;ke_event_set
</UL>

<P><STRONG><a name="[13]"></a>Read_Uart_Buf</STRONG> (Thumb, 14 bytes, Stack size 0 bytes, uart.o(.text))
<BR>[Address Reference Count : 1]<UL><LI> arch_main.o(.text)
</UL>
<P><STRONG><a name="[90]"></a>uart_putchar</STRONG> (Thumb, 34 bytes, Stack size 0 bytes, uart.o(.text))
<BR><BR>[Called By]<UL><LI><a href="#[cb]">&gt;&gt;</a>&nbsp;&nbsp;&nbsp;uart_print_int
<LI><a href="#[19]">&gt;&gt;</a>&nbsp;&nbsp;&nbsp;uart_printf
<LI><a href="#[8f]">&gt;&gt;</a>&nbsp;&nbsp;&nbsp;Stack_Integrity_Check
</UL>

<P><STRONG><a name="[19]"></a>uart_printf</STRONG> (Thumb, 46 bytes, Stack size 0 bytes, uart.o(.text))
<BR><BR>[Calls]<UL><LI><a href="#[90]">&gt;&gt;</a>&nbsp;&nbsp;&nbsp;uart_putchar
<LI><a href="#[c8]">&gt;&gt;</a>&nbsp;&nbsp;&nbsp;vsprintf
</UL>
<BR>[Called By]<UL><LI><a href="#[11d]">&gt;&gt;</a>&nbsp;&nbsp;&nbsp;app_get_encrypt_flag
<LI><a href="#[11c]">&gt;&gt;</a>&nbsp;&nbsp;&nbsp;app_get_bonding_flag
<LI><a href="#[65]">&gt;&gt;</a>&nbsp;&nbsp;&nbsp;gapc_encrypt_ind_handler
<LI><a href="#[64]">&gt;&gt;</a>&nbsp;&nbsp;&nbsp;gapc_encrypt_req_ind_handler
<LI><a href="#[63]">&gt;&gt;</a>&nbsp;&nbsp;&nbsp;gapc_bond_ind_handler
<LI><a href="#[62]">&gt;&gt;</a>&nbsp;&nbsp;&nbsp;gapc_bond_req_ind_handler
<LI><a href="#[11a]">&gt;&gt;</a>&nbsp;&nbsp;&nbsp;hid_send_keycode
<LI><a href="#[5b]">&gt;&gt;</a>&nbsp;&nbsp;&nbsp;app_gapm_white_list_ind_handler
<LI><a href="#[5e]">&gt;&gt;</a>&nbsp;&nbsp;&nbsp;app_gapm_resolv_dev_addr_ind_handler
<LI><a href="#[5c]">&gt;&gt;</a>&nbsp;&nbsp;&nbsp;app_gapm_ral_list_size_ind_handler
<LI><a href="#[5d]">&gt;&gt;</a>&nbsp;&nbsp;&nbsp;app_gapm_ral_addr_ind_handler
<LI><a href="#[60]">&gt;&gt;</a>&nbsp;&nbsp;&nbsp;app_gapm_gen_rand_number_ind_handler
<LI><a href="#[5f]">&gt;&gt;</a>&nbsp;&nbsp;&nbsp;app_gapm_gen_rand_addr_ind_handler
<LI><a href="#[5a]">&gt;&gt;</a>&nbsp;&nbsp;&nbsp;app_disconnect_timer_handler
<LI><a href="#[57]">&gt;&gt;</a>&nbsp;&nbsp;&nbsp;app_adv_enable_handler
<LI><a href="#[55]">&gt;&gt;</a>&nbsp;&nbsp;&nbsp;gapc_param_update_req_ind_handler
<LI><a href="#[54]">&gt;&gt;</a>&nbsp;&nbsp;&nbsp;gattc_mtu_changed_ind_handler
<LI><a href="#[53]">&gt;&gt;</a>&nbsp;&nbsp;&nbsp;gapc_param_updated_ind_handler
<LI><a href="#[52]">&gt;&gt;</a>&nbsp;&nbsp;&nbsp;gapc_le_pkt_size_ind_handler
<LI><a href="#[56]">&gt;&gt;</a>&nbsp;&nbsp;&nbsp;gapc_update_conn_param_req_ind_handler
<LI><a href="#[50]">&gt;&gt;</a>&nbsp;&nbsp;&nbsp;gapc_disconnect_ind_handler
<LI><a href="#[4f]">&gt;&gt;</a>&nbsp;&nbsp;&nbsp;gapc_cmp_evt_handler
<LI><a href="#[4e]">&gt;&gt;</a>&nbsp;&nbsp;&nbsp;gapc_connection_req_ind_handler
<LI><a href="#[4b]">&gt;&gt;</a>&nbsp;&nbsp;&nbsp;gapm_cmp_evt_handler
<LI><a href="#[49]">&gt;&gt;</a>&nbsp;&nbsp;&nbsp;app_adv_timeout_handler
<LI><a href="#[106]">&gt;&gt;</a>&nbsp;&nbsp;&nbsp;appm_add_dev_to_wlist
<LI><a href="#[110]">&gt;&gt;</a>&nbsp;&nbsp;&nbsp;app_sec_send_security_req
<LI><a href="#[fd]">&gt;&gt;</a>&nbsp;&nbsp;&nbsp;app_sec_init
<LI><a href="#[10f]">&gt;&gt;</a>&nbsp;&nbsp;&nbsp;appm_send_seurity_req
<LI><a href="#[10a]">&gt;&gt;</a>&nbsp;&nbsp;&nbsp;appm_update_param
<LI><a href="#[107]">&gt;&gt;</a>&nbsp;&nbsp;&nbsp;appm_stop_advertising
<LI><a href="#[104]">&gt;&gt;</a>&nbsp;&nbsp;&nbsp;appm_start_white_list_dvertising
<LI><a href="#[101]">&gt;&gt;</a>&nbsp;&nbsp;&nbsp;appm_start_dirc_adver
<LI><a href="#[ff]">&gt;&gt;</a>&nbsp;&nbsp;&nbsp;appm_start_advertising
<LI><a href="#[c0]">&gt;&gt;</a>&nbsp;&nbsp;&nbsp;gpio_isr
<LI><a href="#[7d]">&gt;&gt;</a>&nbsp;&nbsp;&nbsp;rw_main
<LI><a href="#[10]">&gt;&gt;</a>&nbsp;&nbsp;&nbsp;platform_reset
<LI><a href="#[73]">&gt;&gt;</a>&nbsp;&nbsp;&nbsp;dump_data
<LI><a href="#[72]">&gt;&gt;</a>&nbsp;&nbsp;&nbsp;assert_warn
<LI><a href="#[12]">&gt;&gt;</a>&nbsp;&nbsp;&nbsp;assert_param
<LI><a href="#[11]">&gt;&gt;</a>&nbsp;&nbsp;&nbsp;assert_err
<LI><a href="#[13d]">&gt;&gt;</a>&nbsp;&nbsp;&nbsp;key_status_check
<LI><a href="#[12f]">&gt;&gt;</a>&nbsp;&nbsp;&nbsp;appm_gapm_set_irk
<LI><a href="#[12e]">&gt;&gt;</a>&nbsp;&nbsp;&nbsp;appm_gapm_gen_rand_number
<LI><a href="#[12d]">&gt;&gt;</a>&nbsp;&nbsp;&nbsp;appm_gapm_gen_rand_addr
<LI><a href="#[12c]">&gt;&gt;</a>&nbsp;&nbsp;&nbsp;appm_gapm_resolv_dev_addr
<LI><a href="#[12b]">&gt;&gt;</a>&nbsp;&nbsp;&nbsp;appm_clear_ral_list
<LI><a href="#[12a]">&gt;&gt;</a>&nbsp;&nbsp;&nbsp;appm_get_ral_peer_addr
<LI><a href="#[129]">&gt;&gt;</a>&nbsp;&nbsp;&nbsp;appm_get_ral_loc_addr
<LI><a href="#[128]">&gt;&gt;</a>&nbsp;&nbsp;&nbsp;appm_rmv_ral_dev_from_list
<LI><a href="#[127]">&gt;&gt;</a>&nbsp;&nbsp;&nbsp;appm_add_ral_dev_to_list
<LI><a href="#[126]">&gt;&gt;</a>&nbsp;&nbsp;&nbsp;appm_get_ral_list_size
<LI><a href="#[125]">&gt;&gt;</a>&nbsp;&nbsp;&nbsp;appm_clear_wlist
<LI><a href="#[124]">&gt;&gt;</a>&nbsp;&nbsp;&nbsp;appm_rmv_dev_from_wlist
<LI><a href="#[123]">&gt;&gt;</a>&nbsp;&nbsp;&nbsp;appm_get_wlist_size
<LI><a href="#[122]">&gt;&gt;</a>&nbsp;&nbsp;&nbsp;app_hid_send_sensor_report
<LI><a href="#[121]">&gt;&gt;</a>&nbsp;&nbsp;&nbsp;app_hid_send_mouse_report
<LI><a href="#[66]">&gt;&gt;</a>&nbsp;&nbsp;&nbsp;app_hid_msg_dflt_handler
<LI><a href="#[67]">&gt;&gt;</a>&nbsp;&nbsp;&nbsp;hogpd_enable_rsp_handler
<LI><a href="#[6a]">&gt;&gt;</a>&nbsp;&nbsp;&nbsp;hogpd_proto_mode_req_ind_handler
<LI><a href="#[69]">&gt;&gt;</a>&nbsp;&nbsp;&nbsp;hogpd_report_req_ind_handler
<LI><a href="#[68]">&gt;&gt;</a>&nbsp;&nbsp;&nbsp;hogpd_ntf_cfg_ind_handler
<LI><a href="#[6b]">&gt;&gt;</a>&nbsp;&nbsp;&nbsp;hogpd_ctnl_pt_ind_handler
</UL>
<BR>[Address Reference Count : 1]<UL><LI> uart.o(.text)
</UL>
<P><STRONG><a name="[c9]"></a>hex2Str</STRONG> (Thumb, 46 bytes, Stack size 0 bytes, uart.o(.text), UNUSED)
<BR><BR>[Calls]<UL><LI><a href="#[ca]">&gt;&gt;</a>&nbsp;&nbsp;&nbsp;__aeabi_memcpy4
</UL>
<BR>[Called By]<UL><LI><a href="#[cb]">&gt;&gt;</a>&nbsp;&nbsp;&nbsp;uart_print_int
</UL>

<P><STRONG><a name="[cb]"></a>uart_print_int</STRONG> (Thumb, 48 bytes, Stack size 0 bytes, uart.o(.text), UNUSED)
<BR><BR>[Calls]<UL><LI><a href="#[c9]">&gt;&gt;</a>&nbsp;&nbsp;&nbsp;hex2Str
<LI><a href="#[90]">&gt;&gt;</a>&nbsp;&nbsp;&nbsp;uart_putchar
</UL>

<P><STRONG><a name="[84]"></a>uart_init</STRONG> (Thumb, 136 bytes, Stack size 0 bytes, uart.o(.text))
<BR><BR>[Calls]<UL><LI><a href="#[cc]">&gt;&gt;</a>&nbsp;&nbsp;&nbsp;uart_stack_register
</UL>
<BR>[Called By]<UL><LI><a href="#[7d]">&gt;&gt;</a>&nbsp;&nbsp;&nbsp;rw_main
</UL>

<P><STRONG><a name="[17]"></a>uart_flow_on</STRONG> (Thumb, 2 bytes, Stack size 0 bytes, uart.o(.text))
<BR>[Address Reference Count : 1]<UL><LI> arch_main.o(.text)
</UL>
<P><STRONG><a name="[14]"></a>uart_clear_rxfifo</STRONG> (Thumb, 26 bytes, Stack size 0 bytes, uart.o(.text))
<BR><BR>[Calls]<UL><LI><a href="#[7c]">&gt;&gt;</a>&nbsp;&nbsp;&nbsp;__aeabi_memclr4
</UL>
<BR>[Address Reference Count : 1]<UL><LI> arch_main.o(.text)
</UL>
<P><STRONG><a name="[18]"></a>uart_flow_off</STRONG> (Thumb, 4 bytes, Stack size 0 bytes, uart.o(.text))
<BR>[Address Reference Count : 1]<UL><LI> arch_main.o(.text)
</UL>
<P><STRONG><a name="[76]"></a>uart_finish_transfers</STRONG> (Thumb, 24 bytes, Stack size 0 bytes, uart.o(.text))
<BR><BR>[Called By]<UL><LI><a href="#[10]">&gt;&gt;</a>&nbsp;&nbsp;&nbsp;platform_reset
</UL>

<P><STRONG><a name="[15]"></a>uart_read</STRONG> (Thumb, 66 bytes, Stack size 0 bytes, uart.o(.text))
<BR><BR>[Calls]<UL><LI><a href="#[11]">&gt;&gt;</a>&nbsp;&nbsp;&nbsp;assert_err
</UL>
<BR>[Address Reference Count : 1]<UL><LI> arch_main.o(.text)
</UL>
<P><STRONG><a name="[16]"></a>uart_write</STRONG> (Thumb, 112 bytes, Stack size 0 bytes, uart.o(.text))
<BR><BR>[Calls]<UL><LI><a href="#[11]">&gt;&gt;</a>&nbsp;&nbsp;&nbsp;assert_err
</UL>
<BR>[Address Reference Count : 1]<UL><LI> arch_main.o(.text)
</UL>
<P><STRONG><a name="[c5]"></a>uart_isr</STRONG> (Thumb, 106 bytes, Stack size 0 bytes, uart.o(.text))
<BR><BR>[Called By]<UL><LI><a href="#[71]">&gt;&gt;</a>&nbsp;&nbsp;&nbsp;IRQ_Exception
</UL>

<P><STRONG><a name="[8e]"></a>wdt_disable</STRONG> (Thumb, 28 bytes, Stack size 0 bytes, wdt.o(.text))
<BR><BR>[Called By]<UL><LI><a href="#[7d]">&gt;&gt;</a>&nbsp;&nbsp;&nbsp;rw_main
</UL>

<P><STRONG><a name="[77]"></a>wdt_enable</STRONG> (Thumb, 38 bytes, Stack size 0 bytes, wdt.o(.text))
<BR><BR>[Called By]<UL><LI><a href="#[101]">&gt;&gt;</a>&nbsp;&nbsp;&nbsp;appm_start_dirc_adver
<LI><a href="#[ff]">&gt;&gt;</a>&nbsp;&nbsp;&nbsp;appm_start_advertising
<LI><a href="#[10]">&gt;&gt;</a>&nbsp;&nbsp;&nbsp;platform_reset
</UL>

<P><STRONG><a name="[9d]"></a>wdt_feed</STRONG> (Thumb, 28 bytes, Stack size 0 bytes, wdt.o(.text))
<BR><BR>[Called By]<UL><LI><a href="#[9a]">&gt;&gt;</a>&nbsp;&nbsp;&nbsp;rwble_isr
</UL>

<P><STRONG><a name="[20]"></a>rf_rssi_convert</STRONG> (Thumb, 10 bytes, Stack size 0 bytes, rf_xvr.o(.text))
<BR>[Address Reference Count : 1]<UL><LI> rf_xvr.o(.text)
</UL>
<P><STRONG><a name="[ce]"></a>Delay_ms</STRONG> (Thumb, 26 bytes, Stack size 0 bytes, rf_xvr.o(.text))
<BR><BR>[Called By]<UL><LI><a href="#[113]">&gt;&gt;</a>&nbsp;&nbsp;&nbsp;key_wakeup_config
<LI><a href="#[d1]">&gt;&gt;</a>&nbsp;&nbsp;&nbsp;CLK32K_AutoCali_init
<LI><a href="#[cd]">&gt;&gt;</a>&nbsp;&nbsp;&nbsp;kmod_calibration
</UL>

<P><STRONG><a name="[cd]"></a>kmod_calibration</STRONG> (Thumb, 300 bytes, Stack size 0 bytes, rf_xvr.o(.text))
<BR><BR>[Calls]<UL><LI><a href="#[ce]">&gt;&gt;</a>&nbsp;&nbsp;&nbsp;Delay_ms
<LI><a href="#[cf]">&gt;&gt;</a>&nbsp;&nbsp;&nbsp;__aeabi_uidivmod
</UL>
<BR>[Called By]<UL><LI><a href="#[d0]">&gt;&gt;</a>&nbsp;&nbsp;&nbsp;initial_xver_BK3432_openLoop
</UL>

<P><STRONG><a name="[d0]"></a>initial_xver_BK3432_openLoop</STRONG> (Thumb, 314 bytes, Stack size 0 bytes, rf_xvr.o(.text))
<BR><BR>[Calls]<UL><LI><a href="#[cd]">&gt;&gt;</a>&nbsp;&nbsp;&nbsp;kmod_calibration
</UL>
<BR>[Called By]<UL><LI><a href="#[a9]">&gt;&gt;</a>&nbsp;&nbsp;&nbsp;rf_init
</UL>

<P><STRONG><a name="[a9]"></a>rf_init</STRONG> (Thumb, 36 bytes, Stack size 0 bytes, rf_xvr.o(.text))
<BR><BR>[Calls]<UL><LI><a href="#[d0]">&gt;&gt;</a>&nbsp;&nbsp;&nbsp;initial_xver_BK3432_openLoop
</UL>
<BR>[Called By]<UL><LI><a href="#[88]">&gt;&gt;</a>&nbsp;&nbsp;&nbsp;rwip_init
</UL>

<P><STRONG><a name="[c4]"></a>Delay_us</STRONG> (Thumb, 20 bytes, Stack size 0 bytes, rf_xvr.o(.text))
<BR><BR>[Called By]<UL><LI><a href="#[c3]">&gt;&gt;</a>&nbsp;&nbsp;&nbsp;enter_deep_sleep
</UL>

<P><STRONG><a name="[d1]"></a>CLK32K_AutoCali_init</STRONG> (Thumb, 16 bytes, Stack size 0 bytes, rf_xvr.o(.text), UNUSED)
<BR><BR>[Calls]<UL><LI><a href="#[ce]">&gt;&gt;</a>&nbsp;&nbsp;&nbsp;Delay_ms
</UL>

<P><STRONG><a name="[d7]"></a>bass_get_att_handle</STRONG> (Thumb, 122 bytes, Stack size 0 bytes, bass.o(.text))
<BR><BR>[Calls]<UL><LI><a href="#[d8]">&gt;&gt;</a>&nbsp;&nbsp;&nbsp;prf_env_get
</UL>
<BR>[Called By]<UL><LI><a href="#[d9]">&gt;&gt;</a>&nbsp;&nbsp;&nbsp;bass_notify_batt_lvl
</UL>

<P><STRONG><a name="[f8]"></a>bass_prf_itf_get</STRONG> (Thumb, 6 bytes, Stack size 0 bytes, bass.o(.text))
<BR><BR>[Called By]<UL><LI><a href="#[f3]">&gt;&gt;</a>&nbsp;&nbsp;&nbsp;prf_itf_get
</UL>

<P><STRONG><a name="[dd]"></a>bass_get_att_idx</STRONG> (Thumb, 112 bytes, Stack size 0 bytes, bass.o(.text))
<BR><BR>[Calls]<UL><LI><a href="#[d8]">&gt;&gt;</a>&nbsp;&nbsp;&nbsp;prf_env_get
</UL>
<BR>[Called By]<UL><LI><a href="#[2b]">&gt;&gt;</a>&nbsp;&nbsp;&nbsp;gattc_read_req_ind_handler
<LI><a href="#[2a]">&gt;&gt;</a>&nbsp;&nbsp;&nbsp;gattc_write_req_ind_handler
<LI><a href="#[29]">&gt;&gt;</a>&nbsp;&nbsp;&nbsp;gattc_att_info_req_ind_handler
</UL>

<P><STRONG><a name="[de]"></a>bass_exe_operation</STRONG> (Thumb, 238 bytes, Stack size 0 bytes, bass.o(.text))
<BR><BR>[Calls]<UL><LI><a href="#[da]">&gt;&gt;</a>&nbsp;&nbsp;&nbsp;prf_src_task_get
<LI><a href="#[d8]">&gt;&gt;</a>&nbsp;&nbsp;&nbsp;prf_env_get
<LI><a href="#[d9]">&gt;&gt;</a>&nbsp;&nbsp;&nbsp;bass_notify_batt_lvl
<LI><a href="#[d6]">&gt;&gt;</a>&nbsp;&nbsp;&nbsp;ke_state_set
<LI><a href="#[dc]">&gt;&gt;</a>&nbsp;&nbsp;&nbsp;ke_msg_send
<LI><a href="#[db]">&gt;&gt;</a>&nbsp;&nbsp;&nbsp;ke_msg_alloc
<LI><a href="#[d5]">&gt;&gt;</a>&nbsp;&nbsp;&nbsp;ke_free
</UL>
<BR>[Called By]<UL><LI><a href="#[2c]">&gt;&gt;</a>&nbsp;&nbsp;&nbsp;gattc_cmp_evt_handler
<LI><a href="#[28]">&gt;&gt;</a>&nbsp;&nbsp;&nbsp;bass_batt_level_upd_req_handler
<LI><a href="#[27]">&gt;&gt;</a>&nbsp;&nbsp;&nbsp;bass_enable_req_handler
</UL>

<P><STRONG><a name="[e3]"></a>diss_compute_cfg_flag</STRONG> (Thumb, 40 bytes, Stack size 0 bytes, diss.o(.text))
<BR><BR>[Called By]<UL><LI><a href="#[2d]">&gt;&gt;</a>&nbsp;&nbsp;&nbsp;diss_init
</UL>

<P><STRONG><a name="[f7]"></a>diss_prf_itf_get</STRONG> (Thumb, 6 bytes, Stack size 0 bytes, diss.o(.text))
<BR><BR>[Called By]<UL><LI><a href="#[f3]">&gt;&gt;</a>&nbsp;&nbsp;&nbsp;prf_itf_get
</UL>

<P><STRONG><a name="[ea]"></a>diss_handle_to_value</STRONG> (Thumb, 54 bytes, Stack size 0 bytes, diss.o(.text))
<BR><BR>[Called By]<UL><LI><a href="#[32]">&gt;&gt;</a>&nbsp;&nbsp;&nbsp;gattc_read_req_ind_handler
</UL>

<P><STRONG><a name="[e6]"></a>diss_value_to_handle</STRONG> (Thumb, 60 bytes, Stack size 0 bytes, diss.o(.text))
<BR><BR>[Called By]<UL><LI><a href="#[33]">&gt;&gt;</a>&nbsp;&nbsp;&nbsp;diss_value_cfm_handler
<LI><a href="#[31]">&gt;&gt;</a>&nbsp;&nbsp;&nbsp;diss_set_value_req_handler
</UL>

<P><STRONG><a name="[e7]"></a>diss_check_val_len</STRONG> (Thumb, 42 bytes, Stack size 0 bytes, diss.o(.text))
<BR><BR>[Called By]<UL><LI><a href="#[31]">&gt;&gt;</a>&nbsp;&nbsp;&nbsp;diss_set_value_req_handler
</UL>

<P><STRONG><a name="[ed]"></a>hogpd_get_att_handle</STRONG> (Thumb, 244 bytes, Stack size 0 bytes, hogpd.o(.text))
<BR><BR>[Called By]<UL><LI><a href="#[3f]">&gt;&gt;</a>&nbsp;&nbsp;&nbsp;gattc_cmp_evt_handler
<LI><a href="#[3b]">&gt;&gt;</a>&nbsp;&nbsp;&nbsp;hogpd_proto_mode_cfm_handler
<LI><a href="#[3a]">&gt;&gt;</a>&nbsp;&nbsp;&nbsp;hogpd_report_cfm_handler
<LI><a href="#[ef]">&gt;&gt;</a>&nbsp;&nbsp;&nbsp;hogpd_ntf_send
<LI><a href="#[34]">&gt;&gt;</a>&nbsp;&nbsp;&nbsp;hogpd_init
</UL>

<P><STRONG><a name="[f6]"></a>hogpd_prf_itf_get</STRONG> (Thumb, 6 bytes, Stack size 0 bytes, hogpd.o(.text))
<BR><BR>[Called By]<UL><LI><a href="#[f3]">&gt;&gt;</a>&nbsp;&nbsp;&nbsp;prf_itf_get
</UL>

<P><STRONG><a name="[f2]"></a>hogpd_get_att_idx</STRONG> (Thumb, 292 bytes, Stack size 0 bytes, hogpd.o(.text))
<BR><BR>[Called By]<UL><LI><a href="#[3e]">&gt;&gt;</a>&nbsp;&nbsp;&nbsp;gattc_read_req_ind_handler
<LI><a href="#[3d]">&gt;&gt;</a>&nbsp;&nbsp;&nbsp;gattc_write_req_ind_handler
<LI><a href="#[3c]">&gt;&gt;</a>&nbsp;&nbsp;&nbsp;gattc_att_info_req_ind_handler
</UL>

<P><STRONG><a name="[ef]"></a>hogpd_ntf_send</STRONG> (Thumb, 260 bytes, Stack size 0 bytes, hogpd.o(.text))
<BR><BR>[Calls]<UL><LI><a href="#[ed]">&gt;&gt;</a>&nbsp;&nbsp;&nbsp;hogpd_get_att_handle
<LI><a href="#[da]">&gt;&gt;</a>&nbsp;&nbsp;&nbsp;prf_src_task_get
<LI><a href="#[d8]">&gt;&gt;</a>&nbsp;&nbsp;&nbsp;prf_env_get
<LI><a href="#[dc]">&gt;&gt;</a>&nbsp;&nbsp;&nbsp;ke_msg_send
<LI><a href="#[db]">&gt;&gt;</a>&nbsp;&nbsp;&nbsp;ke_msg_alloc
<LI><a href="#[7a]">&gt;&gt;</a>&nbsp;&nbsp;&nbsp;__aeabi_memcpy
</UL>
<BR>[Called By]<UL><LI><a href="#[39]">&gt;&gt;</a>&nbsp;&nbsp;&nbsp;hogpd_report_upd_req_handler
</UL>

<P><STRONG><a name="[f0]"></a>hogpd_ntf_cfg_ind_send</STRONG> (Thumb, 164 bytes, Stack size 0 bytes, hogpd.o(.text))
<BR><BR>[Calls]<UL><LI><a href="#[e1]">&gt;&gt;</a>&nbsp;&nbsp;&nbsp;prf_dst_task_get
<LI><a href="#[da]">&gt;&gt;</a>&nbsp;&nbsp;&nbsp;prf_src_task_get
<LI><a href="#[d8]">&gt;&gt;</a>&nbsp;&nbsp;&nbsp;prf_env_get
[...]
<LI><a href="#[7a]">&gt;&gt;</a>&nbsp;&nbsp;&nbsp;__aeabi_memcpy
</UL>
<BR>[Address Reference Count : 1]<UL><LI> hogpd_task.o(.constdata)
</UL>
<P><STRONG><a name="[3e]"></a>gattc_read_req_ind_handler</STRONG> (Thumb, 336 bytes, Stack size 0 bytes, hogpd_task.o(.text))
<BR><BR>[Calls]<UL><LI><a href="#[f2]">&gt;&gt;</a>&nbsp;&nbsp;&nbsp;hogpd_get_att_idx
<LI><a href="#[e1]">&gt;&gt;</a>&nbsp;&nbsp;&nbsp;prf_dst_task_get
<LI><a href="#[d8]">&gt;&gt;</a>&nbsp;&nbsp;&nbsp;prf_env_get
<LI><a href="#[f1]">&gt;&gt;</a>&nbsp;&nbsp;&nbsp;__ARM_common_switch8 (via BLX)
<LI><a href="#[df]">&gt;&gt;</a>&nbsp;&nbsp;&nbsp;ke_state_get
<LI><a href="#[d6]">&gt;&gt;</a>&nbsp;&nbsp;&nbsp;ke_state_set
<LI><a href="#[dc]">&gt;&gt;</a>&nbsp;&nbsp;&nbsp;ke_msg_send
<LI><a href="#[db]">&gt;&gt;</a>&nbsp;&nbsp;&nbsp;ke_msg_alloc
<LI><a href="#[7a]">&gt;&gt;</a>&nbsp;&nbsp;&nbsp;__aeabi_memcpy
</UL>
<BR>[Address Reference Count : 1]<UL><LI> hogpd_task.o(.constdata)
</UL>
<P><STRONG><a name="[3f]"></a>gattc_cmp_evt_handler</STRONG> (Thumb, 92 bytes, Stack size 0 bytes, hogpd_task.o(.text))
<BR><BR>[Calls]<UL><LI><a href="#[ed]">&gt;&gt;</a>&nbsp;&nbsp;&nbsp;hogpd_get_att_handle
<LI><a href="#[e1]">&gt;&gt;</a>&nbsp;&nbsp;&nbsp;prf_dst_task_get
<LI><a href="#[d8]">&gt;&gt;</a>&nbsp;&nbsp;&nbsp;prf_env_get
<LI><a href="#[df]">&gt;&gt;</a>&nbsp;&nbsp;&nbsp;ke_state_get
<LI><a href="#[d6]">&gt;&gt;</a>&nbsp;&nbsp;&nbsp;ke_state_set
<LI><a href="#[dc]">&gt;&gt;</a>&nbsp;&nbsp;&nbsp;ke_msg_send
<LI><a href="#[db]">&gt;&gt;</a>&nbsp;&nbsp;&nbsp;ke_msg_alloc
</UL>
<BR>[Address Reference Count : 1]<UL><LI> hogpd_task.o(.constdata)
</UL>
<P><STRONG><a name="[f3]"></a>prf_itf_get</STRONG> (Thumb, 40 bytes, Stack size 0 bytes, prf.o(.text))
<BR><BR>[Calls]<UL><LI><a href="#[f6]">&gt;&gt;</a>&nbsp;&nbsp;&nbsp;hogpd_prf_itf_get
<LI><a href="#[f7]">&gt;&gt;</a>&nbsp;&nbsp;&nbsp;diss_prf_itf_get
<LI><a href="#[f8]">&gt;&gt;</a>&nbsp;&nbsp;&nbsp;bass_prf_itf_get
</UL>
<BR>[Called By]<UL><LI><a href="#[a]">&gt;&gt;</a>&nbsp;&nbsp;&nbsp;prf_init
<LI><a href="#[b]">&gt;&gt;</a>&nbsp;&nbsp;&nbsp;prf_create
<LI><a href="#[c]">&gt;&gt;</a>&nbsp;&nbsp;&nbsp;prf_cleanup
<LI><a href="#[d]">&gt;&gt;</a>&nbsp;&nbsp;&nbsp;prf_add_profile
</UL>

<P><STRONG><a name="[44]"></a>bass_batt_level_ntf_cfg_ind_handler</STRONG> (Thumb, 4 bytes, Stack size 0 bytes, app_batt.o(.text))
<BR>[Address Reference Count : 1]<UL><LI> app_batt.o(.constdata)
</UL>
<P><STRONG><a name="[45]"></a>batt_level_upd_handler</STRONG> (Thumb, 4 bytes, Stack size 0 bytes, app_batt.o(.text))
<BR>[Address Reference Count : 1]<UL><LI> app_batt.o(.constdata)
</UL>
<P><STRONG><a name="[46]"></a>bass_enable_rsp_handler</STRONG> (Thumb, 4 bytes, Stack size 0 bytes, app_batt.o(.text))
<BR>[Address Reference Count : 1]<UL><LI> app_batt.o(.constdata)
</UL>
<P><STRONG><a name="[43]"></a>app_batt_msg_dflt_handler</STRONG> (Thumb, 4 bytes, Stack size 0 bytes, app_batt.o(.text))
<BR>[Address Reference Count : 1]<UL><LI> app_batt.o(.constdata)
</UL>
<P><STRONG><a name="[47]"></a>diss_value_req_ind_handler</STRONG> (Thumb, 124 bytes, Stack size 0 bytes, app_dis.o(.text))
<BR><BR>[Calls]<UL><LI><a href="#[f1]">&gt;&gt;</a>&nbsp;&nbsp;&nbsp;__ARM_common_switch8 (via BLX)
<LI><a href="#[dc]">&gt;&gt;</a>&nbsp;&nbsp;&nbsp;ke_msg_send
<LI><a href="#[db]">&gt;&gt;</a>&nbsp;&nbsp;&nbsp;ke_msg_alloc
<LI><a href="#[7a]">&gt;&gt;</a>&nbsp;&nbsp;&nbsp;__aeabi_memcpy
</UL>
<BR>[Address Reference Count : 1]<UL><LI> app_dis.o(.constdata)
</UL>
<P><STRONG><a name="[11b]"></a>appm_get_handler</STRONG> (Thumb, 68 bytes, Stack size 0 bytes, app_task.o(.text))
<BR><BR>[Called By]<UL><LI><a href="#[48]">&gt;&gt;</a>&nbsp;&nbsp;&nbsp;appm_msg_handler
</UL>

<P><STRONG><a name="[49]"></a>app_adv_timeout_handler</STRONG> (Thumb, 36 bytes, Stack size 0 bytes, app_task.o(.text))
<BR><BR>[Calls]<UL><LI><a href="#[113]">&gt;&gt;</a>&nbsp;&nbsp;&nbsp;key_wakeup_config
<LI><a href="#[107]">&gt;&gt;</a>&nbsp;&nbsp;&nbsp;appm_stop_advertising
<LI><a href="#[c3]">&gt;&gt;</a>&nbsp;&nbsp;&nbsp;enter_deep_sleep
<LI><a href="#[19]">&gt;&gt;</a>&nbsp;&nbsp;&nbsp;uart_printf
</UL>
<BR>[Address Reference Count : 1]<UL><LI> app_task.o(.constdata)
</UL>
<P><STRONG><a name="[4a]"></a>gapm_device_ready_ind_handler</STRONG> (Thumb, 26 bytes, Stack size 0 bytes, app_task.o(.text))
<BR><BR>[Calls]<UL><LI><a href="#[dc]">&gt;&gt;</a>&nbsp;&nbsp;&nbsp;ke_msg_send
<LI><a href="#[db]">&gt;&gt;</a>&nbsp;&nbsp;&nbsp;ke_msg_alloc
</UL>
<BR>[Address Reference Count : 1]<UL><LI> app_task.o(.constdata)
</UL>
<P><STRONG><a name="[4b]"></a>gapm_cmp_evt_handler</STRONG> (Thumb, 246 bytes, Stack size 0 bytes, app_task.o(.text))
<BR><BR>[Calls]<UL><LI><a href="#[102]">&gt;&gt;</a>&nbsp;&nbsp;&nbsp;app_sec_get_bond_status
<LI><a href="#[101]">&gt;&gt;</a>&nbsp;&nbsp;&nbsp;appm_start_dirc_adver
<LI><a href="#[ff]">&gt;&gt;</a>&nbsp;&nbsp;&nbsp;appm_start_advertising
<LI><a href="#[114]">&gt;&gt;</a>&nbsp;&nbsp;&nbsp;appm_add_svc
<LI><a href="#[d6]">&gt;&gt;</a>&nbsp;&nbsp;&nbsp;ke_state_set
<LI><a href="#[dc]">&gt;&gt;</a>&nbsp;&nbsp;&nbsp;ke_msg_send
<LI><a href="#[db]">&gt;&gt;</a>&nbsp;&nbsp;&nbsp;ke_msg_alloc
<LI><a href="#[19]">&gt;&gt;</a>&nbsp;&nbsp;&nbsp;uart_printf
<LI><a href="#[7a]">&gt;&gt;</a>&nbsp;&nbsp;&nbsp;__aeabi_memcpy
</UL>
<BR>[Address Reference Count : 1]<UL><LI> app_task.o(.constdata)
</UL>
<P><STRONG><a name="[4c]"></a>gapc_get_dev_info_req_ind_handler</STRONG> (Thumb, 126 bytes, Stack size 0 bytes, app_task.o(.text))
<BR><BR>[Calls]<UL><LI><a href="#[10c]">&gt;&gt;</a>&nbsp;&nbsp;&nbsp;appm_get_dev_name
<LI><a href="#[dc]">&gt;&gt;</a>&nbsp;&nbsp;&nbsp;ke_msg_send
<LI><a href="#[db]">&gt;&gt;</a>&nbsp;&nbsp;&nbsp;ke_msg_alloc
</UL>
<BR>[Address Reference Count : 1]<UL><LI> app_task.o(.constdata)
</UL>
<P><STRONG><a name="[4d]"></a>gapc_set_dev_info_req_ind_handler</STRONG> (Thumb, 34 bytes, Stack size 0 bytes, app_task.o(.text))
<BR><BR>[Calls]<UL><LI><a href="#[dc]">&gt;&gt;</a>&nbsp;&nbsp;&nbsp;ke_msg_send
<LI><a href="#[db]">&gt;&gt;</a>&nbsp;&nbsp;&nbsp;ke_msg_alloc
</UL>
<BR>[Address Reference Count : 1]<UL><LI> app_task.o(.constdata)
</UL>
<P><STRONG><a name="[4e]"></a>gapc_connection_req_ind_handler</STRONG> (Thumb, 236 bytes, Stack size 0 bytes, app_task.o(.text))
<BR><BR>[Calls]<UL><LI><a href="#[116]">&gt;&gt;</a>&nbsp;&nbsp;&nbsp;key_state_reset
<LI><a href="#[115]">&gt;&gt;</a>&nbsp;&nbsp;&nbsp;app_hid_enable_prf
<LI><a href="#[111]">&gt;&gt;</a>&nbsp;&nbsp;&nbsp;app_batt_enable_prf
<LI><a href="#[102]">&gt;&gt;</a>&nbsp;&nbsp;&nbsp;app_sec_get_bond_status
<LI><a href="#[fa]">&gt;&gt;</a>&nbsp;&nbsp;&nbsp;app_hid_init
<LI><a href="#[101]">&gt;&gt;</a>&nbsp;&nbsp;&nbsp;appm_start_dirc_adver
<LI><a href="#[ff]">&gt;&gt;</a>&nbsp;&nbsp;&nbsp;appm_start_advertising
<LI><a href="#[108]">&gt;&gt;</a>&nbsp;&nbsp;&nbsp;ke_timer_active
<LI><a href="#[109]">&gt;&gt;</a>&nbsp;&nbsp;&nbsp;ke_timer_clear
<LI><a href="#[117]">&gt;&gt;</a>&nbsp;&nbsp;&nbsp;ke_timer_set
<LI><a href="#[d6]">&gt;&gt;</a>&nbsp;&nbsp;&nbsp;ke_state_set
<LI><a href="#[dc]">&gt;&gt;</a>&nbsp;&nbsp;&nbsp;ke_msg_send
<LI><a href="#[db]">&gt;&gt;</a>&nbsp;&nbsp;&nbsp;ke_msg_alloc
<LI><a href="#[19]">&gt;&gt;</a>&nbsp;&nbsp;&nbsp;uart_printf
</UL>
<BR>[Address Reference Count : 1]<UL><LI> app_task.o(.constdata)
</UL>
<P><STRONG><a name="[4f]"></a>gapc_cmp_evt_handler</STRONG> (Thumb, 148 bytes, Stack size 0 bytes, app_task.o(.text))
<BR><BR>[Calls]<UL><LI><a href="#[101]">&gt;&gt;</a>&nbsp;&nbsp;&nbsp;appm_start_dirc_adver
<LI><a href="#[d6]">&gt;&gt;</a>&nbsp;&nbsp;&nbsp;ke_state_set
<LI><a href="#[19]">&gt;&gt;</a>&nbsp;&nbsp;&nbsp;uart_printf
</UL>
<BR>[Address Reference Count : 1]<UL><LI> app_task.o(.constdata)
</UL>
<P><STRONG><a name="[50]"></a>gapc_disconnect_ind_handler</STRONG> (Thumb, 70 bytes, Stack size 0 bytes, app_task.o(.text))
<BR><BR>[Calls]<UL><LI><a href="#[118]">&gt;&gt;</a>&nbsp;&nbsp;&nbsp;app_hid_set_send_flag
<LI><a href="#[ff]">&gt;&gt;</a>&nbsp;&nbsp;&nbsp;appm_start_advertising
<LI><a href="#[109]">&gt;&gt;</a>&nbsp;&nbsp;&nbsp;ke_timer_clear
<LI><a href="#[d6]">&gt;&gt;</a>&nbsp;&nbsp;&nbsp;ke_state_set
<LI><a href="#[19]">&gt;&gt;</a>&nbsp;&nbsp;&nbsp;uart_printf
</UL>
<BR>[Address Reference Count : 1]<UL><LI> app_task.o(.constdata)
</UL>
<P><STRONG><a name="[58]"></a>app_period_timer_handler</STRONG> (Thumb, 600 bytes, Stack size 0 bytes, app_task.o(.text))
<BR><BR>[Calls]<UL><LI><a href="#[119]">&gt;&gt;</a>&nbsp;&nbsp;&nbsp;key_process
<LI><a href="#[11a]">&gt;&gt;</a>&nbsp;&nbsp;&nbsp;hid_send_keycode
<LI><a href="#[117]">&gt;&gt;</a>&nbsp;&nbsp;&nbsp;ke_timer_set
<LI><a href="#[df]">&gt;&gt;</a>&nbsp;&nbsp;&nbsp;ke_state_get
</UL>
<BR>[Address Reference Count : 1]<UL><LI> app_task.o(.constdata)
</UL>
<P><STRONG><a name="[51]"></a>gapm_profile_added_ind_handler</STRONG> (Thumb, 12 bytes, Stack size 0 bytes, app_task.o(.text))
<BR><BR>[Calls]<UL><LI><a href="#[df]">&gt;&gt;</a>&nbsp;&nbsp;&nbsp;ke_state_get
</UL>
<BR>[Address Reference Count : 1]<UL><LI> app_task.o(.constdata)
</UL>
<P><STRONG><a name="[48]"></a>appm_msg_handler</STRONG> (Thumb, 60 bytes, Stack size 0 bytes, app_task.o(.text))
<BR><BR>[Calls]<UL><LI><a href="#[11b]">&gt;&gt;</a>&nbsp;&nbsp;&nbsp;appm_get_handler
</UL>
<BR>[Address Reference Count : 1]<UL><LI> app_task.o(.constdata)
</UL>
<P><STRONG><a name="[56]"></a>gapc_update_conn_param_req_ind_handler</STRONG> (Thumb, 36 bytes, Stack size 0 bytes, app_task.o(.text))
<BR><BR>[Calls]<UL><LI><a href="#[10a]">&gt;&gt;</a>&nbsp;&nbsp;&nbsp;appm_update_param
<LI><a href="#[19]">&gt;&gt;</a>&nbsp;&nbsp;&nbsp;uart_printf
</UL>
<BR>[Address Reference Count : 1]<UL><LI> app_task.o(.constdata)
</UL>
<P><STRONG><a name="[52]"></a>gapc_le_pkt_size_ind_handler</STRONG> (Thumb, 48 bytes, Stack size 0 bytes, app_task.o(.text))
<BR><BR>[Calls]<UL><LI><a href="#[19]">&gt;&gt;</a>&nbsp;&nbsp;&nbsp;uart_printf
</UL>
<BR>[Address Reference Count : 1]<UL><LI> app_task.o(.constdata)
</UL>
<P><STRONG><a name="[53]"></a>gapc_param_updated_ind_handler</STRONG> (Thumb, 42 bytes, Stack size 0 bytes, app_task.o(.text))
<BR><BR>[Calls]<UL><LI><a href="#[19]">&gt;&gt;</a>&nbsp;&nbsp;&nbsp;uart_printf
</UL>
<BR>[Address Reference Count : 1]<UL><LI> app_task.o(.constdata)
</UL>
<P><STRONG><a name="[59]"></a>gapc_send_security_req_handler</STRONG> (Thumb, 10 bytes, Stack size 0 bytes, app_task.o(.text))
<BR><BR>[Calls]<UL><LI><a href="#[10f]">&gt;&gt;</a>&nbsp;&nbsp;&nbsp;appm_send_seurity_req
</UL>
<BR>[Address Reference Count : 1]<UL><LI> app_task.o(.constdata)
</UL>
<P><STRONG><a name="[54]"></a>gattc_mtu_changed_ind_handler</STRONG> (Thumb, 28 bytes, Stack size 0 bytes, app_task.o(.text))
<BR><BR>[Calls]<UL><LI><a href="#[19]">&gt;&gt;</a>&nbsp;&nbsp;&nbsp;uart_printf
</UL>
<BR>[Address Reference Count : 1]<UL><LI> app_task.o(.constdata)
</UL>
<P><STRONG><a name="[55]"></a>gapc_param_update_req_ind_handler</STRONG> (Thumb, 48 bytes, Stack size 0 bytes, app_task.o(.text))
<BR><BR>[Calls]<UL><LI><a href="#[dc]">&gt;&gt;</a>&nbsp;&nbsp;&nbsp;ke_msg_send
<LI><a href="#[db]">&gt;&gt;</a>&nbsp;&nbsp;&nbsp;ke_msg_alloc
<LI><a href="#[19]">&gt;&gt;</a>&nbsp;&nbsp;&nbsp;uart_printf
</UL>
<BR>[Address Reference Count : 1]<UL><LI> app_task.o(.constdata)
</UL>
<P><STRONG><a name="[57]"></a>app_adv_enable_handler</STRONG> (Thumb, 44 bytes, Stack size 0 bytes, app_task.o(.text))
<BR><BR>[Calls]<UL><LI><a href="#[102]">&gt;&gt;</a>&nbsp;&nbsp;&nbsp;app_sec_get_bond_status
<LI><a href="#[101]">&gt;&gt;</a>&nbsp;&nbsp;&nbsp;appm_start_dirc_adver
<LI><a href="#[ff]">&gt;&gt;</a>&nbsp;&nbsp;&nbsp;appm_start_advertising
<LI><a href="#[df]">&gt;&gt;</a>&nbsp;&nbsp;&nbsp;ke_state_get
<LI><a href="#[19]">&gt;&gt;</a>&nbsp;&nbsp;&nbsp;uart_printf
</UL>
<BR>[Address Reference Count : 1]<UL><LI> app_task.o(.constdata)
</UL>
<P><STRONG><a name="[5a]"></a>app_disconnect_timer_handler</STRONG> (Thumb, 30 bytes, Stack size 0 bytes, app_task.o(.text))
<BR><BR>[Calls]<UL><LI><a href="#[fe]">&gt;&gt;</a>&nbsp;&nbsp;&nbsp;appm_disconnect
<LI><a href="#[df]">&gt;&gt;</a>&nbsp;&nbsp;&nbsp;ke_state_get
<LI><a href="#[19]">&gt;&gt;</a>&nbsp;&nbsp;&nbsp;uart_printf
</UL>
<BR>[Address Reference Count : 1]<UL><LI> app_task.o(.constdata)
</UL>
<P><STRONG><a name="[62]"></a>gapc_bond_req_ind_handler</STRONG> (Thumb, 304 bytes, Stack size 0 bytes, app_sec.o(.text))
<BR><BR>[Calls]<UL><LI><a href="#[bd]">&gt;&gt;</a>&nbsp;&nbsp;&nbsp;flash_write
<LI><a href="#[bb]">&gt;&gt;</a>&nbsp;&nbsp;&nbsp;flash_erase_sector
<LI><a href="#[eb]">&gt;&gt;</a>&nbsp;&nbsp;&nbsp;__aeabi_memclr
<LI><a href="#[f9]">&gt;&gt;</a>&nbsp;&nbsp;&nbsp;rand
<LI><a href="#[dc]">&gt;&gt;</a>&nbsp;&nbsp;&nbsp;ke_msg_send
<LI><a href="#[db]">&gt;&gt;</a>&nbsp;&nbsp;&nbsp;ke_msg_alloc
<LI><a href="#[19]">&gt;&gt;</a>&nbsp;&nbsp;&nbsp;uart_printf
<LI><a href="#[79]">&gt;&gt;</a>&nbsp;&nbsp;&nbsp;flash_read
<LI><a href="#[7a]">&gt;&gt;</a>&nbsp;&nbsp;&nbsp;__aeabi_memcpy
</UL>
<BR>[Address Reference Count : 1]<UL><LI> app_sec.o(.constdata)
</UL>
<P><STRONG><a name="[63]"></a>gapc_bond_ind_handler</STRONG> (Thumb, 304 bytes, Stack size 0 bytes, app_sec.o(.text))
<BR><BR>[Calls]<UL><LI><a href="#[fe]">&gt;&gt;</a>&nbsp;&nbsp;&nbsp;appm_disconnect
<LI><a href="#[bd]">&gt;&gt;</a>&nbsp;&nbsp;&nbsp;flash_write
<LI><a href="#[bb]">&gt;&gt;</a>&nbsp;&nbsp;&nbsp;flash_erase_sector
<LI><a href="#[eb]">&gt;&gt;</a>&nbsp;&nbsp;&nbsp;__aeabi_memclr
<LI><a href="#[11e]">&gt;&gt;</a>&nbsp;&nbsp;&nbsp;gapc_get_bdaddr
<LI><a href="#[19]">&gt;&gt;</a>&nbsp;&nbsp;&nbsp;uart_printf
<LI><a href="#[79]">&gt;&gt;</a>&nbsp;&nbsp;&nbsp;flash_read
<LI><a href="#[7a]">&gt;&gt;</a>&nbsp;&nbsp;&nbsp;__aeabi_memcpy
</UL>
<BR>[Address Reference Count : 1]<UL><LI> app_sec.o(.constdata)
</UL>
<P><STRONG><a name="[64]"></a>gapc_encrypt_req_ind_handler</STRONG> (Thumb, 144 bytes, Stack size 0 bytes, app_sec.o(.text))
<BR><BR>[Calls]<UL><LI><a href="#[fe]">&gt;&gt;</a>&nbsp;&nbsp;&nbsp;appm_disconnect
<LI><a href="#[11f]">&gt;&gt;</a>&nbsp;&nbsp;&nbsp;memcmp
<LI><a href="#[108]">&gt;&gt;</a>&nbsp;&nbsp;&nbsp;ke_timer_active
<LI><a href="#[109]">&gt;&gt;</a>&nbsp;&nbsp;&nbsp;ke_timer_clear
<LI><a href="#[dc]">&gt;&gt;</a>&nbsp;&nbsp;&nbsp;ke_msg_send
<LI><a href="#[db]">&gt;&gt;</a>&nbsp;&nbsp;&nbsp;ke_msg_alloc
<LI><a href="#[19]">&gt;&gt;</a>&nbsp;&nbsp;&nbsp;uart_printf
<LI><a href="#[79]">&gt;&gt;</a>&nbsp;&nbsp;&nbsp;flash_read
<LI><a href="#[7a]">&gt;&gt;</a>&nbsp;&nbsp;&nbsp;__aeabi_memcpy
</UL>
<BR>[Address Reference Count : 1]<UL><LI> app_sec.o(.constdata)
</UL>
<P><STRONG><a name="[65]"></a>gapc_encrypt_ind_handler</STRONG> (Thumb, 16 bytes, Stack size 0 bytes, app_sec.o(.text))
<BR><BR>[Calls]<UL><LI><a href="#[19]">&gt;&gt;</a>&nbsp;&nbsp;&nbsp;uart_printf
</UL>
<BR>[Address Reference Count : 1]<UL><LI> app_sec.o(.constdata)
</UL>
<P><STRONG><a name="[61]"></a>app_sec_msg_dflt_handler</STRONG> (Thumb, 4 bytes, Stack size 0 bytes, app_sec.o(.text))
<BR>[Address Reference Count : 1]<UL><LI> app_sec.o(.constdata)
</UL>
<P><STRONG><a name="[6b]"></a>hogpd_ctnl_pt_ind_handler</STRONG> (Thumb, 74 bytes, Stack size 0 bytes, app_hid.o(.text))
<BR><BR>[Calls]<UL><LI><a href="#[dc]">&gt;&gt;</a>&nbsp;&nbsp;&nbsp;ke_msg_send
<LI><a href="#[db]">&gt;&gt;</a>&nbsp;&nbsp;&nbsp;ke_msg_alloc
<LI><a href="#[19]">&gt;&gt;</a>&nbsp;&nbsp;&nbsp;uart_printf
<LI><a href="#[9]">&gt;&gt;</a>&nbsp;&nbsp;&nbsp;prf_get_task_from_id
</UL>
<BR>[Address Reference Count : 1]<UL><LI> app_hid.o(.constdata)
</UL>
<P><STRONG><a name="[68]"></a>hogpd_ntf_cfg_ind_handler</STRONG> (Thumb, 52 bytes, Stack size 0 bytes, app_hid.o(.text))
<BR><BR>[Calls]<UL><LI><a href="#[19]">&gt;&gt;</a>&nbsp;&nbsp;&nbsp;uart_printf
</UL>
<BR>[Address Reference Count : 1]<UL><LI> app_hid.o(.constdata)
</UL>
<P><STRONG><a name="[69]"></a>hogpd_report_req_ind_handler</STRONG> (Thumb, 400 bytes, Stack size 0 bytes, app_hid.o(.text))
<BR><BR>[Calls]<UL><LI><a href="#[eb]">&gt;&gt;</a>&nbsp;&nbsp;&nbsp;__aeabi_memclr
<LI><a href="#[dc]">&gt;&gt;</a>&nbsp;&nbsp;&nbsp;ke_msg_send
<LI><a href="#[db]">&gt;&gt;</a>&nbsp;&nbsp;&nbsp;ke_msg_alloc
<LI><a href="#[19]">&gt;&gt;</a>&nbsp;&nbsp;&nbsp;uart_printf
<LI><a href="#[9]">&gt;&gt;</a>&nbsp;&nbsp;&nbsp;prf_get_task_from_id
<LI><a href="#[7a]">&gt;&gt;</a>&nbsp;&nbsp;&nbsp;__aeabi_memcpy
</UL>
<BR>[Address Reference Count : 1]<UL><LI> app_hid.o(.constdata)
</UL>
<P><STRONG><a name="[6a]"></a>hogpd_proto_mode_req_ind_handler</STRONG> (Thumb, 100 bytes, Stack size 0 bytes, app_hid.o(.text))
<BR><BR>[Calls]<UL><LI><a href="#[dc]">&gt;&gt;</a>&nbsp;&nbsp;&nbsp;ke_msg_send
<LI><a href="#[db]">&gt;&gt;</a>&nbsp;&nbsp;&nbsp;ke_msg_alloc
<LI><a href="#[19]">&gt;&gt;</a>&nbsp;&nbsp;&nbsp;uart_printf
<LI><a href="#[9]">&gt;&gt;</a>&nbsp;&nbsp;&nbsp;prf_get_task_from_id
</UL>
<BR>[Address Reference Count : 1]<UL><LI> app_hid.o(.constdata)
</UL>
<P><STRONG><a name="[6c]"></a>hogpd_report_upd_handler</STRONG> (Thumb, 20 bytes, Stack size 0 bytes, app_hid.o(.text))
<BR>[Address Reference Count : 1]<UL><LI> app_hid.o(.constdata)
</UL>
<P><STRONG><a name="[67]"></a>hogpd_enable_rsp_handler</STRONG> (Thumb, 16 bytes, Stack size 0 bytes, app_hid.o(.text))
<BR><BR>[Calls]<UL><LI><a href="#[19]">&gt;&gt;</a>&nbsp;&nbsp;&nbsp;uart_printf
</UL>
<BR>[Address Reference Count : 1]<UL><LI> app_hid.o(.constdata)
</UL>
<P><STRONG><a name="[66]"></a>app_hid_msg_dflt_handler</STRONG> (Thumb, 16 bytes, Stack size 0 bytes, app_hid.o(.text))
<BR><BR>[Calls]<UL><LI><a href="#[19]">&gt;&gt;</a>&nbsp;&nbsp;&nbsp;uart_printf
</UL>
<BR>[Address Reference Count : 1]<UL><LI> app_hid.o(.constdata)
</UL>
<P><STRONG><a name="[21]"></a>app_gpio_int_cb</STRONG> (Thumb, 44 bytes, Stack size 0 bytes, app_key.o(.text))
<BR><BR>[Calls]<UL><LI><a href="#[108]">&gt;&gt;</a>&nbsp;&nbsp;&nbsp;ke_timer_active
<LI><a href="#[100]">&gt;&gt;</a>&nbsp;&nbsp;&nbsp;ke_msg_send_basic
<LI><a href="#[130]">&gt;&gt;</a>&nbsp;&nbsp;&nbsp;key_wakeup_set
</UL>
<BR>[Address Reference Count : 1]<UL><LI> app_key.o(.text)
</UL>
<P><STRONG><a name="[151]"></a>_fp_digits</STRONG> (Thumb, 344 bytes, Stack size 0 bytes, printfa.o(i._fp_digits), UNUSED)
<BR><BR>[Calls]<UL><LI><a href="#[142]">&gt;&gt;</a>&nbsp;&nbsp;&nbsp;__aeabi_uldivmod
<LI><a href="#[14c]">&gt;&gt;</a>&nbsp;&nbsp;&nbsp;__aeabi_dmul
<LI><a href="#[14d]">&gt;&gt;</a>&nbsp;&nbsp;&nbsp;__aeabi_ddiv
<LI><a href="#[146]">&gt;&gt;</a>&nbsp;&nbsp;&nbsp;__aeabi_dadd
<LI><a href="#[14e]">&gt;&gt;</a>&nbsp;&nbsp;&nbsp;__aeabi_d2ulz
<LI><a href="#[152]">&gt;&gt;</a>&nbsp;&nbsp;&nbsp;__aeabi_cdrcmple
</UL>
<BR>[Called By]<UL><LI><a href="#[150]">&gt;&gt;</a>&nbsp;&nbsp;&nbsp;_printf_core
</UL>

<P><STRONG><a name="[150]"></a>_printf_core</STRONG> (Thumb, 1764 bytes, Stack size 0 bytes, printfa.o(i._printf_core), UNUSED)
<BR><BR>[Calls]<UL><LI><a href="#[cf]">&gt;&gt;</a>&nbsp;&nbsp;&nbsp;__aeabi_uidivmod
<LI><a href="#[142]">&gt;&gt;</a>&nbsp;&nbsp;&nbsp;__aeabi_uldivmod
<LI><a href="#[153]">&gt;&gt;</a>&nbsp;&nbsp;&nbsp;_printf_pre_padding
<LI><a href="#[154]">&gt;&gt;</a>&nbsp;&nbsp;&nbsp;_printf_post_padding
<LI><a href="#[151]">&gt;&gt;</a>&nbsp;&nbsp;&nbsp;_fp_digits
</UL>
<BR>[Called By]<UL><LI><a href="#[14f]">&gt;&gt;</a>&nbsp;&nbsp;&nbsp;__0vsprintf
</UL>

<P><STRONG><a name="[154]"></a>_printf_post_padding</STRONG> (Thumb, 32 bytes, Stack size 0 bytes, printfa.o(i._printf_post_padding), UNUSED)
<BR><BR>[Called By]<UL><LI><a href="#[150]">&gt;&gt;</a>&nbsp;&nbsp;&nbsp;_printf_core
</UL>

<P><STRONG><a name="[153]"></a>_printf_pre_padding</STRONG> (Thumb, 44 bytes, Stack size 0 bytes, printfa.o(i._printf_pre_padding), UNUSED)
<BR><BR>[Called By]<UL><LI><a href="#[150]">&gt;&gt;</a>&nbsp;&nbsp;&nbsp;_printf_core
</UL>

<P><STRONG><a name="[22]"></a>_sputc</STRONG> (Thumb, 10 bytes, Stack size 0 bytes, printfa.o(i._sputc))
<BR><BR>[Called By]<UL><LI><a href="#[14f]">&gt;&gt;</a>&nbsp;&nbsp;&nbsp;__0vsprintf
</UL>
<BR>[Address Reference Count : 1]<UL><LI> printfa.o(i.__0vsprintf)
</UL><P>
<H3>
Undefined Global Symbols
</H3><HR></body></html>
