<html>
<body>
<pre>
<h1>礦ision Build Log</h1>
<h2>Tool Versions:</h2>
IDE-Version: μVision V5.27.0.0
Copyright (C) 2018 ARM Ltd and ARM Germany GmbH. All rights reserved.
License Information: fa da, ttttt, LIC=585FJ-UHT4D-45WT5-G7R4P-DCAL1-6AJPJ
 
Tool Versions:
Toolchain:       MDK-ARM Plus  Version: 5.27.0.0
Toolchain Path:  C:\Keil_v5\ARM\ARMCC\Bin
C Compiler:      Armcc.exe V5.06 update 6 (build 750)
Assembler:       Armasm.exe V5.06 update 6 (build 750)
Linker/Locator:  ArmLink.exe V5.06 update 6 (build 750)
Library Manager: ArmAr.exe V5.06 update 6 (build 750)
Hex Converter:   FromElf.exe V5.06 update 6 (build 750)
CPU DLL:         SARM.DLL V5.27.0.0
Dialog DLL:      DARMP3.DLL
Target DLL:      Segger\JLTAgdi.dll V1.61.0.0
Dialog DLL:      TARMP3.DLL V1.4.0.0
 
<h2>Project:</h2>
E:\jim\project\A2021\CDWorkingroom1\RF331E\技术文档\bk3432\sdk\SDK\projects\ble_app_remote\bk3435.uvproj
Project File Date:  05/11/2021

<h2>Output:</h2>
*** Using Compiler 'V5.06 update 6 (build 750)', folder: 'C:\Keil_v5\ARM\ARMCC\Bin'
Build target 'BK3435_app'
compiling rwble_hl.c...
compiling arch_main.c...
compiling rwble.c...
compiling rwip.c...
compiling gpio.c...
compiling icu.c...
compiling timer.c...
compiling intc.c...
compiling uart.c...
compiling rf_xvr.c...
compiling bass.c...
compiling bass_task.c...
compiling diss.c...
compiling diss_task.c...
compiling hogpd.c...
compiling hogpd_task.c...
compiling prf.c...
compiling prf_utils.c...
compiling app_batt.c...
compiling app.c...
compiling app_dis.c...
compiling app_sec.c...
compiling app_task.c...
app\app_task.c(663): warning:  #177-D: variable "key_free_dalay_cnt"  was declared but never referenced
  	static uint16_t key_free_dalay_cnt=0;
app\app_task.c: 1 warning, 0 errors
compiling app_hid.c...
compiling app_wlist.c...
compiling app_key.c...
linking...
Program Size: Code=27822 RO-data=2414 RW-data=200 ZI-data=8820  
After Build - User command #1: fromelf --bin --output .\output\app\bk3432_ble_app.bin .\obj\bk3432_ble_app.axf
After Build - User command #2: .\output\encrypt_app.bat
E:\jim\project\A2021\CDWorkingroom1\RF331E\技术文档\bk3432\sdk\SDK\projects\ble_app_remote>.\output\BinConvert_3432.exe  -oad .\output\bim\bk3432_ble_bim.bin  .\output\stack\bk3432_ble_stack.bin  .\output\app\bk3432_ble_app.bin -m 0x1020 -l 0x17020 -v 0x000C -rom_v 0x000A -e 00000000 00000000 00000000 00000000 
cmd_bin_oad.stack_file_addr :0x1020
binary version hex:0xc; dec:12
Arm Image Binary will be converted to OAD format binary file.....
cmd_bin_oad.stack_file_addr=1020
boot_bin_len=fa0
add stack bin start
oad_stack_app_bin_len=1d800
oad_app_bin_len=7800
1f 51 fc 15 0c 00 00 1e 42 42 42 42 ff ff 0a 00 /**< @CREATE_FILE_SUCCESS */
/**< @Download flash file:.\output\app\bk3432_ble_app_merge.bin
/**< @OAD file :.\output\app\bk3432_ble_app_stack.bin,CRC = 0xccd1a3e9
/**< @OAD file :.\output\app\bk3432_ble_app_app.bin,CRC = 0x15fc511f
/**< @author <gang.cheng@bekencorp.com> */
/**< @version v0.3 */
".\obj\bk3432_ble_app.axf" - 0 Error(s), 1 Warning(s).
Build Time Elapsed:  00:00:05
</pre>
</body>
</html>
