<html>
<body>
<pre>
<h1>µVision Build Log</h1>
<h2>Tool Versions:</h2>
IDE-Version: ¦ÌVision V5.12.0.0
Copyright (C) 2014 ARM Ltd and ARM Germany GmbH. All rights reserved.
License Information: l Microsoft, Microsoft, LIC=TIVPC-7TPLJ-Y8JFK-ZAQ8Y-LC2LK-90JBV
 
Tool Versions:
Toolchain:       MDK-ARM Standard  Version: 5.12.0.0
Toolchain Path:  C:\Keil_v5\ARM\ARMCC\Bin
C Compiler:      Armcc.exe V5.05 (build 41)
Assembler:       Armasm.exe V5.05 (build 41)
Linker/Locator:  ArmLink.exe V5.05 (build 41)
Library Manager: ArmAr.exe V5.05 (build 41)
Hex Converter:   FromElf.exe V5.05 (build 41)
CPU DLL:         SARM.DLL V5.12.0.0
Dialog DLL:      DARMP3.DLL
    Target DLL: Segger\JLTAgdi.dll
Dialog DLL:      TARMP3.DLL V1.02
 
<h2>Project:</h2>
D:\work\BK3432\rw_ble\internal\bk3432_V17_0C0A\SDK\projects\ble_app_remote\bk3435.uvproj
Project File Date:  08/06/2018

<h2>Output:</h2>
Rebuild target 'BK3435_app'
compiling arch_main.c...
assembling boot_handlers.s...
assembling boot_vectors.s...
compiling rwble.c...
compiling rwble_hl.c...
compiling rwip.c...
compiling emi.c...
compiling flash.c...
compiling gpio.c...
compiling icu.c...
compiling intc.c...
compiling timer.c...
compiling uart.c...
compiling wdt.c...
compiling rf_xvr.c...
compiling bass.c...
compiling bass_task.c...
compiling diss.c...
compiling diss_task.c...
compiling hogpd.c...
compiling hogpd_task.c...
compiling prf.c...
compiling prf_utils.c...
compiling app.c...
compiling app_batt.c...
compiling app_dis.c...
compiling app_task.c...
compiling app_sec.c...
compiling app_hid.c...
compiling app_wlist.c...
compiling app_key.c...
linking...
Program Size: Code=28670 RO-data=2414 RW-data=204 ZI-data=8836  
After Build - User command #1: fromelf --bin --output .\output\app\bk3432_ble_app.bin .\obj\bk3432_ble_app.axf
After Build - User command #2: .\output\encrypt_app.bat
D:\work\BK3432\rw_ble\internal\bk3432_V17_0C0A\SDK\projects\ble_app_remote>.\output\BinConvert_3432.exe  -oad .\output\bim\bk3432_ble_bim.bin  .\output\stack\bk3432_ble_stack.bin  .\output\app\bk3432_ble_app.bin -m 0x1020 -l 0x17020 -v 0x0009 -rom_v 0x0009 -e 00000000 00000000 00000000 00000000 
cmd_bin_oad.stack_file_addr :0x1020
binary version hex:0x9; dec:9
Arm Image Binary will be converted to OAD format binary file.....
cmd_bin_oad.stack_file_addr=1020
boot_bin_len=fa0
add stack bin start
oad_stack_app_bin_len=1db00
oad_app_bin_len=7b00
0e 12 a6 2f 09 00 c0 1e 42 42 42 42 ff ff 09 00 /**< @CREATE_FILE_SUCCESS */
/**< @Download flash file:.\output\app\bk3432_ble_app_merge.bin
/**< @OAD file :.\output\app\bk3432_ble_app_stack.bin,CRC = 0x5c717ef2
/**< @OAD file :.\output\app\bk3432_ble_app_app.bin,CRC = 0x2fa6120e
/**< @author <gang.cheng@bekencorp.com> */
/**< @version v0.3 */
".\obj\bk3432_ble_app.axf" - 0 Error(s), 0 Warning(s).
</pre>
</body>
</html>
