
连接器　版本8.7.7.190619
Input Object File: E:\jim\project\A2021\RF392\copy from pc\RF392A003_V01\OUTPUT\STARTUP1_L.OBJ
Input Object File: E:\jim\project\A2021\RF392\copy from pc\RF392A003_V01\OUTPUT\MAIN_PROGRAM_V103.OBJ
Input Object File: E:\jim\project\A2021\RF392\copy from pc\RF392A003_V01\OUTPUT\USER_PROGRAM.OBJ
Input Object File: C:\Users\ADMINI~1\AppData\Local\Temp\BS84C12C_LIBV413.OBJ
Input Object File: E:\jim\project\A2021\RF392\copy from pc\RF392A003_V01\OUTPUT\LT8920.OBJ
Input Object File: E:\jim\project\A2021\RF392\copy from pc\RF392A003_V01\OUTPUT\EEPROM.OBJ

Input Library File: C:\Program Files\Holtek MCU Development Tools\HT-IDE3000V8.x\LIB\LIBHOLTEKGCC.LIB
Input Library File: C:\Program Files\Holtek MCU Development Tools\HT-IDE3000V8.x\LIB\v3_tabrd_mrsc.lib


     Bank    Start     End      Length     Class    AvgIns    Name
     00h     0000h     0003h    0004h      CODE               PROGRAM_ENTRY (E:\jim\project\A2021\RF392\copy from pc\RF392A003_V01\OUTPUT\MAIN_PROGRAM_V103.OBJ)
     00h     0004h     0005h    0002h      CODE               _TurnoffTimer0 (E:\jim\project\A2021\RF392\copy from pc\RF392A003_V01\OUTPUT\USER_PROGRAM.OBJ)
     00h     0006h     0007h    0002h      CODE               _TurnonTimer0 (E:\jim\project\A2021\RF392\copy from pc\RF392A003_V01\OUTPUT\USER_PROGRAM.OBJ)
     00h     0008h     0008h    0001h      CODE               TOUCH_INT (C:\Users\ADMINI~1\AppData\Local\Temp\BS84C12C_LIBV413.OBJ)
     00h     0009h     0009h    0001h      CODE               LIBRARY_VERSION (C:\Users\ADMINI~1\AppData\Local\Temp\BS84C12C_LIBV413.OBJ)
     00h     000ah     0011h    0008h      CODE               _It8920_ResetFifo (E:\jim\project\A2021\RF392\copy from pc\RF392A003_V01\OUTPUT\LT8920.OBJ)
     00h     0014h     0017h    0004h      CODE               TIME_BASE_INT (C:\Users\ADMINI~1\AppData\Local\Temp\BS84C12C_LIBV413.OBJ)
     00h     0018h     001bh    0004h      CODE               _clrflagledtimer (E:\jim\project\A2021\RF392\copy from pc\RF392A003_V01\OUTPUT\USER_PROGRAM.OBJ)
     00h     0020h     0023h    0004h      CODE               @INTERRUPTTIMER0_code (E:\jim\project\A2021\RF392\copy from pc\RF392A003_V01\OUTPUT\USER_PROGRAM.OBJ)
     00h     0024h     0085h    0062h      CODE               MAIN_PROGRAM (E:\jim\project\A2021\RF392\copy from pc\RF392A003_V01\OUTPUT\MAIN_PROGRAM_V103.OBJ)
     00h     0086h     00abh    0026h      CODE               @ROMDATA_BASE (E:\jim\project\A2021\RF392\copy from pc\RF392A003_V01\OUTPUT\USER_PROGRAM.OBJ)
     00h     00ach     0564h    04b9h      CODE               TKS_LIBRARY_CODE (C:\Users\ADMINI~1\AppData\Local\Temp\BS84C12C_LIBV413.OBJ)
     00h     0565h     05a5h    0041h      CODE               @crom (E:\jim\project\A2021\RF392\copy from pc\RF392A003_V01\OUTPUT\LT8920.OBJ)
     00h     05a6h     05b6h    0011h      CODE               _InitLed (E:\jim\project\A2021\RF392\copy from pc\RF392A003_V01\OUTPUT\USER_PROGRAM.OBJ)
     00h     05b7h     05ebh    0035h      CODE               _INTERRUPTTIMER0 (E:\jim\project\A2021\RF392\copy from pc\RF392A003_V01\OUTPUT\USER_PROGRAM.OBJ)
     00h     05ech     067dh    0092h      CODE               _USER_PROGRAM_INITIAL (E:\jim\project\A2021\RF392\copy from pc\RF392A003_V01\OUTPUT\USER_PROGRAM.OBJ)
     00h     067eh     0bc8h    054bh      CODE               _USER_PROGRAM (E:\jim\project\A2021\RF392\copy from pc\RF392A003_V01\OUTPUT\USER_PROGRAM.OBJ)
     00h     0bc9h     0c06h    003eh      CODE               _SPI_WriteReg (E:\jim\project\A2021\RF392\copy from pc\RF392A003_V01\OUTPUT\LT8920.OBJ)
     00h     0c07h     0c5ah    0054h      CODE               _SPI_WriteFifo (E:\jim\project\A2021\RF392\copy from pc\RF392A003_V01\OUTPUT\LT8920.OBJ)
     00h     0c5bh     0c73h    0019h      CODE               _LT8900_Reset (E:\jim\project\A2021\RF392\copy from pc\RF392A003_V01\OUTPUT\LT8920.OBJ)
     00h     0c74h     0cb8h    0045h      CODE               _LT8900Reg_Init (E:\jim\project\A2021\RF392\copy from pc\RF392A003_V01\OUTPUT\LT8920.OBJ)
     00h     0cb9h     0cbeh    0006h      CODE               _It8920_Idle (E:\jim\project\A2021\RF392\copy from pc\RF392A003_V01\OUTPUT\LT8920.OBJ)
     00h     0cbfh     0d03h    0045h      CODE               _LT8900rf_test (E:\jim\project\A2021\RF392\copy from pc\RF392A003_V01\OUTPUT\LT8920.OBJ)
     00h     0d04h     0d0ah    0007h      CODE               _It8920_EnterRx (E:\jim\project\A2021\RF392\copy from pc\RF392A003_V01\OUTPUT\LT8920.OBJ)
     00h     0d0bh     0d12h    0008h      CODE               _It892_EnterTx (E:\jim\project\A2021\RF392\copy from pc\RF392A003_V01\OUTPUT\LT8920.OBJ)
     00h     0d13h     0d1ch    000ah      CODE               _LT8900_txdata (E:\jim\project\A2021\RF392\copy from pc\RF392A003_V01\OUTPUT\LT8920.OBJ)
     00h     0d1dh     0d60h    0044h      CODE               _It8920_filldata (E:\jim\project\A2021\RF392\copy from pc\RF392A003_V01\OUTPUT\LT8920.OBJ)
     00h     0d61h     0da9h    0049h      CODE               _It8920_encryptdata (E:\jim\project\A2021\RF392\copy from pc\RF392A003_V01\OUTPUT\LT8920.OBJ)
     00h     0daah     0ddch    0033h      CODE               _It8920_Sleep (E:\jim\project\A2021\RF392\copy from pc\RF392A003_V01\OUTPUT\LT8920.OBJ)
     00h     0dddh     0df1h    0015h      CODE               _eeprom_Write (E:\jim\project\A2021\RF392\copy from pc\RF392A003_V01\OUTPUT\EEPROM.OBJ)
     00h     0df2h     0e05h    0014h      CODE               _eeprom_Read (E:\jim\project\A2021\RF392\copy from pc\RF392A003_V01\OUTPUT\EEPROM.OBJ)
     00h     0e06h     0e17h    0012h      CODE               _CROM2PROM (CROM2PROM)
     00h     0e18h     0e30h    0019h      CODE               _builtin_holtek_divmodqi4_isr04 (C:\Program Files\Holtek MCU Development Tools\HT-IDE3000V8.x\LIB\LIBHOLTEKGCC.LIB)
     00h     0080h     00a9h    002ah      DATA     0.7142    TKS_LIBRARY_DATA0 (C:\Users\ADMINI~1\AppData\Local\Temp\BS84C12C_LIBV413.OBJ)
     00h     00aah     00abh    0002h      DATA     3         MAIN_DATA (E:\jim\project\A2021\RF392\copy from pc\RF392A003_V01\OUTPUT\MAIN_PROGRAM_V103.OBJ)
     00h     00ach     00c0h    0015h      DATA     10.476    @HCCINIT (E:\jim\project\A2021\RF392\copy from pc\RF392A003_V01\OUTPUT\USER_PROGRAM.OBJ)
     00h     00c1h     00c5h    0005h      DATA     43.8      @HCCINIT0 (E:\jim\project\A2021\RF392\copy from pc\RF392A003_V01\OUTPUT\USER_PROGRAM.OBJ)
     00h     00c6h     00e8h    0023h      DATA     5.1714    @HCCINIT (E:\jim\project\A2021\RF392\copy from pc\RF392A003_V01\OUTPUT\LT8920.OBJ)
     00h     00e9h     00eah    0002h      DATA     0         @HCCINIT0 (E:\jim\project\A2021\RF392\copy from pc\RF392A003_V01\OUTPUT\LT8920.OBJ)
     00h     00ebh     00edh    0003h      DATA     2.3333    @HCCINIT (E:\jim\project\A2021\RF392\copy from pc\RF392A003_V01\OUTPUT\EEPROM.OBJ)
     00h     00eeh     00eeh    0001h      DATA     27        @data_ra (C:\Program Files\Holtek MCU Development Tools\HT-IDE3000V8.x\LIB\LIBHOLTEKGCC.LIB)
     00h     00efh     00efh    0001h      DATA     44        @data_rb (C:\Program Files\Holtek MCU Development Tools\HT-IDE3000V8.x\LIB\LIBHOLTEKGCC.LIB)
     00h     00f0h     00f0h    0001h      DATA     40        @data_rc (C:\Program Files\Holtek MCU Development Tools\HT-IDE3000V8.x\LIB\LIBHOLTEKGCC.LIB)
     00h     00f1h     00f1h    0001h      DATA     16        @data_rd (C:\Program Files\Holtek MCU Development Tools\HT-IDE3000V8.x\LIB\LIBHOLTEKGCC.LIB)
     00h     00f2h     00f2h    0001h      DATA     16        @data_re (C:\Program Files\Holtek MCU Development Tools\HT-IDE3000V8.x\LIB\LIBHOLTEKGCC.LIB)
     00h     00f3h     00f3h    0001h      DATA     2         @data_r100 (isr:ra~rh)
     00h     00f4h     00f4h    0001h      DATA     2         @data_r200 (isr:ra~rh)
     00h     00f5h     00f5h    0001h      DATA     2         @data_ra00 (isr:ra~rh)
     01h     0080h     00d3h    0054h      DATA     0         TKS_LIBRARY_DATA1 (C:\Users\ADMINI~1\AppData\Local\Temp\BS84C12C_LIBV413.OBJ)
     02h     0080h     00afh    0030h      DATA     0         TKS_LIBRARY_DATA2 (C:\Users\ADMINI~1\AppData\Local\Temp\BS84C12C_LIBV413.OBJ)

     Local Sections

     Bank    Start     End      Length     Class    AvgIns    Name
     00h     00fbh     00fbh    0000h      LOCAL    0         @dummy32 (E:\jim\project\A2021\RF392\copy from pc\RF392A003_V01\OUTPUT\USER_PROGRAM.OBJ)
     00h     00fbh     00fbh    0000h      LOCAL    0         _INTERRUPTTIMER0 (E:\jim\project\A2021\RF392\copy from pc\RF392A003_V01\OUTPUT\USER_PROGRAM.OBJ)
     00h     00f6h     00fah    0005h      LOCAL    4.6       _builtin_holtek_divmodqi4_isr04 (C:\Program Files\Holtek MCU Development Tools\HT-IDE3000V8.x\LIB\LIBHOLTEKGCC.LIB)
     00h     00fbh     00fbh    0000h      LOCAL    0         _USER_PROGRAM_INITIAL (E:\jim\project\A2021\RF392\copy from pc\RF392A003_V01\OUTPUT\USER_PROGRAM.OBJ)
     00h     00fbh     00fbh    0000h      LOCAL    0         _LT8900_Reset (E:\jim\project\A2021\RF392\copy from pc\RF392A003_V01\OUTPUT\LT8920.OBJ)
     00h     00fbh     00fbh    0000h      LOCAL    0         _InitLed (E:\jim\project\A2021\RF392\copy from pc\RF392A003_V01\OUTPUT\USER_PROGRAM.OBJ)
     00h     00fbh     00fbh    0000h      LOCAL    0         _LT8900Reg_Init (E:\jim\project\A2021\RF392\copy from pc\RF392A003_V01\OUTPUT\LT8920.OBJ)
     00h     00fbh     00fbh    0000h      LOCAL    0         _Crom2Prom (CROM2PROM)
     00h     00fbh     00fbh    0000h      LOCAL    0         _SPI_WriteReg (E:\jim\project\A2021\RF392\copy from pc\RF392A003_V01\OUTPUT\LT8920.OBJ)
     00h     00fbh     00fbh    0000h      LOCAL    0         _LT8900rf_test (E:\jim\project\A2021\RF392\copy from pc\RF392A003_V01\OUTPUT\LT8920.OBJ)
     00h     00fbh     00fbh    0000h      LOCAL    0         _It8920_Idle (E:\jim\project\A2021\RF392\copy from pc\RF392A003_V01\OUTPUT\LT8920.OBJ)
     00h     00fbh     00fbh    0001h      LOCAL    12        _USER_PROGRAM (E:\jim\project\A2021\RF392\copy from pc\RF392A003_V01\OUTPUT\USER_PROGRAM.OBJ)
     00h     00fbh     00fbh    0000h      LOCAL    0         _It8920_Sleep (E:\jim\project\A2021\RF392\copy from pc\RF392A003_V01\OUTPUT\LT8920.OBJ)
     00h     00fbh     00fbh    0000h      LOCAL    0         _clrflagledtimer (E:\jim\project\A2021\RF392\copy from pc\RF392A003_V01\OUTPUT\USER_PROGRAM.OBJ)
     00h     00fbh     00fbh    0000h      LOCAL    0         _It8920_ResetFifo (E:\jim\project\A2021\RF392\copy from pc\RF392A003_V01\OUTPUT\LT8920.OBJ)
     00h     00fbh     00fbh    0000h      LOCAL    0         _It8920_filldata (E:\jim\project\A2021\RF392\copy from pc\RF392A003_V01\OUTPUT\LT8920.OBJ)
     00h     00fbh     00fbh    0000h      LOCAL    0         _eeprom_Read (E:\jim\project\A2021\RF392\copy from pc\RF392A003_V01\OUTPUT\EEPROM.OBJ)
     00h     00fbh     00fbh    0000h      LOCAL    0         _SPI_WriteFifo (E:\jim\project\A2021\RF392\copy from pc\RF392A003_V01\OUTPUT\LT8920.OBJ)
     00h     00fbh     00fbh    0000h      LOCAL    0         _It892_EnterTx (E:\jim\project\A2021\RF392\copy from pc\RF392A003_V01\OUTPUT\LT8920.OBJ)
     00h     00fbh     00fbh    0000h      LOCAL    0         _LT8900_txdata (E:\jim\project\A2021\RF392\copy from pc\RF392A003_V01\OUTPUT\LT8920.OBJ)
     00h     00fbh     00fbh    0000h      LOCAL    0         _It8920_EnterRx (E:\jim\project\A2021\RF392\copy from pc\RF392A003_V01\OUTPUT\LT8920.OBJ)
     00h     00fbh     00fbh    0000h      LOCAL    0         _It8920_encryptdata (E:\jim\project\A2021\RF392\copy from pc\RF392A003_V01\OUTPUT\LT8920.OBJ)

     Indepentent Local Sections

     Bank    Start     End      Length     Class    AvgIns    Name
     00h     00fbh     00fbh    0000h      ILOCAL   0         _TurnoffTimer0 (E:\jim\project\A2021\RF392\copy from pc\RF392A003_V01\OUTPUT\USER_PROGRAM.OBJ)
     00h     00fbh     00fbh    0000h      ILOCAL   0         _TurnonTimer0 (E:\jim\project\A2021\RF392\copy from pc\RF392A003_V01\OUTPUT\USER_PROGRAM.OBJ)
     00h     00fbh     00fbh    0000h      ILOCAL   0         _eeprom_Write (E:\jim\project\A2021\RF392\copy from pc\RF392A003_V01\OUTPUT\EEPROM.OBJ)

     Public Symbols Information
     Address            Public by Name
     00a9h[3]           _ANY_KEY_PRESSF
     00ach              _BS84C12C_LIBV413
     0136h              _BS84C12C_LIBV413_INITIAL
     01c1h              _CHECK_KEY_WAKEUP
     0e07h              _Crom2Prom
     0e06h              _Crom2PromNext
     008fh              _DATA_BUF
     00ebh              _EE_read_addr
     00edh              _EE_write_addr
     00ech              _EE_write_data
     00a9h[0]           _FORCE_CALIBRATEF
     054dh              _GET_ENV_VALUE
     0543h              _GET_KEY_AMOUNT
     0545h              _GET_KEY_BITMAP
     053eh              _GET_LIB_VER
     054ah              _GET_RCC_VALUE
     0550h              _GET_REF_VALUE
     0080h              _GLOBE_VARIES
     05b7h              _INTERRUPTTIMER0
     0d04h              _It8920_EnterRx
     0cb9h              _It8920_Idle
     000ah              _It8920_ResetFifo
     0daah              _It8920_Sleep
     0d61h              _It8920_encryptdata
     0d1dh              _It8920_filldata
     0d0bh              _It892_EnterTx
     00b6h              _K7paircounter
     009ch              _KEY_DATA
     009ah              _KEY_IO_SEL
     01a4h              _KEY_REF
     0180h              _KEY_STATUS
     0136h              _LIBRARY_RESET
     0063h              _LOAD_HXT_REFERENCE
     0063h              _LOAD_TKS_GLOBE_VARIES
     0c74h              _LT8900Reg_Init
     0c5bh              _LT8900_Reset
     0d13h              _LT8900_txdata
     0cbfh              _LT8900rf_test
     00eah              _RegH
     00e9h              _RegL
     0097h              _SAMPLE_TIMES
     00a9h[2]           _SCAN_CYCLEF
     0c07h              _SPI_WriteFifo
     0bc9h              _SPI_WriteReg
     0098h              _STANDBY_TIME
     00a9h[5]           _TKS_250MSF
     00a9h[6]           _TKS_500MSF
     00a9h[4]           _TKS_63MSF
     00a9h[1]           _TKS_ACTIVEF
     00a9h              _TKS_FLAGA
     0099h              _TKS_TIME_BASE
     0004h              _TurnoffTimer0
     0006h              _TurnonTimer0
     067eh              _USER_PROGRAM
     05ech              _USER_PROGRAM_INITIAL
     0e18h              _builtin_holtek_udivmodqi4_isr04
     00f6h              _builtin_holtek_udivmodqi4_isr04_2
     0018h              _clrflagledtimer
     0df2h              _eeprom_Read
     0dddh              _eeprom_Write
     0566h              _it8920compttx
     0565h              _it8920realdyrxdata
     0569h              _it8920realdytxdata
     00e2h              _it8920reg
     0574h              _it8920regarry
     056ch              _it8920rftstarry
     0568h              _it8920sleepdata
     00e3h              _itcounter
     00cah              _itmosivalue
     00c8h              _ittranscounter
     00e8h              _itykaddr0
     00e7h              _itykaddr1
     00e6h              _itykaddr2
     00e5h              _itykaddr3
     00bdh              _keycount
     00ach              _keyledidicatetimer
     00bbh              _keyledtimer
     00aeh              _keymachtimer
     00b4h              _keyonlyhuanqitimer
     00b5h              _keyonlyrlstxtimer
     00b9h              _keypairtimer
     00b7h              _keypresstimer
     00b1h              _keysamecounter
     00b0h              _keysamerepeatflag
     00beh              _keytempvalue
     00c0h              _keyvalue
     00b2h              _krlsrftxtimer
     00bfh              _pkeyvalue
     00deh              _regIndex
     00e1h              _reghighvalue
     00e0h              _reglowvalue
     00c6h              _rfmsgarry
     00cbh              _rftxdataarry
     00dfh              _spicount
     00c5h              _userflag1
     00c4h              _userflag2
     00c3h              _userflag3
     00c2h              _userflag4
     00c1h              _userflag5
     00b3h              _usertmpvalue
     00f3h              r100
     00f4h              r200
     00eeh              ra
     00f5h              ra00
     00efh              rb
     00f0h              rc
     00f1h              rd
     00f2h              re

     Address            Public by Value
     0004h              _TurnoffTimer0
     0006h              _TurnonTimer0
     000ah              _It8920_ResetFifo
     0018h              _clrflagledtimer
     0063h              _LOAD_TKS_GLOBE_VARIES
     0063h              _LOAD_HXT_REFERENCE
     0080h              _GLOBE_VARIES
     008fh              _DATA_BUF
     0097h              _SAMPLE_TIMES
     0098h              _STANDBY_TIME
     0099h              _TKS_TIME_BASE
     009ah              _KEY_IO_SEL
     009ch              _KEY_DATA
     00a9h              _TKS_FLAGA
     00ach              _BS84C12C_LIBV413
     00ach              _keyledidicatetimer
     00aeh              _keymachtimer
     00b0h              _keysamerepeatflag
     00b1h              _keysamecounter
     00b2h              _krlsrftxtimer
     00b3h              _usertmpvalue
     00b4h              _keyonlyhuanqitimer
     00b5h              _keyonlyrlstxtimer
     00b6h              _K7paircounter
     00b7h              _keypresstimer
     00b9h              _keypairtimer
     00bbh              _keyledtimer
     00bdh              _keycount
     00beh              _keytempvalue
     00bfh              _pkeyvalue
     00c0h              _keyvalue
     00c1h              _userflag5
     00c2h              _userflag4
     00c3h              _userflag3
     00c4h              _userflag2
     00c5h              _userflag1
     00c6h              _rfmsgarry
     00c8h              _ittranscounter
     00cah              _itmosivalue
     00cbh              _rftxdataarry
     00deh              _regIndex
     00dfh              _spicount
     00e0h              _reglowvalue
     00e1h              _reghighvalue
     00e2h              _it8920reg
     00e3h              _itcounter
     00e5h              _itykaddr3
     00e6h              _itykaddr2
     00e7h              _itykaddr1
     00e8h              _itykaddr0
     00e9h              _RegL
     00eah              _RegH
     00ebh              _EE_read_addr
     00ech              _EE_write_data
     00edh              _EE_write_addr
     00eeh              ra
     00efh              rb
     00f0h              rc
     00f1h              rd
     00f2h              re
     00f3h              r100
     00f4h              r200
     00f5h              ra00
     00f6h              _builtin_holtek_udivmodqi4_isr04_2
     0136h              _BS84C12C_LIBV413_INITIAL
     0136h              _LIBRARY_RESET
     0180h              _KEY_STATUS
     01a4h              _KEY_REF
     01c1h              _CHECK_KEY_WAKEUP
     053eh              _GET_LIB_VER
     0543h              _GET_KEY_AMOUNT
     0545h              _GET_KEY_BITMAP
     00a9h[0]           _FORCE_CALIBRATEF
     00a9h[1]           _TKS_ACTIVEF
     054ah              _GET_RCC_VALUE
     00a9h[2]           _SCAN_CYCLEF
     00a9h[3]           _ANY_KEY_PRESSF
     00a9h[4]           _TKS_63MSF
     054dh              _GET_ENV_VALUE
     00a9h[5]           _TKS_250MSF
     00a9h[6]           _TKS_500MSF
     0550h              _GET_REF_VALUE
     0565h              _it8920realdyrxdata
     0566h              _it8920compttx
     0568h              _it8920sleepdata
     0569h              _it8920realdytxdata
     056ch              _it8920rftstarry
     0574h              _it8920regarry
     05b7h              _INTERRUPTTIMER0
     05ech              _USER_PROGRAM_INITIAL
     067eh              _USER_PROGRAM
     0bc9h              _SPI_WriteReg
     0c07h              _SPI_WriteFifo
     0c5bh              _LT8900_Reset
     0c74h              _LT8900Reg_Init
     0cb9h              _It8920_Idle
     0cbfh              _LT8900rf_test
     0d04h              _It8920_EnterRx
     0d0bh              _It892_EnterTx
     0d13h              _LT8900_txdata
     0d1dh              _It8920_filldata
     0d61h              _It8920_encryptdata
     0daah              _It8920_Sleep
     0dddh              _eeprom_Write
     0df2h              _eeprom_Read
     0e06h              _Crom2PromNext
     0e07h              _Crom2Prom
     0e18h              _builtin_holtek_udivmodqi4_isr04


ROM Usage Statistics
     Size      Used     Percentage
     1000h     0e2bh    88%

RAM Usage Statistics
    Bank      Size      Used     Percentage
     00h       0080h     007ch    96%
     01h       0080h     0054h    65%
     02h       0080h     0030h    37%
     03h       0080h     0014h    15%
     Total     0200h     0114h    53%

Use Stack Count
_INTERRUPTTIMER0: 1
_USER_PROGRAM_INITIAL: 2
_USER_PROGRAM: 2
_It8920_EnterRx: 1
_It8920_encryptdata: 1

Call Tree
    @dummy32
        _INTERRUPTTIMER0 (0)
            _builtin_holtek_divmodqi4_isr04 (1)
    _USER_PROGRAM_INITIAL
        _LT8900_Reset (0)
        _InitLed (0)
        _LT8900Reg_Init (0)
            _Crom2Prom (1)
            _SPI_WriteReg (1)
        _LT8900rf_test (0)
            _Crom2Prom (1)
            _SPI_WriteReg (1)
        _It8920_Idle (0)
            _SPI_WriteReg (1)
    _USER_PROGRAM
        _It8920_Sleep (0)
            _Crom2Prom (1)
            _SPI_WriteReg (1)
        _clrflagledtimer (0)
        _LT8900_Reset (0)
        _LT8900Reg_Init (0)
            _Crom2Prom (1)
            _SPI_WriteReg (1)
        _InitLed (0)
        _It8920_Idle (0)
            _SPI_WriteReg (1)
        _It8920_ResetFifo (0)
            _SPI_WriteReg (1)
        _It8920_filldata (0)
            _eeprom_Read (1)
        _SPI_WriteFifo (0)
            _Crom2Prom (1)
        _It892_EnterTx (0)
            _SPI_WriteReg (1)
        _LT8900_txdata (0)
    _It8920_EnterRx
        _SPI_WriteReg (0)
    _It8920_encryptdata
        _Crom2Prom (0)

HLINK : 程序的开始执行点在程序段'PROGRAM_ENTRY'（地址0）。定义在'E:\jim\project\A2021\RF392\copy from pc\RF392A003_V01\OUTPUT\MAIN_PROGRAM_V103.OBJ' 文件中

错误总数 : 0  警告总数 : 0
